Component: ARM Compiler 5.06 update 7 (build 960) Tool: armlink [4d3601]

==============================================================================

Section Cross References

    startup_stm32f10x_md.o(STACK) refers (Special) to heapauxi.o(.text) for __use_two_region_memory
    startup_stm32f10x_md.o(HEAP) refers (Special) to heapauxi.o(.text) for __use_two_region_memory
    startup_stm32f10x_md.o(RESET) refers (Special) to heapauxi.o(.text) for __use_two_region_memory
    startup_stm32f10x_md.o(RESET) refers to startup_stm32f10x_md.o(STACK) for __initial_sp
    startup_stm32f10x_md.o(RESET) refers to startup_stm32f10x_md.o(.text) for Reset_Handler
    startup_stm32f10x_md.o(RESET) refers to stm32f10x_it.o(i.NMI_Handler) for NMI_Handler
    startup_stm32f10x_md.o(RESET) refers to stm32f10x_it.o(i.HardFault_Handler) for HardFault_Handler
    startup_stm32f10x_md.o(RESET) refers to stm32f10x_it.o(i.MemManage_Handler) for MemManage_Handler
    startup_stm32f10x_md.o(RESET) refers to stm32f10x_it.o(i.BusFault_Handler) for BusFault_Handler
    startup_stm32f10x_md.o(RESET) refers to stm32f10x_it.o(i.UsageFault_Handler) for UsageFault_Handler
    startup_stm32f10x_md.o(RESET) refers to port.o(.emb_text) for SVC_Handler
    startup_stm32f10x_md.o(RESET) refers to stm32f10x_it.o(i.DebugMon_Handler) for DebugMon_Handler
    startup_stm32f10x_md.o(RESET) refers to port.o(i.SysTick_Handler) for SysTick_Handler
    startup_stm32f10x_md.o(RESET) refers to uart1.o(i.USART1_IRQHandler) for USART1_IRQHandler
    startup_stm32f10x_md.o(RESET) refers to uart1.o(i.USART2_IRQHandler) for USART2_IRQHandler
    startup_stm32f10x_md.o(RESET) refers to uart1.o(i.USART3_IRQHandler) for USART3_IRQHandler
    startup_stm32f10x_md.o(.text) refers (Special) to heapauxi.o(.text) for __use_two_region_memory
    startup_stm32f10x_md.o(.text) refers to system_stm32f10x.o(i.SystemInit) for SystemInit
    startup_stm32f10x_md.o(.text) refers to __main.o(!!!main) for __main
    startup_stm32f10x_md.o(.text) refers to startup_stm32f10x_md.o(HEAP) for Heap_Mem
    startup_stm32f10x_md.o(.text) refers to startup_stm32f10x_md.o(STACK) for Stack_Mem
    system_stm32f10x.o(i.SetSysClock) refers to system_stm32f10x.o(i.SetSysClockTo72) for SetSysClockTo72
    system_stm32f10x.o(i.SystemCoreClockUpdate) refers to system_stm32f10x.o(.data) for SystemCoreClock
    system_stm32f10x.o(i.SystemInit) refers to system_stm32f10x.o(i.SetSysClock) for SetSysClock
    stm32f10x_adc.o(i.ADC_DeInit) refers to stm32f10x_rcc.o(i.RCC_APB2PeriphResetCmd) for RCC_APB2PeriphResetCmd
    stm32f10x_bkp.o(i.BKP_DeInit) refers to stm32f10x_rcc.o(i.RCC_BackupResetCmd) for RCC_BackupResetCmd
    stm32f10x_can.o(i.CAN_DeInit) refers to stm32f10x_rcc.o(i.RCC_APB1PeriphResetCmd) for RCC_APB1PeriphResetCmd
    stm32f10x_can.o(i.CAN_GetITStatus) refers to stm32f10x_can.o(i.CheckITStatus) for CheckITStatus
    stm32f10x_cec.o(i.CEC_DeInit) refers to stm32f10x_rcc.o(i.RCC_APB1PeriphResetCmd) for RCC_APB1PeriphResetCmd
    stm32f10x_dac.o(i.DAC_DeInit) refers to stm32f10x_rcc.o(i.RCC_APB1PeriphResetCmd) for RCC_APB1PeriphResetCmd
    stm32f10x_flash.o(i.FLASH_EnableWriteProtection) refers to stm32f10x_flash.o(i.FLASH_WaitForLastOperation) for FLASH_WaitForLastOperation
    stm32f10x_flash.o(i.FLASH_EraseAllBank1Pages) refers to stm32f10x_flash.o(i.FLASH_WaitForLastBank1Operation) for FLASH_WaitForLastBank1Operation
    stm32f10x_flash.o(i.FLASH_EraseAllPages) refers to stm32f10x_flash.o(i.FLASH_WaitForLastOperation) for FLASH_WaitForLastOperation
    stm32f10x_flash.o(i.FLASH_EraseOptionBytes) refers to stm32f10x_flash.o(i.FLASH_GetReadOutProtectionStatus) for FLASH_GetReadOutProtectionStatus
    stm32f10x_flash.o(i.FLASH_EraseOptionBytes) refers to stm32f10x_flash.o(i.FLASH_WaitForLastOperation) for FLASH_WaitForLastOperation
    stm32f10x_flash.o(i.FLASH_ErasePage) refers to stm32f10x_flash.o(i.FLASH_WaitForLastOperation) for FLASH_WaitForLastOperation
    stm32f10x_flash.o(i.FLASH_ProgramHalfWord) refers to stm32f10x_flash.o(i.FLASH_WaitForLastOperation) for FLASH_WaitForLastOperation
    stm32f10x_flash.o(i.FLASH_ProgramOptionByteData) refers to stm32f10x_flash.o(i.FLASH_WaitForLastOperation) for FLASH_WaitForLastOperation
    stm32f10x_flash.o(i.FLASH_ProgramWord) refers to stm32f10x_flash.o(i.FLASH_WaitForLastOperation) for FLASH_WaitForLastOperation
    stm32f10x_flash.o(i.FLASH_ReadOutProtection) refers to stm32f10x_flash.o(i.FLASH_WaitForLastOperation) for FLASH_WaitForLastOperation
    stm32f10x_flash.o(i.FLASH_UserOptionByteConfig) refers to stm32f10x_flash.o(i.FLASH_WaitForLastOperation) for FLASH_WaitForLastOperation
    stm32f10x_flash.o(i.FLASH_WaitForLastBank1Operation) refers to stm32f10x_flash.o(i.FLASH_GetBank1Status) for FLASH_GetBank1Status
    stm32f10x_flash.o(i.FLASH_WaitForLastOperation) refers to stm32f10x_flash.o(i.FLASH_GetBank1Status) for FLASH_GetBank1Status
[...]
    CL$$btod_ediv                            0x08001abe   Section       42  btod.o(CL$$btod_ediv)
    CL$$btod_emul                            0x08001ae8   Section       42  btod.o(CL$$btod_emul)
    CL$$btod_mult_common                     0x08001b12   Section      580  btod.o(CL$$btod_mult_common)
    i.BusFault_Handler                       0x08001d56   Section        0  stm32f10x_it.o(i.BusFault_Handler)
    i.DebugMon_Handler                       0x08001d5a   Section        0  stm32f10x_it.o(i.DebugMon_Handler)
    i.GPIO_Init                              0x08001d5c   Section        0  stm32f10x_gpio.o(i.GPIO_Init)
    i.HardFault_Handler                      0x08001e72   Section        0  stm32f10x_it.o(i.HardFault_Handler)
    i.MemManage_Handler                      0x08001e76   Section        0  stm32f10x_it.o(i.MemManage_Handler)
    i.NMI_Handler                            0x08001e7a   Section        0  stm32f10x_it.o(i.NMI_Handler)
    i.NVIC_Init                              0x08001e7c   Section        0  misc.o(i.NVIC_Init)
    i.NVIC_Init1                             0x08001eec   Section        0  uart1.o(i.NVIC_Init1)
    i.NVIC_Init2                             0x08001f44   Section        0  uart1.o(i.NVIC_Init2)
    i.NVIC_Init3                             0x08001f9c   Section        0  uart1.o(i.NVIC_Init3)
    i.RCC_APB1PeriphClockCmd                 0x08001ff4   Section        0  stm32f10x_rcc.o(i.RCC_APB1PeriphClockCmd)
    i.RCC_APB2PeriphClockCmd                 0x08002014   Section        0  stm32f10x_rcc.o(i.RCC_APB2PeriphClockCmd)
    i.RCC_GetClocksFreq                      0x08002034   Section        0  stm32f10x_rcc.o(i.RCC_GetClocksFreq)
    i.SetSysClock                            0x08002108   Section        0  system_stm32f10x.o(i.SetSysClock)
    SetSysClock                              0x08002109   Thumb Code     8  system_stm32f10x.o(i.SetSysClock)
    i.SetSysClockTo72                        0x08002110   Section        0  system_stm32f10x.o(i.SetSysClockTo72)
    SetSysClockTo72                          0x08002111   Thumb Code   214  system_stm32f10x.o(i.SetSysClockTo72)
    i.SysTick_Handler                        0x080021f0   Section        0  port.o(i.SysTick_Handler)
    i.SystemInit                             0x08002224   Section        0  system_stm32f10x.o(i.SystemInit)
    i.USART1_IRQHandler                      0x08002284   Section        0  uart1.o(i.USART1_IRQHandler)
    i.USART1_Init                            0x080022c4   Section        0  uart1.o(i.USART1_Init)
    i.USART1_SendByte                        0x0800234c   Section        0  uart1.o(i.USART1_SendByte)
    i.USART2_IRQHandler                      0x0800236c   Section        0  uart1.o(i.USART2_IRQHandler)
    i.USART2_Init                            0x080023ac   Section        0  uart1.o(i.USART2_Init)
    i.USART2_SendByte                        0x08002430   Section        0  uart1.o(i.USART2_SendByte)
    i.USART3_IRQHandler                      0x08002450   Section        0  uart1.o(i.USART3_IRQHandler)
    i.USART3_Init                            0x08002490   Section        0  uart1.o(i.USART3_Init)
    i.USART_ClearITPendingBit                0x08002518   Section        0  stm32f10x_usart.o(i.USART_ClearITPendingBit)
    i.USART_Cmd                              0x08002536   Section        0  stm32f10x_usart.o(i.USART_Cmd)
    i.USART_GetFlagStatus                    0x0800254e   Section        0  stm32f10x_usart.o(i.USART_GetFlagStatus)
    i.USART_GetITStatus                      0x08002568   Section        0  stm32f10x_usart.o(i.USART_GetITStatus)
    i.USART_ITConfig                         0x080025bc   Section        0  stm32f10x_usart.o(i.USART_ITConfig)
    i.USART_Init                             0x08002608   Section        0  stm32f10x_usart.o(i.USART_Init)
    i.USART_ReceiveData                      0x080026e0   Section        0  stm32f10x_usart.o(i.USART_ReceiveData)
    i.USART_SendData                         0x080026ea   Section        0  stm32f10x_usart.o(i.USART_SendData)
    i.UsageFault_Handler                     0x080026f2   Section        0  stm32f10x_it.o(i.UsageFault_Handler)
    i.__ARM_fpclassify                       0x080026f6   Section        0  fpclassify.o(i.__ARM_fpclassify)
    i._is_digit                              0x0800271e   Section        0  __printf_wp.o(i._is_digit)
    i.main                                   0x0800272c   Section        0  main.o(i.main)
    i.printf1                                0x08002800   Section        0  uart1.o(i.printf1)
    i.printf2                                0x08002840   Section        0  uart1.o(i.printf2)
    i.prvAddCurrentTaskToDelayedList         0x08002880   Section        0  tasks.o(i.prvAddCurrentTaskToDelayedList)
    prvAddCurrentTaskToDelayedList           0x08002881   Thumb Code   174  tasks.o(i.prvAddCurrentTaskToDelayedList)
    i.prvAddNewTaskToReadyList               0x0800294c   Section        0  tasks.o(i.prvAddNewTaskToReadyList)
    prvAddNewTaskToReadyList                 0x0800294d   Thumb Code   212  tasks.o(i.prvAddNewTaskToReadyList)
    i.prvCheckTasksWaitingTermination        0x08002a3c   Section        0  tasks.o(i.prvCheckTasksWaitingTermination)
    prvCheckTasksWaitingTermination          0x08002a3d   Thumb Code    60  tasks.o(i.prvCheckTasksWaitingTermination)
    i.prvCopyDataFromQueue                   0x08002a84   Section        0  queue.o(i.prvCopyDataFromQueue)
    prvCopyDataFromQueue                     0x08002a85   Thumb Code    42  queue.o(i.prvCopyDataFromQueue)
    i.prvCopyDataToQueue                     0x08002aae   Section        0  queue.o(i.prvCopyDataToQueue)
    prvCopyDataToQueue                       0x08002aaf   Thumb Code   126  queue.o(i.prvCopyDataToQueue)
    i.prvCreateIdleTasks                     0x08002b2c   Section        0  tasks.o(i.prvCreateIdleTasks)
    prvCreateIdleTasks                       0x08002b2d   Thumb Code    86  tasks.o(i.prvCreateIdleTasks)
    i.prvCreateTask                          0x08002b94   Section        0  tasks.o(i.prvCreateTask)
    prvCreateTask                            0x08002b95   Thumb Code    90  tasks.o(i.prvCreateTask)
    i.prvDeleteTCB                           0x08002bee   Section        0  tasks.o(i.prvDeleteTCB)
    prvDeleteTCB                             0x08002bef   Thumb Code    18  tasks.o(i.prvDeleteTCB)
    i.prvGetDisinheritPriorityAfterTimeout   0x08002c00   Section        0  queue.o(i.prvGetDisinheritPriorityAfterTimeout)
    prvGetDisinheritPriorityAfterTimeout     0x08002c01   Thumb Code    20  queue.o(i.prvGetDisinheritPriorityAfterTimeout)
    i.prvHeapInit                            0x08002c14   Section        0  heap_4.o(i.prvHeapInit)
    prvHeapInit                              0x08002c15   Thumb Code    88  heap_4.o(i.prvHeapInit)
    i.prvIdleTask                            0x08002c80   Section        0  tasks.o(i.prvIdleTask)
    prvIdleTask                              0x08002c81   Thumb Code    32  tasks.o(i.prvIdleTask)
    i.prvInitialiseMutex                     0x08002ca8   Section        0  queue.o(i.prvInitialiseMutex)
    prvInitialiseMutex                       0x08002ca9   Thumb Code    30  queue.o(i.prvInitialiseMutex)
    i.prvInitialiseNewQueue                  0x08002cc6   Section        0  queue.o(i.prvInitialiseNewQueue)
    prvInitialiseNewQueue                    0x08002cc7   Thumb Code    38  queue.o(i.prvInitialiseNewQueue)
    i.prvInitialiseNewTask                   0x08002cec   Section        0  tasks.o(i.prvInitialiseNewTask)
    prvInitialiseNewTask                     0x08002ced   Thumb Code   124  tasks.o(i.prvInitialiseNewTask)
    i.prvInitialiseTaskLists                 0x08002d68   Section        0  tasks.o(i.prvInitialiseTaskLists)
    prvInitialiseTaskLists                   0x08002d69   Thumb Code    70  tasks.o(i.prvInitialiseTaskLists)
    i.prvInsertBlockIntoFreeList             0x08002dd0   Section        0  heap_4.o(i.prvInsertBlockIntoFreeList)
    prvInsertBlockIntoFreeList               0x08002dd1   Thumb Code    96  heap_4.o(i.prvInsertBlockIntoFreeList)
    i.prvIsQueueEmpty                        0x08002e38   Section        0  queue.o(i.prvIsQueueEmpty)
    prvIsQueueEmpty                          0x08002e39   Thumb Code    26  queue.o(i.prvIsQueueEmpty)
    i.prvIsQueueFull                         0x08002e52   Section        0  queue.o(i.prvIsQueueFull)
    prvIsQueueFull                           0x08002e53   Thumb Code    30  queue.o(i.prvIsQueueFull)
    i.prvResetNextTaskUnblockTime            0x08002e70   Section        0  tasks.o(i.prvResetNextTaskUnblockTime)
    prvResetNextTaskUnblockTime              0x08002e71   Thumb Code    40  tasks.o(i.prvResetNextTaskUnblockTime)
    i.prvTaskExitError                       0x08002ea0   Section        0  port.o(i.prvTaskExitError)
    prvTaskExitError                         0x08002ea1   Thumb Code    22  port.o(i.prvTaskExitError)
    i.prvUnlockQueue                         0x08002eb6   Section        0  queue.o(i.prvUnlockQueue)
    prvUnlockQueue                           0x08002eb7   Thumb Code   126  queue.o(i.prvUnlockQueue)
    i.pvPortMalloc                           0x08002f34   Section        0  heap_4.o(i.pvPortMalloc)
    i.pvTaskIncrementMutexHeldCount          0x08003034   Section        0  tasks.o(i.pvTaskIncrementMutexHeldCount)
    i.pxPortInitialiseStack                  0x08003048   Section        0  port.o(i.pxPortInitialiseStack)
    i.task1                                  0x0800306c   Section        0  main.o(i.task1)
    i.task2                                  0x080031fc   Section        0  main.o(i.task2)
    i.task3                                  0x080033d0   Section        0  main.o(i.task3)
    i.uxListRemove                           0x0800346c   Section        0  list.o(i.uxListRemove)
    i.uxTaskGetNumberOfTasks                 0x08003494   Section        0  tasks.o(i.uxTaskGetNumberOfTasks)
    i.vListInitialise                        0x080034a0   Section        0  list.o(i.vListInitialise)
    i.vListInitialiseItem                    0x080034ba   Section        0  list.o(i.vListInitialiseItem)
    i.vListInsert                            0x080034c0   Section        0  list.o(i.vListInsert)
    i.vPortEnterCritical                     0x080034f4   Section        0  port.o(i.vPortEnterCritical)
    i.vPortExitCritical                      0x08003518   Section        0  port.o(i.vPortExitCritical)
    i.vPortFree                              0x08003538   Section        0  heap_4.o(i.vPortFree)
    i.vPortSetupTimerInterrupt               0x08003584   Section        0  port.o(i.vPortSetupTimerInterrupt)
    i.vTaskDelay                             0x0800359c   Section        0  tasks.o(i.vTaskDelay)
    i.vTaskInternalSetTimeOutState           0x080035d0   Section        0  tasks.o(i.vTaskInternalSetTimeOutState)
    i.vTaskMissedYield                       0x080035e8   Section        0  tasks.o(i.vTaskMissedYield)
    i.vTaskPlaceOnEventList                  0x080035f4   Section        0  tasks.o(i.vTaskPlaceOnEventList)
    i.vTaskPriorityDisinheritAfterTimeout    0x08003614   Section        0  tasks.o(i.vTaskPriorityDisinheritAfterTimeout)
    i.vTaskStartScheduler                    0x080036f0   Section        0  tasks.o(i.vTaskStartScheduler)
    i.vTaskSuspendAll                        0x0800373c   Section        0  tasks.o(i.vTaskSuspendAll)
    i.vTaskSwitchContext                     0x0800374c   Section        0  tasks.o(i.vTaskSwitchContext)
    i.xPortStartScheduler                    0x080037b4   Section        0  port.o(i.xPortStartScheduler)
    i.xQueueCreateMutex                      0x080037e8   Section        0  queue.o(i.xQueueCreateMutex)
    i.xQueueGenericCreate                    0x0800380a   Section        0  queue.o(i.xQueueGenericCreate)
    i.xQueueGenericReset                     0x08003858   Section        0  queue.o(i.xQueueGenericReset)
    i.xQueueGenericSend                      0x080038f8   Section        0  queue.o(i.xQueueGenericSend)
    i.xQueueGenericSendFromISR               0x08003a10   Section        0  queue.o(i.xQueueGenericSendFromISR)
    i.xQueueReceive                          0x08003aac   Section        0  queue.o(i.xQueueReceive)
    i.xQueueSemaphoreTake                    0x08003bb0   Section        0  queue.o(i.xQueueSemaphoreTake)
    i.xTaskCheckForTimeOut                   0x08003ce0   Section        0  tasks.o(i.xTaskCheckForTimeOut)
    i.xTaskCreate                            0x08003d40   Section        0  tasks.o(i.xTaskCreate)
    i.xTaskGenericNotify                     0x08003d78   Section        0  tasks.o(i.xTaskGenericNotify)
    i.xTaskGenericNotifyWait                 0x08003ed4   Section        0  tasks.o(i.xTaskGenericNotifyWait)
    i.xTaskIncrementTick                     0x08003fa4   Section        0  tasks.o(i.xTaskIncrementTick)
    i.xTaskPriorityDisinherit                0x08004144   Section        0  tasks.o(i.xTaskPriorityDisinherit)
    i.xTaskPriorityInherit                   0x080041f8   Section        0  tasks.o(i.xTaskPriorityInherit)
    i.xTaskRemoveFromEventList               0x080042ec   Section        0  tasks.o(i.xTaskRemoveFromEventList)
    i.xTaskResumeAll                         0x08004404   Section        0  tasks.o(i.xTaskResumeAll)
    locale$$code                             0x08004580   Section       44  lc_numeric_c.o(locale$$code)
    locale$$code                             0x080045ac   Section       44  lc_ctype_c.o(locale$$code)
    x$fpl$printf1                            0x080045d8   Section        4  printf1.o(x$fpl$printf1)
    x$fpl$printf2                            0x080045dc   Section        4  printf2.o(x$fpl$printf2)
    .constdata                               0x080045e0   Section        8  _printf_wctomb.o(.constdata)
    x$fpl$usenofp                            0x080045e0   Section        0  usenofp.o(x$fpl$usenofp)
    initial_mbstate                          0x080045e0   Data           8  _printf_wctomb.o(.constdata)
    .constdata                               0x080045e8   Section       40  _printf_hex_int_ll_ptr.o(.constdata)
    uc_hextab                                0x080045e8   Data          20  _printf_hex_int_ll_ptr.o(.constdata)
    lc_hextab                                0x080045fc   Data          20  _printf_hex_int_ll_ptr.o(.constdata)
    .constdata                               0x08004610   Section       17  __printf_flags_ss_wp.o(.constdata)
    maptable                                 0x08004610   Data          17  __printf_flags_ss_wp.o(.constdata)
    .constdata                               0x08004621   Section       38  _printf_fp_hex.o(.constdata)
    lc_hextab                                0x08004621   Data          19  _printf_fp_hex.o(.constdata)
    uc_hextab                                0x08004634   Data          19  _printf_fp_hex.o(.constdata)
    .constdata                               0x08004648   Section      148  bigflt0.o(.constdata)
    tenpwrs_x                                0x08004648   Data          60  bigflt0.o(.constdata)
    tenpwrs_i                                0x08004684   Data          64  bigflt0.o(.constdata)
    locale$$data                             0x080046fc   Section       28  lc_numeric_c.o(locale$$data)
    __lcnum_c_name                           0x08004700   Data           2  lc_numeric_c.o(locale$$data)
    __lcnum_c_start                          0x08004708   Data           0  lc_numeric_c.o(locale$$data)
    __lcnum_c_point                          0x08004714   Data           0  lc_numeric_c.o(locale$$data)
    __lcnum_c_thousands                      0x08004716   Data           0  lc_numeric_c.o(locale$$data)
    __lcnum_c_grouping                       0x08004717   Data           0  lc_numeric_c.o(locale$$data)
    locale$$data                             0x08004718   Section      272  lc_ctype_c.o(locale$$data)
    __lcnum_c_end                            0x08004718   Data           0  lc_numeric_c.o(locale$$data)
    __lcctype_c_name                         0x0800471c   Data           2  lc_ctype_c.o(locale$$data)
    __lcctype_c_start                        0x08004724   Data           0  lc_ctype_c.o(locale$$data)
    __lcctype_c_end                          0x08004828   Data           0  lc_ctype_c.o(locale$$data)
    .data                                    0x20000000   Section       20  stm32f10x_rcc.o(.data)
    APBAHBPrescTable                         0x20000000   Data          16  stm32f10x_rcc.o(.data)
    ADCPrescTable                            0x20000010   Data           4  stm32f10x_rcc.o(.data)
    .data                                    0x20000014   Section       28  heap_4.o(.data)
    xStart                                   0x20000014   Data           8  heap_4.o(.data)
    pxEnd                                    0x2000001c   Data           4  heap_4.o(.data)
    xFreeBytesRemaining                      0x20000020   Data           4  heap_4.o(.data)
    xMinimumEverFreeBytesRemaining           0x20000024   Data           4  heap_4.o(.data)
    xNumberOfSuccessfulAllocations           0x20000028   Data           4  heap_4.o(.data)
    xNumberOfSuccessfulFrees                 0x2000002c   Data           4  heap_4.o(.data)
    .data                                    0x20000030   Section        4  port.o(.data)
    uxCriticalNesting                        0x20000030   Data           4  port.o(.data)
    .data                                    0x20000034   Section       64  tasks.o(.data)
    pxDelayedTaskList                        0x20000038   Data           4  tasks.o(.data)
    pxOverflowDelayedTaskList                0x2000003c   Data           4  tasks.o(.data)
    uxDeletedTasksWaitingCleanUp             0x20000040   Data           4  tasks.o(.data)
    uxCurrentNumberOfTasks                   0x20000044   Data           4  tasks.o(.data)
    xTickCount                               0x20000048   Data           4  tasks.o(.data)
    uxTopReadyPriority                       0x2000004c   Data           4  tasks.o(.data)
    xSchedulerRunning                        0x20000050   Data           4  tasks.o(.data)
    xPendedTicks                             0x20000054   Data           4  tasks.o(.data)
    xYieldPendings                           0x20000058   Data           4  tasks.o(.data)
    xNumOfOverflows                          0x2000005c   Data           4  tasks.o(.data)
    uxTaskNumber                             0x20000060   Data           4  tasks.o(.data)
    xNextTaskUnblockTime                     0x20000064   Data           4  tasks.o(.data)
    xIdleTaskHandles                         0x20000068   Data           4  tasks.o(.data)
    uxTopUsedPriority                        0x2000006c   Data           4  tasks.o(.data)
    uxSchedulerSuspended                     0x20000070   Data           4  tasks.o(.data)
    .data                                    0x20000074   Section       12  uart1.o(.data)
    .data                                    0x20000080   Section       16  main.o(.data)
    .data                                    0x20000090   Section        4  strtok.o(.data)
    _strtok_saves1                           0x20000090   Data           4  strtok.o(.data)
    .bss                                     0x20000094   Section    17408  heap_4.o(.bss)
    ucHeap                                   0x20000094   Data       17408  heap_4.o(.bss)
    .bss                                     0x20004494   Section      200  tasks.o(.bss)
    pxReadyTasksLists                        0x20004494   Data         100  tasks.o(.bss)
    xDelayedTaskList1                        0x200044f8   Data          20  tasks.o(.bss)
    xDelayedTaskList2                        0x2000450c   Data          20  tasks.o(.bss)
    xPendingReadyList                        0x20004520   Data          20  tasks.o(.bss)
    xTasksWaitingTermination                 0x20004534   Data          20  tasks.o(.bss)
    xSuspendedTaskList                       0x20004548   Data          20  tasks.o(.bss)
    .bss                                     0x2000455c   Section      240  main.o(.bss)
    .bss                                     0x2000464c   Section       96  libspace.o(.bss)
    HEAP                                     0x200046b0   Section      512  startup_stm32f10x_md.o(HEAP)
    Heap_Mem                                 0x200046b0   Data         512  startup_stm32f10x_md.o(HEAP)
    STACK                                    0x200048b0   Section     1024  startup_stm32f10x_md.o(STACK)
    Stack_Mem                                0x200048b0   Data        1024  startup_stm32f10x_md.o(STACK)
    __initial_sp                             0x20004cb0   Data           0  startup_stm32f10x_md.o(STACK)

    Global Symbols

    Symbol Name                              Value     Ov Type        Size  Object(Section)

    BuildAttributes$$THM_ISAv4$P$D$K$B$S$PE$A:L22UL41UL21$X:L11$S22US41US21$IEEE1$IW$USESV6$~STKCKD$USESV7$~SHL$OTIME$ROPI$IEEEJ$EBA8$UX$STANDARDLIB$REQ8$PRES8$EABIv2 0x00000000   Number         0  anon$$obj.o ABSOLUTE
    __ARM_use_no_argv                        0x00000000   Number         0  main.o ABSOLUTE
    _printf_flags                            0x00000000   Number         0  printf_stubs.o ABSOLUTE
    _printf_return_value                     0x00000000   Number         0  printf_stubs.o ABSOLUTE
    _printf_sizespec                         0x00000000   Number         0  printf_stubs.o ABSOLUTE
    _printf_widthprec                        0x00000000   Number         0  printf_stubs.o ABSOLUTE
    __ARM_exceptions_init                     - Undefined Weak Reference
    __alloca_initialize                       - Undefined Weak Reference
    __arm_fini_                               - Undefined Weak Reference
    __arm_preinit_                            - Undefined Weak Reference
    __cpp_initialize__aeabi_                  - Undefined Weak Reference
    __cxa_finalize                            - Undefined Weak Reference
    __sigvec_lookup                           - Undefined Weak Reference
    _atexit_init                              - Undefined Weak Reference
    _call_atexit_fns                          - Undefined Weak Reference
    _clock_init                               - Undefined Weak Reference
    _fp_trap_init                             - Undefined Weak Reference
    _fp_trap_shutdown                         - Undefined Weak Reference
    _get_lc_collate                           - Undefined Weak Reference
    _get_lc_monetary                          - Undefined Weak Reference
    _get_lc_time                              - Undefined Weak Reference
    _getenv_init                              - Undefined Weak Reference
    _handle_redirection                       - Undefined Weak Reference
    _init_alloc                               - Undefined Weak Reference
    _init_user_alloc                          - Undefined Weak Reference
    _initio                                   - Undefined Weak Reference
    _printf_mbtowc                            - Undefined Weak Reference
    _printf_wc                                - Undefined Weak Reference
    _rand_init                                - Undefined Weak Reference
    _signal_finish                            - Undefined Weak Reference
    _signal_init                              - Undefined Weak Reference
    _terminate_alloc                          - Undefined Weak Reference
    _terminate_user_alloc                     - Undefined Weak Reference
    _terminateio                              - Undefined Weak Reference
    __Vectors_Size                           0x000000ec   Number         0  startup_stm32f10x_md.o ABSOLUTE
    __Vectors                                0x08000000   Data           4  startup_stm32f10x_md.o(RESET)
    __Vectors_End                            0x080000ec   Data           0  startup_stm32f10x_md.o(RESET)
    __main                                   0x080000ed   Thumb Code     8  __main.o(!!!main)
    __scatterload                            0x080000f5   Thumb Code     0  __scatter.o(!!!scatter)
    __scatterload_rt2                        0x080000f5   Thumb Code    44  __scatter.o(!!!scatter)
    __scatterload_rt2_thumb_only             0x080000f5   Thumb Code     0  __scatter.o(!!!scatter)
    __scatterload_null                       0x08000103   Thumb Code     0  __scatter.o(!!!scatter)
    __scatterload_copy                       0x08000129   Thumb Code    26  __scatter_copy.o(!!handler_copy)
    __scatterload_zeroinit                   0x08000145   Thumb Code    28  __scatter_zi.o(!!handler_zi)
    _printf_n                                0x08000161   Thumb Code     0  _printf_n.o(.ARM.Collect$$_printf_percent$$00000001)
    _printf_percent                          0x08000161   Thumb Code     0  _printf_percent.o(.ARM.Collect$$_printf_percent$$00000000)
    _printf_p                                0x08000167   Thumb Code     0  _printf_p.o(.ARM.Collect$$_printf_percent$$00000002)
    _printf_f                                0x0800016d   Thumb Code     0  _printf_f.o(.ARM.Collect$$_printf_percent$$00000003)
    _printf_e                                0x08000173   Thumb Code     0  _printf_e.o(.ARM.Collect$$_printf_percent$$00000004)
    _printf_g                                0x08000179   Thumb Code     0  _printf_g.o(.ARM.Collect$$_printf_percent$$00000005)
    _printf_a                                0x0800017f   Thumb Code     0  _printf_a.o(.ARM.Collect$$_printf_percent$$00000006)
    _printf_ll                               0x08000185   Thumb Code     0  _printf_ll.o(.ARM.Collect$$_printf_percent$$00000007)
    _printf_i                                0x0800018f   Thumb Code     0  _printf_i.o(.ARM.Collect$$_printf_percent$$00000008)
    _printf_d                                0x08000195   Thumb Code     0  _printf_d.o(.ARM.Collect$$_printf_percent$$00000009)
    _printf_u                                0x0800019b   Thumb Code     0  _printf_u.o(.ARM.Collect$$_printf_percent$$0000000A)
    _printf_o                                0x080001a1   Thumb Code     0  _printf_o.o(.ARM.Collect$$_printf_percent$$0000000B)
    _printf_x                                0x080001a7   Thumb Code     0  _printf_x.o(.ARM.Collect$$_printf_percent$$0000000C)
    _printf_lli                              0x080001ad   Thumb Code     0  _printf_lli.o(.ARM.Collect$$_printf_percent$$0000000D)
    _printf_lld                              0x080001b3   Thumb Code     0  _printf_lld.o(.ARM.Collect$$_printf_percent$$0000000E)
    _printf_llu                              0x080001b9   Thumb Code     0  _printf_llu.o(.ARM.Collect$$_printf_percent$$0000000F)
    _printf_llo                              0x080001bf   Thumb Code     0  _printf_llo.o(.ARM.Collect$$_printf_percent$$00000010)
    _printf_llx                              0x080001c5   Thumb Code     0  _printf_llx.o(.ARM.Collect$$_printf_percent$$00000011)
    _printf_l                                0x080001cb   Thumb Code     0  _printf_l.o(.ARM.Collect$$_printf_percent$$00000012)
    _printf_c                                0x080001d5   Thumb Code     0  _printf_c.o(.ARM.Collect$$_printf_percent$$00000013)
    _printf_s                                0x080001db   Thumb Code     0  _printf_s.o(.ARM.Collect$$_printf_percent$$00000014)
    _printf_lc                               0x080001e1   Thumb Code     0  _printf_lc.o(.ARM.Collect$$_printf_percent$$00000015)
    _printf_ls                               0x080001e7   Thumb Code     0  _printf_ls.o(.ARM.Collect$$_printf_percent$$00000016)
    _printf_percent_end                      0x080001ed   Thumb Code     0  _printf_percent_end.o(.ARM.Collect$$_printf_percent$$00000017)
    __rt_lib_init                            0x080001f1   Thumb Code     0  libinit.o(.ARM.Collect$$libinit$$00000000)
    __rt_lib_init_fp_1                       0x080001f3   Thumb Code     0  libinit2.o(.ARM.Collect$$libinit$$00000002)
    __rt_lib_init_heap_1                     0x080001f3   Thumb Code     0  libinit2.o(.ARM.Collect$$libinit$$0000000A)
    __rt_lib_init_lc_common                  0x080001f3   Thumb Code     0  libinit2.o(.ARM.Collect$$libinit$$0000000F)
    __rt_lib_init_preinit_1                  0x080001f3   Thumb Code     0  libinit2.o(.ARM.Collect$$libinit$$00000004)
    __rt_lib_init_rand_1                     0x080001f3   Thumb Code     0  libinit2.o(.ARM.Collect$$libinit$$0000000E)
    __rt_lib_init_user_alloc_1               0x080001f3   Thumb Code     0  libinit2.o(.ARM.Collect$$libinit$$0000000C)
    __rt_lib_init_lc_collate_1               0x080001f9   Thumb Code     0  libinit2.o(.ARM.Collect$$libinit$$00000011)
    __rt_lib_init_lc_ctype_2                 0x080001f9   Thumb Code     0  libinit2.o(.ARM.Collect$$libinit$$00000012)
    __rt_lib_init_lc_ctype_1                 0x08000205   Thumb Code     0  libinit2.o(.ARM.Collect$$libinit$$00000013)
    __rt_lib_init_lc_monetary_1              0x08000205   Thumb Code     0  libinit2.o(.ARM.Collect$$libinit$$00000015)
    __rt_lib_init_lc_numeric_2               0x08000205   Thumb Code     0  libinit2.o(.ARM.Collect$$libinit$$00000016)
    __rt_lib_init_alloca_1                   0x0800020f   Thumb Code     0  libinit2.o(.ARM.Collect$$libinit$$0000002E)
    __rt_lib_init_argv_1                     0x0800020f   Thumb Code     0  libinit2.o(.ARM.Collect$$libinit$$0000002C)
    __rt_lib_init_atexit_1                   0x0800020f   Thumb Code     0  libinit2.o(.ARM.Collect$$libinit$$0000001B)
    __rt_lib_init_clock_1                    0x0800020f   Thumb Code     0  libinit2.o(.ARM.Collect$$libinit$$00000021)
    __rt_lib_init_cpp_1                      0x0800020f   Thumb Code     0  libinit2.o(.ARM.Collect$$libinit$$00000032)
    __rt_lib_init_exceptions_1               0x0800020f   Thumb Code     0  libinit2.o(.ARM.Collect$$libinit$$00000030)
    __rt_lib_init_fp_trap_1                  0x0800020f   Thumb Code     0  libinit2.o(.ARM.Collect$$libinit$$0000001F)
    __rt_lib_init_getenv_1                   0x0800020f   Thumb Code     0  libinit2.o(.ARM.Collect$$libinit$$00000023)
    __rt_lib_init_lc_numeric_1               0x0800020f   Thumb Code     0  libinit2.o(.ARM.Collect$$libinit$$00000017)
    __rt_lib_init_lc_time_1                  0x0800020f   Thumb Code     0  libinit2.o(.ARM.Collect$$libinit$$00000019)
    __rt_lib_init_return                     0x0800020f   Thumb Code     0  libinit2.o(.ARM.Collect$$libinit$$00000033)
    __rt_lib_init_signal_1                   0x0800020f   Thumb Code     0  libinit2.o(.ARM.Collect$$libinit$$0000001D)
    __rt_lib_init_stdio_1                    0x0800020f   Thumb Code     0  libinit2.o(.ARM.Collect$$libinit$$00000025)
    __rt_lib_shutdown                        0x08000211   Thumb Code     0  libshutdown.o(.ARM.Collect$$libshutdown$$00000000)
    __rt_lib_shutdown_cpp_1                  0x08000213   Thumb Code     0  libshutdown2.o(.ARM.Collect$$libshutdown$$00000004)
    __rt_lib_shutdown_fini_1                 0x08000213   Thumb Code     0  libshutdown2.o(.ARM.Collect$$libshutdown$$00000002)
    __rt_lib_shutdown_fp_trap_1              0x08000213   Thumb Code     0  libshutdown2.o(.ARM.Collect$$libshutdown$$00000009)
    __rt_lib_shutdown_heap_1                 0x08000213   Thumb Code     0  libshutdown2.o(.ARM.Collect$$libshutdown$$00000011)
    __rt_lib_shutdown_return                 0x08000213   Thumb Code     0  libshutdown2.o(.ARM.Collect$$libshutdown$$00000012)
    __rt_lib_shutdown_signal_1               0x08000213   Thumb Code     0  libshutdown2.o(.ARM.Collect$$libshutdown$$0000000C)
    __rt_lib_shutdown_stdio_1                0x08000213   Thumb Code     0  libshutdown2.o(.ARM.Collect$$libshutdown$$00000006)
    __rt_lib_shutdown_user_alloc_1           0x08000213   Thumb Code     0  libshutdown2.o(.ARM.Collect$$libshutdown$$0000000E)
    __rt_entry                               0x08000215   Thumb Code     0  __rtentry.o(.ARM.Collect$$rtentry$$00000000)
    __rt_entry_presh_1                       0x08000215   Thumb Code     0  __rtentry2.o(.ARM.Collect$$rtentry$$00000002)
    __rt_entry_sh                            0x08000215   Thumb Code     0  __rtentry4.o(.ARM.Collect$$rtentry$$00000004)
    __rt_entry_li                            0x0800021b   Thumb Code     0  __rtentry2.o(.ARM.Collect$$rtentry$$0000000A)
    __rt_entry_postsh_1                      0x0800021b   Thumb Code     0  __rtentry2.o(.ARM.Collect$$rtentry$$00000009)
    __rt_entry_main                          0x0800021f   Thumb Code     0  __rtentry2.o(.ARM.Collect$$rtentry$$0000000D)
    __rt_entry_postli_1                      0x0800021f   Thumb Code     0  __rtentry2.o(.ARM.Collect$$rtentry$$0000000C)
    __rt_exit                                0x08000227   Thumb Code     0  rtexit.o(.ARM.Collect$$rtexit$$00000000)
    __rt_exit_ls                             0x08000229   Thumb Code     0  rtexit2.o(.ARM.Collect$$rtexit$$00000003)
    __rt_exit_prels_1                        0x08000229   Thumb Code     0  rtexit2.o(.ARM.Collect$$rtexit$$00000002)
    __rt_exit_exit                           0x0800022d   Thumb Code     0  rtexit2.o(.ARM.Collect$$rtexit$$00000004)
    SVC_Handler                              0x08000235   Thumb Code    32  port.o(.emb_text)
    __asm___6_port_c_39a90d8d__prvStartFirstTask 0x08000259   Thumb Code    28  port.o(.emb_text)
    PendSV_Handler                           0x08000279   Thumb Code    72  port.o(.emb_text)
    vPortGetIPSR                             0x080002c5   Thumb Code     6  port.o(.emb_text)
    Reset_Handler                            0x080002cd   Thumb Code     8  startup_stm32f10x_md.o(.text)
    ADC1_2_IRQHandler                        0x080002e7   Thumb Code     0  startup_stm32f10x_md.o(.text)
    CAN1_RX1_IRQHandler                      0x080002e7   Thumb Code     0  startup_stm32f10x_md.o(.text)
    CAN1_SCE_IRQHandler                      0x080002e7   Thumb Code     0  startup_stm32f10x_md.o(.text)
    DMA1_Channel1_IRQHandler                 0x080002e7   Thumb Code     0  startup_stm32f10x_md.o(.text)
    DMA1_Channel2_IRQHandler                 0x080002e7   Thumb Code     0  startup_stm32f10x_md.o(.text)
    DMA1_Channel3_IRQHandler                 0x080002e7   Thumb Code     0  startup_stm32f10x_md.o(.text)
    DMA1_Channel4_IRQHandler                 0x080002e7   Thumb Code     0  startup_stm32f10x_md.o(.text)
    DMA1_Channel5_IRQHandler                 0x080002e7   Thumb Code     0  startup_stm32f10x_md.o(.text)
    DMA1_Channel6_IRQHandler                 0x080002e7   Thumb Code     0  startup_stm32f10x_md.o(.text)
    DMA1_Channel7_IRQHandler                 0x080002e7   Thumb Code     0  startup_stm32f10x_md.o(.text)
    EXTI0_IRQHandler                         0x080002e7   Thumb Code     0  startup_stm32f10x_md.o(.text)
    EXTI15_10_IRQHandler                     0x080002e7   Thumb Code     0  startup_stm32f10x_md.o(.text)
    EXTI1_IRQHandler                         0x080002e7   Thumb Code     0  startup_stm32f10x_md.o(.text)
    EXTI2_IRQHandler                         0x080002e7   Thumb Code     0  startup_stm32f10x_md.o(.text)
    EXTI3_IRQHandler                         0x080002e7   Thumb Code     0  startup_stm32f10x_md.o(.text)
    EXTI4_IRQHandler                         0x080002e7   Thumb Code     0  startup_stm32f10x_md.o(.text)
    EXTI9_5_IRQHandler                       0x080002e7   Thumb Code     0  startup_stm32f10x_md.o(.text)
    FLASH_IRQHandler                         0x080002e7   Thumb Code     0  startup_stm32f10x_md.o(.text)
    I2C1_ER_IRQHandler                       0x080002e7   Thumb Code     0  startup_stm32f10x_md.o(.text)
    I2C1_EV_IRQHandler                       0x080002e7   Thumb Code     0  startup_stm32f10x_md.o(.text)
    I2C2_ER_IRQHandler                       0x080002e7   Thumb Code     0  startup_stm32f10x_md.o(.text)
    I2C2_EV_IRQHandler                       0x080002e7   Thumb Code     0  startup_stm32f10x_md.o(.text)
    PVD_IRQHandler                           0x080002e7   Thumb Code     0  startup_stm32f10x_md.o(.text)
    RCC_IRQHandler                           0x080002e7   Thumb Code     0  startup_stm32f10x_md.o(.text)
    RTCAlarm_IRQHandler                      0x080002e7   Thumb Code     0  startup_stm32f10x_md.o(.text)
    RTC_IRQHandler                           0x080002e7   Thumb Code     0  startup_stm32f10x_md.o(.text)
    SPI1_IRQHandler                          0x080002e7   Thumb Code     0  startup_stm32f10x_md.o(.text)
    SPI2_IRQHandler                          0x080002e7   Thumb Code     0  startup_stm32f10x_md.o(.text)
    TAMPER_IRQHandler                        0x080002e7   Thumb Code     0  startup_stm32f10x_md.o(.text)
    TIM1_BRK_IRQHandler                      0x080002e7   Thumb Code     0  startup_stm32f10x_md.o(.text)
    TIM1_CC_IRQHandler                       0x080002e7   Thumb Code     0  startup_stm32f10x_md.o(.text)
    TIM1_TRG_COM_IRQHandler                  0x080002e7   Thumb Code     0  startup_stm32f10x_md.o(.text)
    TIM1_UP_IRQHandler                       0x080002e7   Thumb Code     0  startup_stm32f10x_md.o(.text)
    TIM2_IRQHandler                          0x080002e7   Thumb Code     0  startup_stm32f10x_md.o(.text)
    TIM3_IRQHandler                          0x080002e7   Thumb Code     0  startup_stm32f10x_md.o(.text)
    TIM4_IRQHandler                          0x080002e7   Thumb Code     0  startup_stm32f10x_md.o(.text)
    USBWakeUp_IRQHandler                     0x080002e7   Thumb Code     0  startup_stm32f10x_md.o(.text)
    USB_HP_CAN1_TX_IRQHandler                0x080002e7   Thumb Code     0  startup_stm32f10x_md.o(.text)
    USB_LP_CAN1_RX0_IRQHandler               0x080002e7   Thumb Code     0  startup_stm32f10x_md.o(.text)
    WWDG_IRQHandler                          0x080002e7   Thumb Code     0  startup_stm32f10x_md.o(.text)
    __user_initial_stackheap                 0x080002e9   Thumb Code     0  startup_stm32f10x_md.o(.text)
    vsprintf                                 0x0800030d   Thumb Code    32  vsprintf.o(.text)
    strtok                                   0x08000331   Thumb Code     6  strtok.o(.text)
    __aeabi_memcpy                           0x0800033d   Thumb Code     0  rt_memcpy_v6.o(.text)
    __rt_memcpy                              0x0800033d   Thumb Code   138  rt_memcpy_v6.o(.text)
    _memcpy_lastbytes                        0x080003a3   Thumb Code     0  rt_memcpy_v6.o(.text)
    __aeabi_memclr4                          0x080003c7   Thumb Code     0  rt_memclr_w.o(.text)
    __aeabi_memclr8                          0x080003c7   Thumb Code     0  rt_memclr_w.o(.text)
    __rt_memclr_w                            0x080003c7   Thumb Code    78  rt_memclr_w.o(.text)
    _memset_w                                0x080003cb   Thumb Code     0  rt_memclr_w.o(.text)
    __use_two_region_memory                  0x08000415   Thumb Code     2  heapauxi.o(.text)
    __rt_heap_escrow$2region                 0x08000417   Thumb Code     2  heapauxi.o(.text)
    __rt_heap_expand$2region                 0x08000419   Thumb Code     2  heapauxi.o(.text)
    _printf_pre_padding                      0x0800041b   Thumb Code    44  _printf_pad.o(.text)
    _printf_post_padding                     0x08000447   Thumb Code    34  _printf_pad.o(.text)
    _printf_truncate_signed                  0x08000469   Thumb Code    18  _printf_truncate.o(.text)
    _printf_truncate_unsigned                0x0800047b   Thumb Code    18  _printf_truncate.o(.text)
    _printf_str                              0x0800048d   Thumb Code    82  _printf_str.o(.text)
    _printf_int_dec                          0x080004e1   Thumb Code   104  _printf_dec.o(.text)
    _printf_charcount                        0x08000559   Thumb Code    40  _printf_charcount.o(.text)
    _printf_char_common                      0x0800058b   Thumb Code    32  _printf_char_common.o(.text)
    _sputc                                   0x080005b1   Thumb Code    10  _sputc.o(.text)
    _printf_wctomb                           0x080005bd   Thumb Code   182  _printf_wctomb.o(.text)
    _printf_longlong_dec                     0x08000679   Thumb Code   108  _printf_longlong_dec.o(.text)
    _printf_longlong_oct                     0x080006f5   Thumb Code    66  _printf_oct_int_ll.o(.text)
    _printf_int_oct                          0x08000737   Thumb Code    24  _printf_oct_int_ll.o(.text)
    _printf_ll_oct                           0x0800074f   Thumb Code    12  _printf_oct_int_ll.o(.text)
    _printf_longlong_hex                     0x08000765   Thumb Code    86  _printf_hex_int_ll_ptr.o(.text)
    _printf_int_hex                          0x080007bb   Thumb Code    28  _printf_hex_int_ll_ptr.o(.text)
    _printf_ll_hex                           0x080007d7   Thumb Code    12  _printf_hex_int_ll_ptr.o(.text)
    _printf_hex_ptr                          0x080007e3   Thumb Code    18  _printf_hex_int_ll_ptr.o(.text)
    __printf                                 0x080007f9   Thumb Code   388  __printf_flags_ss_wp.o(.text)
    __strtok_internal                        0x08000981   Thumb Code    64  strtok_int.o(.text)
    __aeabi_memcpy4                          0x080009c5   Thumb Code     0  rt_memcpy_w.o(.text)
    __aeabi_memcpy8                          0x080009c5   Thumb Code     0  rt_memcpy_w.o(.text)
    __rt_memcpy_w                            0x080009c5   Thumb Code   100  rt_memcpy_w.o(.text)
    _memcpy_lastbytes_aligned                0x08000a0d   Thumb Code     0  rt_memcpy_w.o(.text)
    _ll_udiv10                               0x08000a29   Thumb Code   138  lludiv10.o(.text)
    _printf_int_common                       0x08000ab3   Thumb Code   178  _printf_intcommon.o(.text)
    __lib_sel_fp_printf                      0x08000b65   Thumb Code     2  _printf_fp_dec.o(.text)
    _printf_fp_dec_real                      0x08000d17   Thumb Code   620  _printf_fp_dec.o(.text)
    _printf_fp_hex_real                      0x08000f85   Thumb Code   756  _printf_fp_hex.o(.text)
    _printf_cs_common                        0x08001281   Thumb Code    20  _printf_char.o(.text)
    _printf_char                             0x08001295   Thumb Code    16  _printf_char.o(.text)
    _printf_string                           0x080012a5   Thumb Code     8  _printf_char.o(.text)
    _printf_lcs_common                       0x080012ad   Thumb Code    20  _printf_wchar.o(.text)
    _printf_wchar                            0x080012c1   Thumb Code    16  _printf_wchar.o(.text)
    _printf_wstring                          0x080012d1   Thumb Code     8  _printf_wchar.o(.text)
    _wcrtomb                                 0x080012d9   Thumb Code    64  _wcrtomb.o(.text)
    strcspn                                  0x08001319   Thumb Code    32  strcspn.o(.text)
    strspn                                   0x08001339   Thumb Code    28  strspn.o(.text)
    __user_setup_stackheap                   0x08001355   Thumb Code    74  sys_stackheap_outer.o(.text)
    __rt_ctype_table                         0x080013a1   Thumb Code    16  rt_ctype_table.o(.text)
    __rt_locale                              0x080013b1   Thumb Code     8  rt_locale_intlibspace.o(.text)
    _printf_fp_infnan                        0x080013b9   Thumb Code   112  _printf_fp_infnan.o(.text)
    _btod_etento                             0x08001439   Thumb Code   224  bigflt0.o(.text)
    exit                                     0x0800151d   Thumb Code    18  exit.o(.text)
    __user_libspace                          0x08001531   Thumb Code     8  libspace.o(.text)
    __user_perproc_libspace                  0x08001531   Thumb Code     0  libspace.o(.text)
    __user_perthread_libspace                0x08001531   Thumb Code     0  libspace.o(.text)
    strcmp                                   0x08001539   Thumb Code   128  strcmpv7m.o(.text)
    _sys_exit                                0x080015b9   Thumb Code     8  sys_exit.o(.text)
    __I$use$semihosting                      0x080015c5   Thumb Code     0  use_no_semi.o(.text)
    __use_no_semihosting_swi                 0x080015c5   Thumb Code     2  use_no_semi.o(.text)
    __semihosting_library_function           0x080015c7   Thumb Code     0  indicate_semi.o(.text)
    _btod_d2e                                0x080015c7   Thumb Code    62  btod.o(CL$$btod_d2e)
    _d2e_denorm_low                          0x08001605   Thumb Code    70  btod.o(CL$$btod_d2e_denorm_low)
    _d2e_norm_op1                            0x0800164b   Thumb Code    96  btod.o(CL$$btod_d2e_norm_op1)
    __btod_div_common                        0x080016ab   Thumb Code   696  btod.o(CL$$btod_div_common)
    _e2e                                     0x080019e3   Thumb Code   220  btod.o(CL$$btod_e2e)
    _btod_ediv                               0x08001abf   Thumb Code    42  btod.o(CL$$btod_ediv)
    _btod_emul                               0x08001ae9   Thumb Code    42  btod.o(CL$$btod_emul)
    __btod_mult_common                       0x08001b13   Thumb Code   580  btod.o(CL$$btod_mult_common)
    BusFault_Handler                         0x08001d57   Thumb Code     4  stm32f10x_it.o(i.BusFault_Handler)
    DebugMon_Handler                         0x08001d5b   Thumb Code     2  stm32f10x_it.o(i.DebugMon_Handler)
    GPIO_Init                                0x08001d5d   Thumb Code   278  stm32f10x_gpio.o(i.GPIO_Init)
    HardFault_Handler                        0x08001e73   Thumb Code     4  stm32f10x_it.o(i.HardFault_Handler)
    MemManage_Handler                        0x08001e77   Thumb Code     4  stm32f10x_it.o(i.MemManage_Handler)
    NMI_Handler                              0x08001e7b   Thumb Code     2  stm32f10x_it.o(i.NMI_Handler)
    NVIC_Init                                0x08001e7d   Thumb Code   100  misc.o(i.NVIC_Init)
    NVIC_Init1                               0x08001eed   Thumb Code    72  uart1.o(i.NVIC_Init1)
    NVIC_Init2                               0x08001f45   Thumb Code    72  uart1.o(i.NVIC_Init2)
    NVIC_Init3                               0x08001f9d   Thumb Code    72  uart1.o(i.NVIC_Init3)
    RCC_APB1PeriphClockCmd                   0x08001ff5   Thumb Code    26  stm32f10x_rcc.o(i.RCC_APB1PeriphClockCmd)
    RCC_APB2PeriphClockCmd                   0x08002015   Thumb Code    26  stm32f10x_rcc.o(i.RCC_APB2PeriphClockCmd)
    RCC_GetClocksFreq                        0x08002035   Thumb Code   192  stm32f10x_rcc.o(i.RCC_GetClocksFreq)
    SysTick_Handler                          0x080021f1   Thumb Code    46  port.o(i.SysTick_Handler)
    SystemInit                               0x08002225   Thumb Code    78  system_stm32f10x.o(i.SystemInit)
    USART1_IRQHandler                        0x08002285   Thumb Code    56  uart1.o(i.USART1_IRQHandler)
    USART1_Init                              0x080022c5   Thumb Code   128  uart1.o(i.USART1_Init)
    USART1_SendByte                          0x0800234d   Thumb Code    28  uart1.o(i.USART1_SendByte)
    USART2_IRQHandler                        0x0800236d   Thumb Code    56  uart1.o(i.USART2_IRQHandler)
    USART2_Init                              0x080023ad   Thumb Code   124  uart1.o(i.USART2_Init)
    USART2_SendByte                          0x08002431   Thumb Code    28  uart1.o(i.USART2_SendByte)
    USART3_IRQHandler                        0x08002451   Thumb Code    56  uart1.o(i.USART3_IRQHandler)
    USART3_Init                              0x08002491   Thumb Code   128  uart1.o(i.USART3_Init)
    USART_ClearITPendingBit                  0x08002519   Thumb Code    30  stm32f10x_usart.o(i.USART_ClearITPendingBit)
    USART_Cmd                                0x08002537   Thumb Code    24  stm32f10x_usart.o(i.USART_Cmd)
    USART_GetFlagStatus                      0x0800254f   Thumb Code    26  stm32f10x_usart.o(i.USART_GetFlagStatus)
    USART_GetITStatus                        0x08002569   Thumb Code    84  stm32f10x_usart.o(i.USART_GetITStatus)
    USART_ITConfig                           0x080025bd   Thumb Code    74  stm32f10x_usart.o(i.USART_ITConfig)
    USART_Init                               0x08002609   Thumb Code   210  stm32f10x_usart.o(i.USART_Init)
    USART_ReceiveData                        0x080026e1   Thumb Code    10  stm32f10x_usart.o(i.USART_ReceiveData)
    USART_SendData                           0x080026eb   Thumb Code     8  stm32f10x_usart.o(i.USART_SendData)
    UsageFault_Handler                       0x080026f3   Thumb Code     4  stm32f10x_it.o(i.UsageFault_Handler)
    __ARM_fpclassify                         0x080026f7   Thumb Code    40  fpclassify.o(i.__ARM_fpclassify)
    _is_digit                                0x0800271f   Thumb Code    14  __printf_wp.o(i._is_digit)
    main                                     0x0800272d   Thumb Code   122  main.o(i.main)
    printf1                                  0x08002801   Thumb Code    64  uart1.o(i.printf1)
    printf2                                  0x08002841   Thumb Code    64  uart1.o(i.printf2)
    pvPortMalloc                             0x08002f35   Thumb Code   234  heap_4.o(i.pvPortMalloc)
    pvTaskIncrementMutexHeldCount            0x08003035   Thumb Code    14  tasks.o(i.pvTaskIncrementMutexHeldCount)
    pxPortInitialiseStack                    0x08003049   Thumb Code    30  port.o(i.pxPortInitialiseStack)
    task1                                    0x0800306d   Thumb Code   254  main.o(i.task1)
    task2                                    0x080031fd   Thumb Code   210  main.o(i.task2)
    task3                                    0x080033d1   Thumb Code    96  main.o(i.task3)
    uxListRemove                             0x0800346d   Thumb Code    40  list.o(i.uxListRemove)
    uxTaskGetNumberOfTasks                   0x08003495   Thumb Code     6  tasks.o(i.uxTaskGetNumberOfTasks)
    vListInitialise                          0x080034a1   Thumb Code    26  list.o(i.vListInitialise)
    vListInitialiseItem                      0x080034bb   Thumb Code     6  list.o(i.vListInitialiseItem)
    vListInsert                              0x080034c1   Thumb Code    52  list.o(i.vListInsert)
    vPortEnterCritical                       0x080034f5   Thumb Code    30  port.o(i.vPortEnterCritical)
    vPortExitCritical                        0x08003519   Thumb Code    28  port.o(i.vPortExitCritical)
    vPortFree                                0x08003539   Thumb Code    68  heap_4.o(i.vPortFree)
    vPortSetupTimerInterrupt                 0x08003585   Thumb Code    20  port.o(i.vPortSetupTimerInterrupt)
    vTaskDelay                               0x0800359d   Thumb Code    46  tasks.o(i.vTaskDelay)
    vTaskInternalSetTimeOutState             0x080035d1   Thumb Code    14  tasks.o(i.vTaskInternalSetTimeOutState)
    vTaskMissedYield                         0x080035e9   Thumb Code     8  tasks.o(i.vTaskMissedYield)
    vTaskPlaceOnEventList                    0x080035f5   Thumb Code    28  tasks.o(i.vTaskPlaceOnEventList)
    vTaskPriorityDisinheritAfterTimeout      0x08003615   Thumb Code   210  tasks.o(i.vTaskPriorityDisinheritAfterTimeout)
    vTaskStartScheduler                      0x080036f1   Thumb Code    60  tasks.o(i.vTaskStartScheduler)
    vTaskSuspendAll                          0x0800373d   Thumb Code    12  tasks.o(i.vTaskSuspendAll)
    vTaskSwitchContext                       0x0800374d   Thumb Code    84  tasks.o(i.vTaskSwitchContext)
    xPortStartScheduler                      0x080037b5   Thumb Code    42  port.o(i.xPortStartScheduler)
    xQueueCreateMutex                        0x080037e9   Thumb Code    34  queue.o(i.xQueueCreateMutex)
    xQueueGenericCreate                      0x0800380b   Thumb Code    76  queue.o(i.xQueueGenericCreate)
    xQueueGenericReset                       0x08003859   Thumb Code   156  queue.o(i.xQueueGenericReset)
    xQueueGenericSend                        0x080038f9   Thumb Code   276  queue.o(i.xQueueGenericSend)
    xQueueGenericSendFromISR                 0x08003a11   Thumb Code   154  queue.o(i.xQueueGenericSendFromISR)
    xQueueReceive                            0x08003aad   Thumb Code   256  queue.o(i.xQueueReceive)
    xQueueSemaphoreTake                      0x08003bb1   Thumb Code   300  queue.o(i.xQueueSemaphoreTake)
    xTaskCheckForTimeOut                     0x08003ce1   Thumb Code    88  tasks.o(i.xTaskCheckForTimeOut)
    xTaskCreate                              0x08003d41   Thumb Code    56  tasks.o(i.xTaskCreate)
    xTaskGenericNotify                       0x08003d79   Thumb Code   330  tasks.o(i.xTaskGenericNotify)
    xTaskGenericNotifyWait                   0x08003ed5   Thumb Code   198  tasks.o(i.xTaskGenericNotifyWait)
    xTaskIncrementTick                       0x08003fa5   Thumb Code   372  tasks.o(i.xTaskIncrementTick)
    xTaskPriorityDisinherit                  0x08004145   Thumb Code   170  tasks.o(i.xTaskPriorityDisinherit)
    xTaskPriorityInherit                     0x080041f9   Thumb Code   230  tasks.o(i.xTaskPriorityInherit)
    xTaskRemoveFromEventList                 0x080042ed   Thumb Code   256  tasks.o(i.xTaskRemoveFromEventList)
    xTaskResumeAll                           0x08004405   Thumb Code   344  tasks.o(i.xTaskResumeAll)
    _get_lc_numeric                          0x08004581   Thumb Code    44  lc_numeric_c.o(locale$$code)
    _get_lc_ctype                            0x080045ad   Thumb Code    44  lc_ctype_c.o(locale$$code)
    _printf_fp_dec                           0x080045d9   Thumb Code     4  printf1.o(x$fpl$printf1)
    _printf_fp_hex                           0x080045dd   Thumb Code     4  printf2.o(x$fpl$printf2)
    __I$use$fp                               0x080045e0   Number         0  usenofp.o(x$fpl$usenofp)
    Region$$Table$$Base                      0x080046dc   Number         0  anon$$obj.o(Region$$Table)
    Region$$Table$$Limit                     0x080046fc   Number         0  anon$$obj.o(Region$$Table)
    __ctype                                  0x08004725   Data           0  lc_ctype_c.o(locale$$data)
    pxCurrentTCB                             0x20000034   Data           4  tasks.o(.data)
    USART3_RxQueue                           0x20000074   Data           4  uart1.o(.data)
    USART1_RxQueue                           0x20000078   Data           4  uart1.o(.data)
    USART2_RxQueue                           0x2000007c   Data           4  uart1.o(.data)
    task2Handle                              0x20000080   Data           4  main.o(.data)
    task1Handle                              0x20000084   Data           4  main.o(.data)
    task3Handle                              0x20000088   Data           4  main.o(.data)
    xMutex                                   0x2000008c   Data           4  main.o(.data)
    buf                                      0x2000455c   Data         100  main.o(.bss)
    buf2                                     0x200045c0   Data         100  main.o(.bss)
    tokenArray                               0x20004624   Data          40  main.o(.bss)
    __libspace_start                         0x2000464c   Data          96  libspace.o(.bss)
    __temporary_stack_top$libspace           0x200046ac   Data           0  libspace.o(.bss)



==============================================================================

Memory Map of the image

  Image Entry point : 0x080000ed

  Load Region LR_IROM1 (Base: 0x08000000, Size: 0x000048bc, Max: 0x00010000, ABSOLUTE)

    Execution Region ER_IROM1 (Exec base: 0x08000000, Load base: 0x08000000, Size: 0x00004828, Max: 0x00010000, ABSOLUTE)

    Exec Addr    Load Addr    Size         Type   Attr      Idx    E Section Name        Object

    0x08000000   0x08000000   0x000000ec   Data   RO           19    RESET               startup_stm32f10x_md.o
    0x080000ec   0x080000ec   0x00000008   Code   RO         4472  * !!!main             c_w.l(__main.o)
    0x080000f4   0x080000f4   0x00000034   Code   RO         4803    !!!scatter          c_w.l(__scatter.o)
    0x08000128   0x08000128   0x0000001a   Code   RO         4805    !!handler_copy      c_w.l(__scatter_copy.o)
    0x08000142   0x08000142   0x00000002   PAD
    0x08000144   0x08000144   0x0000001c   Code   RO         4807    !!handler_zi        c_w.l(__scatter_zi.o)
    0x08000160   0x08000160   0x00000000   Code   RO         4556    .ARM.Collect$$_printf_percent$$00000000  c_w.l(_printf_percent.o)
    0x08000160   0x08000160   0x00000006   Code   RO         4545    .ARM.Collect$$_printf_percent$$00000001  c_w.l(_printf_n.o)
    0x08000166   0x08000166   0x00000006   Code   RO         4547    .ARM.Collect$$_printf_percent$$00000002  c_w.l(_printf_p.o)
    0x0800016c   0x0800016c   0x00000006   Code   RO         4552    .ARM.Collect$$_printf_percent$$00000003  c_w.l(_printf_f.o)
    0x08000172   0x08000172   0x00000006   Code   RO         4553    .ARM.Collect$$_printf_percent$$00000004  c_w.l(_printf_e.o)
    0x08000178   0x08000178   0x00000006   Code   RO         4554    .ARM.Collect$$_printf_percent$$00000005  c_w.l(_printf_g.o)
    0x0800017e   0x0800017e   0x00000006   Code   RO         4555    .ARM.Collect$$_printf_percent$$00000006  c_w.l(_printf_a.o)
    0x08000184   0x08000184   0x0000000a   Code   RO         4560    .ARM.Collect$$_printf_percent$$00000007  c_w.l(_printf_ll.o)
    0x0800018e   0x0800018e   0x00000006   Code   RO         4549    .ARM.Collect$$_printf_percent$$00000008  c_w.l(_printf_i.o)
    0x08000194   0x08000194   0x00000006   Code   RO         4550    .ARM.Collect$$_printf_percent$$00000009  c_w.l(_printf_d.o)
    0x0800019a   0x0800019a   0x00000006   Code   RO         4551    .ARM.Collect$$_printf_percent$$0000000A  c_w.l(_printf_u.o)
    0x080001a0   0x080001a0   0x00000006   Code   RO         4548    .ARM.Collect$$_printf_percent$$0000000B  c_w.l(_printf_o.o)
    0x080001a6   0x080001a6   0x00000006   Code   RO         4546    .ARM.Collect$$_printf_percent$$0000000C  c_w.l(_printf_x.o)
    0x080001ac   0x080001ac   0x00000006   Code   RO         4557    .ARM.Collect$$_printf_percent$$0000000D  c_w.l(_printf_lli.o)
    0x080001b2   0x080001b2   0x00000006   Code   RO         4558    .ARM.Collect$$_printf_percent$$0000000E  c_w.l(_printf_lld.o)
    0x080001b8   0x080001b8   0x00000006   Code   RO         4559    .ARM.Collect$$_printf_percent$$0000000F  c_w.l(_printf_llu.o)
    0x080001be   0x080001be   0x00000006   Code   RO         4564    .ARM.Collect$$_printf_percent$$00000010  c_w.l(_printf_llo.o)
    0x080001c4   0x080001c4   0x00000006   Code   RO         4565    .ARM.Collect$$_printf_percent$$00000011  c_w.l(_printf_llx.o)
    0x080001ca   0x080001ca   0x0000000a   Code   RO         4561    .ARM.Collect$$_printf_percent$$00000012  c_w.l(_printf_l.o)
    0x080001d4   0x080001d4   0x00000006   Code   RO         4543    .ARM.Collect$$_printf_percent$$00000013  c_w.l(_printf_c.o)
    0x080001da   0x080001da   0x00000006   Code   RO         4544    .ARM.Collect$$_printf_percent$$00000014  c_w.l(_printf_s.o)
    0x080001e0   0x080001e0   0x00000006   Code   RO         4562    .ARM.Collect$$_printf_percent$$00000015  c_w.l(_printf_lc.o)
    0x080001e6   0x080001e6   0x00000006   Code   RO         4563    .ARM.Collect$$_printf_percent$$00000016  c_w.l(_printf_ls.o)
    0x080001ec   0x080001ec   0x00000004   Code   RO         4608    .ARM.Collect$$_printf_percent$$00000017  c_w.l(_printf_percent_end.o)
    0x080001f0   0x080001f0   0x00000002   Code   RO         4661    .ARM.Collect$$libinit$$00000000  c_w.l(libinit.o)
    0x080001f2   0x080001f2   0x00000000   Code   RO         4678    .ARM.Collect$$libinit$$00000002  c_w.l(libinit2.o)
    0x080001f2   0x080001f2   0x00000000   Code   RO         4680    .ARM.Collect$$libinit$$00000004  c_w.l(libinit2.o)
    0x080001f2   0x080001f2   0x00000000   Code   RO         4683    .ARM.Collect$$libinit$$0000000A  c_w.l(libinit2.o)
    0x080001f2   0x080001f2   0x00000000   Code   RO         4685    .ARM.Collect$$libinit$$0000000C  c_w.l(libinit2.o)
    0x080001f2   0x080001f2   0x00000000   Code   RO         4687    .ARM.Collect$$libinit$$0000000E  c_w.l(libinit2.o)
    0x080001f2   0x080001f2   0x00000006   Code   RO         4688    .ARM.Collect$$libinit$$0000000F  c_w.l(libinit2.o)
    0x080001f8   0x080001f8   0x00000000   Code   RO         4690    .ARM.Collect$$libinit$$00000011  c_w.l(libinit2.o)
    0x080001f8   0x080001f8   0x0000000c   Code   RO         4691    .ARM.Collect$$libinit$$00000012  c_w.l(libinit2.o)
    0x08000204   0x08000204   0x00000000   Code   RO         4692    .ARM.Collect$$libinit$$00000013  c_w.l(libinit2.o)
    0x08000204   0x08000204   0x00000000   Code   RO         4694    .ARM.Collect$$libinit$$00000015  c_w.l(libinit2.o)
    0x08000204   0x08000204   0x0000000a   Code   RO         4695    .ARM.Collect$$libinit$$00000016  c_w.l(libinit2.o)
    0x0800020e   0x0800020e   0x00000000   Code   RO         4696    .ARM.Collect$$libinit$$00000017  c_w.l(libinit2.o)
    0x0800020e   0x0800020e   0x00000000   Code   RO         4698    .ARM.Collect$$libinit$$00000019  c_w.l(libinit2.o)
    0x0800020e   0x0800020e   0x00000000   Code   RO         4700    .ARM.Collect$$libinit$$0000001B  c_w.l(libinit2.o)
    0x0800020e   0x0800020e   0x00000000   Code   RO         4702    .ARM.Collect$$libinit$$0000001D  c_w.l(libinit2.o)
    0x0800020e   0x0800020e   0x00000000   Code   RO         4704    .ARM.Collect$$libinit$$0000001F  c_w.l(libinit2.o)
    0x0800020e   0x0800020e   0x00000000   Code   RO         4706    .ARM.Collect$$libinit$$00000021  c_w.l(libinit2.o)
    0x0800020e   0x0800020e   0x00000000   Code   RO         4708    .ARM.Collect$$libinit$$00000023  c_w.l(libinit2.o)
    0x0800020e   0x0800020e   0x00000000   Code   RO         4710    .ARM.Collect$$libinit$$00000025  c_w.l(libinit2.o)
    0x0800020e   0x0800020e   0x00000000   Code   RO         4714    .ARM.Collect$$libinit$$0000002C  c_w.l(libinit2.o)
    0x0800020e   0x0800020e   0x00000000   Code   RO         4716    .ARM.Collect$$libinit$$0000002E  c_w.l(libinit2.o)
    0x0800020e   0x0800020e   0x00000000   Code   RO         4718    .ARM.Collect$$libinit$$00000030  c_w.l(libinit2.o)
    0x0800020e   0x0800020e   0x00000000   Code   RO         4720    .ARM.Collect$$libinit$$00000032  c_w.l(libinit2.o)
    0x0800020e   0x0800020e   0x00000002   Code   RO         4721    .ARM.Collect$$libinit$$00000033  c_w.l(libinit2.o)
    0x08000210   0x08000210   0x00000002   Code   RO         4741    .ARM.Collect$$libshutdown$$00000000  c_w.l(libshutdown.o)
    0x08000212   0x08000212   0x00000000   Code   RO         4754    .ARM.Collect$$libshutdown$$00000002  c_w.l(libshutdown2.o)
    0x08000212   0x08000212   0x00000000   Code   RO         4756    .ARM.Collect$$libshutdown$$00000004  c_w.l(libshutdown2.o)
    0x08000212   0x08000212   0x00000000   Code   RO         4758    .ARM.Collect$$libshutdown$$00000006  c_w.l(libshutdown2.o)
    0x08000212   0x08000212   0x00000000   Code   RO         4761    .ARM.Collect$$libshutdown$$00000009  c_w.l(libshutdown2.o)
    0x08000212   0x08000212   0x00000000   Code   RO         4764    .ARM.Collect$$libshutdown$$0000000C  c_w.l(libshutdown2.o)
    0x08000212   0x08000212   0x00000000   Code   RO         4766    .ARM.Collect$$libshutdown$$0000000E  c_w.l(libshutdown2.o)
    0x08000212   0x08000212   0x00000000   Code   RO         4769    .ARM.Collect$$libshutdown$$00000011  c_w.l(libshutdown2.o)
    0x08000212   0x08000212   0x00000002   Code   RO         4770    .ARM.Collect$$libshutdown$$00000012  c_w.l(libshutdown2.o)
    0x08000214   0x08000214   0x00000000   Code   RO         4474    .ARM.Collect$$rtentry$$00000000  c_w.l(__rtentry.o)
    0x08000214   0x08000214   0x00000000   Code   RO         4579    .ARM.Collect$$rtentry$$00000002  c_w.l(__rtentry2.o)
    0x08000214   0x08000214   0x00000006   Code   RO         4591    .ARM.Collect$$rtentry$$00000004  c_w.l(__rtentry4.o)
    0x0800021a   0x0800021a   0x00000000   Code   RO         4581    .ARM.Collect$$rtentry$$00000009  c_w.l(__rtentry2.o)
    0x0800021a   0x0800021a   0x00000004   Code   RO         4582    .ARM.Collect$$rtentry$$0000000A  c_w.l(__rtentry2.o)
    0x0800021e   0x0800021e   0x00000000   Code   RO         4584    .ARM.Collect$$rtentry$$0000000C  c_w.l(__rtentry2.o)
    0x0800021e   0x0800021e   0x00000008   Code   RO         4585    .ARM.Collect$$rtentry$$0000000D  c_w.l(__rtentry2.o)
    0x08000226   0x08000226   0x00000002   Code   RO         4670    .ARM.Collect$$rtexit$$00000000  c_w.l(rtexit.o)
    0x08000228   0x08000228   0x00000000   Code   RO         4723    .ARM.Collect$$rtexit$$00000002  c_w.l(rtexit2.o)
    0x08000228   0x08000228   0x00000004   Code   RO         4724    .ARM.Collect$$rtexit$$00000003  c_w.l(rtexit2.o)
    0x0800022c   0x0800022c   0x00000006   Code   RO         4725    .ARM.Collect$$rtexit$$00000004  c_w.l(rtexit2.o)
    0x08000232   0x08000232   0x00000002   PAD
    0x08000234   0x08000234   0x00000096   Code   RO         3481    .emb_text           port.o
    0x080002ca   0x080002ca   0x00000002   PAD
    0x080002cc   0x080002cc   0x00000040   Code   RO           20    .text               startup_stm32f10x_md.o
    0x0800030c   0x0800030c   0x00000024   Code   RO         4459    .text               c_w.l(vsprintf.o)
    0x08000330   0x08000330   0x0000000c   Code   RO         4461    .text               c_w.l(strtok.o)
    0x0800033c   0x0800033c   0x0000008a   Code   RO         4464    .text               c_w.l(rt_memcpy_v6.o)
    0x080003c6   0x080003c6   0x0000004e   Code   RO         4468    .text               c_w.l(rt_memclr_w.o)
    0x08000414   0x08000414   0x00000006   Code   RO         4470    .text               c_w.l(heapauxi.o)
    0x0800041a   0x0800041a   0x0000004e   Code   RO         4477    .text               c_w.l(_printf_pad.o)
    0x08000468   0x08000468   0x00000024   Code   RO         4479    .text               c_w.l(_printf_truncate.o)
    0x0800048c   0x0800048c   0x00000052   Code   RO         4481    .text               c_w.l(_printf_str.o)
    0x080004de   0x080004de   0x00000002   PAD
    0x080004e0   0x080004e0   0x00000078   Code   RO         4483    .text               c_w.l(_printf_dec.o)
    0x08000558   0x08000558   0x00000028   Code   RO         4485    .text               c_w.l(_printf_charcount.o)
    0x08000580   0x08000580   0x00000030   Code   RO         4487    .text               c_w.l(_printf_char_common.o)
    0x080005b0   0x080005b0   0x0000000a   Code   RO         4489    .text               c_w.l(_sputc.o)
    0x080005ba   0x080005ba   0x00000002   PAD
    0x080005bc   0x080005bc   0x000000bc   Code   RO         4491    .text               c_w.l(_printf_wctomb.o)
    0x08000678   0x08000678   0x0000007c   Code   RO         4494    .text               c_w.l(_printf_longlong_dec.o)
    0x080006f4   0x080006f4   0x00000070   Code   RO         4500    .text               c_w.l(_printf_oct_int_ll.o)
    0x08000764   0x08000764   0x00000094   Code   RO         4520    .text               c_w.l(_printf_hex_int_ll_ptr.o)
    0x080007f8   0x080007f8   0x00000188   Code   RO         4540    .text               c_w.l(__printf_flags_ss_wp.o)
    0x08000980   0x08000980   0x00000044   Code   RO         4566    .text               c_w.l(strtok_int.o)
    0x080009c4   0x080009c4   0x00000064   Code   RO         4568    .text               c_w.l(rt_memcpy_w.o)
    0x08000a28   0x08000a28   0x0000008a   Code   RO         4593    .text               c_w.l(lludiv10.o)
    0x08000ab2   0x08000ab2   0x000000b2   Code   RO         4595    .text               c_w.l(_printf_intcommon.o)
    0x08000b64   0x08000b64   0x0000041e   Code   RO         4597    .text               c_w.l(_printf_fp_dec.o)
    0x08000f82   0x08000f82   0x00000002   PAD
    0x08000f84   0x08000f84   0x000002fc   Code   RO         4599    .text               c_w.l(_printf_fp_hex.o)
    0x08001280   0x08001280   0x0000002c   Code   RO         4604    .text               c_w.l(_printf_char.o)
    0x080012ac   0x080012ac   0x0000002c   Code   RO         4606    .text               c_w.l(_printf_wchar.o)
    0x080012d8   0x080012d8   0x00000040   Code   RO         4609    .text               c_w.l(_wcrtomb.o)
    0x08001318   0x08001318   0x00000020   Code   RO         4611    .text               c_w.l(strcspn.o)
    0x08001338   0x08001338   0x0000001c   Code   RO         4613    .text               c_w.l(strspn.o)
    0x08001354   0x08001354   0x0000004a   Code   RO         4615    .text               c_w.l(sys_stackheap_outer.o)
    0x0800139e   0x0800139e   0x00000002   PAD
    0x080013a0   0x080013a0   0x00000010   Code   RO         4617    .text               c_w.l(rt_ctype_table.o)
    0x080013b0   0x080013b0   0x00000008   Code   RO         4622    .text               c_w.l(rt_locale_intlibspace.o)
    0x080013b8   0x080013b8   0x00000080   Code   RO         4624    .text               c_w.l(_printf_fp_infnan.o)
    0x08001438   0x08001438   0x000000e4   Code   RO         4626    .text               c_w.l(bigflt0.o)
    0x0800151c   0x0800151c   0x00000012   Code   RO         4654    .text               c_w.l(exit.o)
    0x0800152e   0x0800152e   0x00000002   PAD
    0x08001530   0x08001530   0x00000008   Code   RO         4667    .text               c_w.l(libspace.o)
    0x08001538   0x08001538   0x00000080   Code   RO         4675    .text               c_w.l(strcmpv7m.o)
    0x080015b8   0x080015b8   0x0000000c   Code   RO         4733    .text               c_w.l(sys_exit.o)
    0x080015c4   0x080015c4   0x00000002   Code   RO         4744    .text               c_w.l(use_no_semi.o)
    0x080015c6   0x080015c6   0x00000000   Code   RO         4746    .text               c_w.l(indicate_semi.o)
    0x080015c6   0x080015c6   0x0000003e   Code   RO         4629    CL$$btod_d2e        c_w.l(btod.o)
    0x08001604   0x08001604   0x00000046   Code   RO         4631    CL$$btod_d2e_denorm_low  c_w.l(btod.o)
    0x0800164a   0x0800164a   0x00000060   Code   RO         4630    CL$$btod_d2e_norm_op1  c_w.l(btod.o)
    0x080016aa   0x080016aa   0x00000338   Code   RO         4639    CL$$btod_div_common  c_w.l(btod.o)
    0x080019e2   0x080019e2   0x000000dc   Code   RO         4636    CL$$btod_e2e        c_w.l(btod.o)
    0x08001abe   0x08001abe   0x0000002a   Code   RO         4633    CL$$btod_ediv       c_w.l(btod.o)
    0x08001ae8   0x08001ae8   0x0000002a   Code   RO         4632    CL$$btod_emul       c_w.l(btod.o)
    0x08001b12   0x08001b12   0x00000244   Code   RO         4638    CL$$btod_mult_common  c_w.l(btod.o)
    0x08001d56   0x08001d56   0x00000004   Code   RO         1665    i.BusFault_Handler  stm32f10x_it.o
    0x08001d5a   0x08001d5a   0x00000002   Code   RO         1666    i.DebugMon_Handler  stm32f10x_it.o
    0x08001d5c   0x08001d5c   0x00000116   Code   RO         1347    i.GPIO_Init         stm32f10x_gpio.o
    0x08001e72   0x08001e72   0x00000004   Code   RO         1667    i.HardFault_Handler  stm32f10x_it.o
    0x08001e76   0x08001e76   0x00000004   Code   RO         1668    i.MemManage_Handler  stm32f10x_it.o
    0x08001e7a   0x08001e7a   0x00000002   Code   RO         1669    i.NMI_Handler       stm32f10x_it.o
    0x08001e7c   0x08001e7c   0x00000070   Code   RO          137    i.NVIC_Init         misc.o
    0x08001eec   0x08001eec   0x00000058   Code   RO         4239    i.NVIC_Init1        uart1.o
    0x08001f44   0x08001f44   0x00000058   Code   RO         4240    i.NVIC_Init2        uart1.o
    0x08001f9c   0x08001f9c   0x00000058   Code   RO         4241    i.NVIC_Init3        uart1.o
    0x08001ff4   0x08001ff4   0x00000020   Code   RO         1820    i.RCC_APB1PeriphClockCmd  stm32f10x_rcc.o
    0x08002014   0x08002014   0x00000020   Code   RO         1822    i.RCC_APB2PeriphClockCmd  stm32f10x_rcc.o
    0x08002034   0x08002034   0x000000d4   Code   RO         1830    i.RCC_GetClocksFreq  stm32f10x_rcc.o
    0x08002108   0x08002108   0x00000008   Code   RO           24    i.SetSysClock       system_stm32f10x.o
    0x08002110   0x08002110   0x000000e0   Code   RO           25    i.SetSysClockTo72   system_stm32f10x.o
    0x080021f0   0x080021f0   0x00000034   Code   RO         3482    i.SysTick_Handler   port.o
    0x08002224   0x08002224   0x00000060   Code   RO           27    i.SystemInit        system_stm32f10x.o
    0x08002284   0x08002284   0x00000040   Code   RO         4242    i.USART1_IRQHandler  uart1.o
    0x080022c4   0x080022c4   0x00000088   Code   RO         4243    i.USART1_Init       uart1.o
    0x0800234c   0x0800234c   0x00000020   Code   RO         4244    i.USART1_SendByte   uart1.o
    0x0800236c   0x0800236c   0x00000040   Code   RO         4245    i.USART2_IRQHandler  uart1.o
    0x080023ac   0x080023ac   0x00000084   Code   RO         4246    i.USART2_Init       uart1.o
    0x08002430   0x08002430   0x00000020   Code   RO         4247    i.USART2_SendByte   uart1.o
    0x08002450   0x08002450   0x00000040   Code   RO         4248    i.USART3_IRQHandler  uart1.o
    0x08002490   0x08002490   0x00000088   Code   RO         4249    i.USART3_Init       uart1.o
    0x08002518   0x08002518   0x0000001e   Code   RO         3002    i.USART_ClearITPendingBit  stm32f10x_usart.o
    0x08002536   0x08002536   0x00000018   Code   RO         3005    i.USART_Cmd         stm32f10x_usart.o
    0x0800254e   0x0800254e   0x0000001a   Code   RO         3008    i.USART_GetFlagStatus  stm32f10x_usart.o
    0x08002568   0x08002568   0x00000054   Code   RO         3009    i.USART_GetITStatus  stm32f10x_usart.o
    0x080025bc   0x080025bc   0x0000004a   Code   RO         3011    i.USART_ITConfig    stm32f10x_usart.o
    0x08002606   0x08002606   0x00000002   PAD
    0x08002608   0x08002608   0x000000d8   Code   RO         3012    i.USART_Init        stm32f10x_usart.o
    0x080026e0   0x080026e0   0x0000000a   Code   RO         3019    i.USART_ReceiveData  stm32f10x_usart.o
    0x080026ea   0x080026ea   0x00000008   Code   RO         3022    i.USART_SendData    stm32f10x_usart.o
    0x080026f2   0x080026f2   0x00000004   Code   RO         1670    i.UsageFault_Handler  stm32f10x_it.o
    0x080026f6   0x080026f6   0x00000028   Code   RO         4665    i.__ARM_fpclassify  m_ws.l(fpclassify.o)
    0x0800271e   0x0800271e   0x0000000e   Code   RO         4533    i._is_digit         c_w.l(__printf_wp.o)
    0x0800272c   0x0800272c   0x000000d4   Code   RO         4403    i.main              main.o
    0x08002800   0x08002800   0x00000040   Code   RO         4250    i.printf1           uart1.o
    0x08002840   0x08002840   0x00000040   Code   RO         4251    i.printf2           uart1.o
    0x08002880   0x08002880   0x000000cc   Code   RO         3875    i.prvAddCurrentTaskToDelayedList  tasks.o
    0x0800294c   0x0800294c   0x000000f0   Code   RO         3876    i.prvAddNewTaskToReadyList  tasks.o
    0x08002a3c   0x08002a3c   0x00000048   Code   RO         3877    i.prvCheckTasksWaitingTermination  tasks.o
    0x08002a84   0x08002a84   0x0000002a   Code   RO         3552    i.prvCopyDataFromQueue  queue.o
    0x08002aae   0x08002aae   0x0000007e   Code   RO         3553    i.prvCopyDataToQueue  queue.o
    0x08002b2c   0x08002b2c   0x00000068   Code   RO         3878    i.prvCreateIdleTasks  tasks.o
    0x08002b94   0x08002b94   0x0000005a   Code   RO         3879    i.prvCreateTask     tasks.o
    0x08002bee   0x08002bee   0x00000012   Code   RO         3880    i.prvDeleteTCB      tasks.o
    0x08002c00   0x08002c00   0x00000014   Code   RO         3554    i.prvGetDisinheritPriorityAfterTimeout  queue.o
    0x08002c14   0x08002c14   0x0000006c   Code   RO         3372    i.prvHeapInit       heap_4.o
    0x08002c80   0x08002c80   0x00000028   Code   RO         3881    i.prvIdleTask       tasks.o
    0x08002ca8   0x08002ca8   0x0000001e   Code   RO         3555    i.prvInitialiseMutex  queue.o
    0x08002cc6   0x08002cc6   0x00000026   Code   RO         3556    i.prvInitialiseNewQueue  queue.o
    0x08002cec   0x08002cec   0x0000007c   Code   RO         3882    i.prvInitialiseNewTask  tasks.o
    0x08002d68   0x08002d68   0x00000068   Code   RO         3883    i.prvInitialiseTaskLists  tasks.o
    0x08002dd0   0x08002dd0   0x00000068   Code   RO         3373    i.prvInsertBlockIntoFreeList  heap_4.o
    0x08002e38   0x08002e38   0x0000001a   Code   RO         3557    i.prvIsQueueEmpty   queue.o
    0x08002e52   0x08002e52   0x0000001e   Code   RO         3558    i.prvIsQueueFull    queue.o
    0x08002e70   0x08002e70   0x00000030   Code   RO         3884    i.prvResetNextTaskUnblockTime  tasks.o
    0x08002ea0   0x08002ea0   0x00000016   Code   RO         3483    i.prvTaskExitError  port.o
    0x08002eb6   0x08002eb6   0x0000007e   Code   RO         3559    i.prvUnlockQueue    queue.o
    0x08002f34   0x08002f34   0x00000100   Code   RO         3375    i.pvPortMalloc      heap_4.o
    0x08003034   0x08003034   0x00000014   Code   RO         3886    i.pvTaskIncrementMutexHeldCount  tasks.o
    0x08003048   0x08003048   0x00000024   Code   RO         3484    i.pxPortInitialiseStack  port.o
    0x0800306c   0x0800306c   0x00000190   Code   RO         4404    i.task1             main.o
    0x080031fc   0x080031fc   0x000001d4   Code   RO         4405    i.task2             main.o
    0x080033d0   0x080033d0   0x0000009c   Code   RO         4406    i.task3             main.o
    0x0800346c   0x0800346c   0x00000028   Code   RO         3445    i.uxListRemove      list.o
    0x08003494   0x08003494   0x0000000c   Code   RO         3891    i.uxTaskGetNumberOfTasks  tasks.o
    0x080034a0   0x080034a0   0x0000001a   Code   RO         3446    i.vListInitialise   list.o
    0x080034ba   0x080034ba   0x00000006   Code   RO         3447    i.vListInitialiseItem  list.o
    0x080034c0   0x080034c0   0x00000034   Code   RO         3448    i.vListInsert       list.o
    0x080034f4   0x080034f4   0x00000024   Code   RO         3486    i.vPortEnterCritical  port.o
    0x08003518   0x08003518   0x00000020   Code   RO         3487    i.vPortExitCritical  port.o
    0x08003538   0x08003538   0x0000004c   Code   RO         3376    i.vPortFree         heap_4.o
    0x08003584   0x08003584   0x00000018   Code   RO         3488    i.vPortSetupTimerInterrupt  port.o
    0x0800359c   0x0800359c   0x00000034   Code   RO         3895    i.vTaskDelay        tasks.o
    0x080035d0   0x080035d0   0x00000018   Code   RO         3899    i.vTaskInternalSetTimeOutState  tasks.o
    0x080035e8   0x080035e8   0x0000000c   Code   RO         3900    i.vTaskMissedYield  tasks.o
    0x080035f4   0x080035f4   0x00000020   Code   RO         3901    i.vTaskPlaceOnEventList  tasks.o
    0x08003614   0x08003614   0x000000dc   Code   RO         3903    i.vTaskPriorityDisinheritAfterTimeout  tasks.o
    0x080036f0   0x080036f0   0x0000004c   Code   RO         3909    i.vTaskStartScheduler  tasks.o
    0x0800373c   0x0800373c   0x00000010   Code   RO         3911    i.vTaskSuspendAll   tasks.o
    0x0800374c   0x0800374c   0x00000068   Code   RO         3912    i.vTaskSwitchContext  tasks.o
    0x080037b4   0x080037b4   0x00000034   Code   RO         3489    i.xPortStartScheduler  port.o
    0x080037e8   0x080037e8   0x00000022   Code   RO         3566    i.xQueueCreateMutex  queue.o
    0x0800380a   0x0800380a   0x0000004c   Code   RO         3567    i.xQueueGenericCreate  queue.o
    0x08003856   0x08003856   0x00000002   PAD
    0x08003858   0x08003858   0x000000a0   Code   RO         3568    i.xQueueGenericReset  queue.o
    0x080038f8   0x080038f8   0x00000118   Code   RO         3569    i.xQueueGenericSend  queue.o
    0x08003a10   0x08003a10   0x0000009a   Code   RO         3570    i.xQueueGenericSendFromISR  queue.o
    0x08003aaa   0x08003aaa   0x00000002   PAD
    0x08003aac   0x08003aac   0x00000104   Code   RO         3576    i.xQueueReceive     queue.o
    0x08003bb0   0x08003bb0   0x00000130   Code   RO         3578    i.xQueueSemaphoreTake  queue.o
    0x08003ce0   0x08003ce0   0x00000060   Code   RO         3914    i.xTaskCheckForTimeOut  tasks.o
    0x08003d40   0x08003d40   0x00000038   Code   RO         3915    i.xTaskCreate       tasks.o
    0x08003d78   0x08003d78   0x0000015c   Code   RO         3917    i.xTaskGenericNotify  tasks.o
    0x08003ed4   0x08003ed4   0x000000d0   Code   RO         3920    i.xTaskGenericNotifyWait  tasks.o
    0x08003fa4   0x08003fa4   0x000001a0   Code   RO         3925    i.xTaskIncrementTick  tasks.o
    0x08004144   0x08004144   0x000000b4   Code   RO         3926    i.xTaskPriorityDisinherit  tasks.o
    0x080041f8   0x080041f8   0x000000f4   Code   RO         3927    i.xTaskPriorityInherit  tasks.o
    0x080042ec   0x080042ec   0x00000118   Code   RO         3928    i.xTaskRemoveFromEventList  tasks.o
    0x08004404   0x08004404   0x0000017c   Code   RO         3929    i.xTaskResumeAll    tasks.o
    0x08004580   0x08004580   0x0000002c   Code   RO         4652    locale$$code        c_w.l(lc_numeric_c.o)
    0x080045ac   0x080045ac   0x0000002c   Code   RO         4673    locale$$code        c_w.l(lc_ctype_c.o)
    0x080045d8   0x080045d8   0x00000004   Code   RO         4570    x$fpl$printf1       fz_ws.l(printf1.o)
    0x080045dc   0x080045dc   0x00000004   Code   RO         4572    x$fpl$printf2       fz_ws.l(printf2.o)
    0x080045e0   0x080045e0   0x00000000   Code   RO         4664    x$fpl$usenofp       fz_ws.l(usenofp.o)
    0x080045e0   0x080045e0   0x00000008   Data   RO         4492    .constdata          c_w.l(_printf_wctomb.o)
    0x080045e8   0x080045e8   0x00000028   Data   RO         4521    .constdata          c_w.l(_printf_hex_int_ll_ptr.o)
    0x08004610   0x08004610   0x00000011   Data   RO         4541    .constdata          c_w.l(__printf_flags_ss_wp.o)
    0x08004621   0x08004621   0x00000026   Data   RO         4600    .constdata          c_w.l(_printf_fp_hex.o)
    0x08004647   0x08004647   0x00000001   PAD
    0x08004648   0x08004648   0x00000094   Data   RO         4627    .constdata          c_w.l(bigflt0.o)
    0x080046dc   0x080046dc   0x00000020   Data   RO         4801    Region$$Table       anon$$obj.o
    0x080046fc   0x080046fc   0x0000001c   Data   RO         4651    locale$$data        c_w.l(lc_numeric_c.o)
    0x08004718   0x08004718   0x00000110   Data   RO         4672    locale$$data        c_w.l(lc_ctype_c.o)


    Execution Region RW_IRAM1 (Exec base: 0x20000000, Load base: 0x08004828, Size: 0x00004cb0, Max: 0x00005000, ABSOLUTE)

    Exec Addr    Load Addr    Size         Type   Attr      Idx    E Section Name        Object

    0x20000000   0x08004828   0x00000014   Data   RW         1850    .data               stm32f10x_rcc.o
    0x20000014   0x0800483c   0x0000001c   Data   RW         3383    .data               heap_4.o
    0x20000030   0x08004858   0x00000004   Data   RW         3490    .data               port.o
    0x20000034   0x0800485c   0x00000040   Data   RW         3932    .data               tasks.o
    0x20000074   0x0800489c   0x0000000c   Data   RW         4252    .data               uart1.o
    0x20000080   0x080048a8   0x00000010   Data   RW         4408    .data               main.o
    0x20000090   0x080048b8   0x00000004   Data   RW         4462    .data               c_w.l(strtok.o)
    0x20000094        -       0x00004400   Zero   RW         3382    .bss                heap_4.o
    0x20004494        -       0x000000c8   Zero   RW         3931    .bss                tasks.o
    0x2000455c        -       0x000000f0   Zero   RW         4407    .bss                main.o
    0x2000464c        -       0x00000060   Zero   RW         4668    .bss                c_w.l(libspace.o)
    0x200046ac   0x080048bc   0x00000004   PAD
    0x200046b0        -       0x00000200   Zero   RW           18    HEAP                startup_stm32f10x_md.o
    0x200048b0        -       0x00000400   Zero   RW           17    STACK               startup_stm32f10x_md.o


==============================================================================

Image component sizes


      Code (inc. data)   RO Data    RW Data    ZI Data      Debug   Object Name

         0          0          0          0          0       4532   core_cm3.o
         0          0          0          0          0       8496   croutine.o
         0          0          0          0          0      15172   event_groups.o
       544         58          0         28      17408       4591   heap_4.o
       124          0          0          0          0       2429   list.o
      1236        554          0         16        240       3308   main.o
       112         12          0          0          0     204192   misc.o
       404         48          0          4          0       8440   port.o
      1706         16          0          0          0      15576   queue.o
        64         26        236          0       1536        780   startup_stm32f10x_md.o
         0          0          0          0          0       1636   stm32f10x_adc.o
       278          0          0          0          0      10132   stm32f10x_gpio.o
        20          0          0          0          0       2405   stm32f10x_it.o
       276         32          0         20          0      12834   stm32f10x_rcc.o
       472          6          0          0          0      12231   stm32f10x_usart.o
       328         28          0          0          0      24801   system_stm32f10x.o
      3820        394          0         64        200      36735   tasks.o
      1052        104          0         12          0      23304   uart1.o

    ----------------------------------------------------------------------
     10444       1278        268        144      19384     391594   Object Totals
         0          0         32          0          0          0   (incl. Generated)
         8          0          0          0          0          0   (incl. Padding)

    ----------------------------------------------------------------------

      Code (inc. data)   RO Data    RW Data    ZI Data      Debug   Library Member Name

         8          0          0          0          0         68   __main.o
       392          4         17          0          0         92   __printf_flags_ss_wp.o
        14          0          0          0          0         68   __printf_wp.o
         0          0          0          0          0          0   __rtentry.o
        12          0          0          0          0          0   __rtentry2.o
         6          0          0          0          0          0   __rtentry4.o
        52          8          0          0          0          0   __scatter.o
        26          0          0          0          0          0   __scatter_copy.o
        28          0          0          0          0          0   __scatter_zi.o
         6          0          0          0          0          0   _printf_a.o
         6          0          0          0          0          0   _printf_c.o
        44          0          0          0          0        108   _printf_char.o
        48          6          0          0          0         96   _printf_char_common.o
        40          0          0          0          0         68   _printf_charcount.o
         6          0          0          0          0          0   _printf_d.o
       120         16          0          0          0         92   _printf_dec.o
         6          0          0          0          0          0   _printf_e.o
         6          0          0          0          0          0   _printf_f.o
      1054          0          0          0          0        216   _printf_fp_dec.o
       764          8         38          0          0        100   _printf_fp_hex.o
       128         16          0          0          0         84   _printf_fp_infnan.o
         6          0          0          0          0          0   _printf_g.o
       148          4         40          0          0        160   _printf_hex_int_ll_ptr.o
         6          0          0          0          0          0   _printf_i.o
       178          0          0          0          0         88   _printf_intcommon.o
        10          0          0          0          0          0   _printf_l.o
         6          0          0          0          0          0   _printf_lc.o
        10          0          0          0          0          0   _printf_ll.o
         6          0          0          0          0          0   _printf_lld.o
         6          0          0          0          0          0   _printf_lli.o
         6          0          0          0          0          0   _printf_llo.o
         6          0          0          0          0          0   _printf_llu.o
         6          0          0          0          0          0   _printf_llx.o
       124         16          0          0          0         92   _printf_longlong_dec.o
         6          0          0          0          0          0   _printf_ls.o
         6          0          0          0          0          0   _printf_n.o
         6          0          0          0          0          0   _printf_o.o
       112         10          0          0          0        124   _printf_oct_int_ll.o
         6          0          0          0          0          0   _printf_p.o
        78          0          0          0          0        108   _printf_pad.o
         0          0          0          0          0          0   _printf_percent.o
         4          0          0          0          0          0   _printf_percent_end.o
         6          0          0          0          0          0   _printf_s.o
        82          0          0          0          0         80   _printf_str.o
        36          0          0          0          0         84   _printf_truncate.o
         6          0          0          0          0          0   _printf_u.o
        44          0          0          0          0        108   _printf_wchar.o
       188          6          8          0          0         92   _printf_wctomb.o
         6          0          0          0          0          0   _printf_x.o
        10          0          0          0          0         68   _sputc.o
        64          0          0          0          0         92   _wcrtomb.o
       228          4        148          0          0         96   bigflt0.o
      1936        128          0          0          0        672   btod.o
        18          0          0          0          0         80   exit.o
         6          0          0          0          0        152   heapauxi.o
         0          0          0          0          0          0   indicate_semi.o
        44         10        272          0          0         76   lc_ctype_c.o
        44         10         28          0          0         76   lc_numeric_c.o
         2          0          0          0          0          0   libinit.o
        30          0          0          0          0          0   libinit2.o
         2          0          0          0          0          0   libshutdown.o
         2          0          0          0          0          0   libshutdown2.o
         8          4          0          0         96         68   libspace.o
       138          0          0          0          0         80   lludiv10.o
        16          4          0          0          0         76   rt_ctype_table.o
         8          4          0          0          0         68   rt_locale_intlibspace.o
        78          0          0          0          0         80   rt_memclr_w.o
       138          0          0          0          0         68   rt_memcpy_v6.o
       100          0          0          0          0         80   rt_memcpy_w.o
         2          0          0          0          0          0   rtexit.o
        10          0          0          0          0          0   rtexit2.o
       128          0          0          0          0         68   strcmpv7m.o
        32          0          0          0          0         80   strcspn.o
        28          0          0          0          0         80   strspn.o
        12          6          0          4          0         68   strtok.o
        68          4          0          0          0         84   strtok_int.o
        12          4          0          0          0         68   sys_exit.o
        74          0          0          0          0         80   sys_stackheap_outer.o
         2          0          0          0          0         68   use_no_semi.o
        36          4          0          0          0         76   vsprintf.o
         4          0          0          0          0         68   printf1.o
         4          0          0          0          0         68   printf2.o
         0          0          0          0          0          0   usenofp.o
        40          0          0          0          0         68   fpclassify.o

    ----------------------------------------------------------------------
      7208        276        552          4        100       4636   Library Totals
        14          0          1          0          4          0   (incl. Padding)

    ----------------------------------------------------------------------

      Code (inc. data)   RO Data    RW Data    ZI Data      Debug   Library Name

      7146        276        551          4         96       4432   c_w.l
         8          0          0          0          0        136   fz_ws.l
        40          0          0          0          0         68   m_ws.l

    ----------------------------------------------------------------------
      7208        276        552          4        100       4636   Library Totals

    ----------------------------------------------------------------------

==============================================================================


      Code (inc. data)   RO Data    RW Data    ZI Data      Debug   

     17652       1554        820        148      19484     388738   Grand Totals
     17652       1554        820        148      19484     388738   ELF Image Totals
     17652       1554        820        148          0          0   ROM Totals

==============================================================================

    Total RO  Size (Code + RO Data)                18472 (  18.04kB)
    Total RW  Size (RW Data + ZI Data)             19632 (  19.17kB)
    Total ROM Size (Code + RO Data + RW Data)      18620 (  18.18kB)

==============================================================================

