Component: ARM Compiler 5.06 update 7 (build 960) Tool: armlink [4d3601]

==============================================================================

Section Cross References

    startup_stm32f10x_md.o(RESET) refers to startup_stm32f10x_md.o(STACK) for __initial_sp
    startup_stm32f10x_md.o(RESET) refers to startup_stm32f10x_md.o(.text) for Reset_Handler
    startup_stm32f10x_md.o(RESET) refers to stm32f10x_it.o(i.NMI_Handler) for NMI_Handler
    startup_stm32f10x_md.o(RESET) refers to stm32f10x_it.o(i.HardFault_Handler) for HardFault_Handler
    startup_stm32f10x_md.o(RESET) refers to stm32f10x_it.o(i.MemManage_Handler) for MemManage_Handler
    startup_stm32f10x_md.o(RESET) refers to stm32f10x_it.o(i.BusFault_Handler) for BusFault_Handler
    startup_stm32f10x_md.o(RESET) refers to stm32f10x_it.o(i.UsageFault_Handler) for UsageFault_Handler
    startup_stm32f10x_md.o(RESET) refers to port.o(.emb_text) for SVC_Handler
    startup_stm32f10x_md.o(RESET) refers to stm32f10x_it.o(i.DebugMon_Handler) for DebugMon_Handler
    startup_stm32f10x_md.o(RESET) refers to port.o(i.SysTick_Handler) for SysTick_Handler
    startup_stm32f10x_md.o(RESET) refers to uart1.o(i.USART1_IRQHandler) for USART1_IRQHandler
    startup_stm32f10x_md.o(RESET) refers to uart1.o(i.USART2_IRQHandler) for USART2_IRQHandler
    startup_stm32f10x_md.o(RESET) refers to uart1.o(i.USART3_IRQHandler) for USART3_IRQHandler
    startup_stm32f10x_md.o(.text) refers to system_stm32f10x.o(i.SystemInit) for SystemInit
    startup_stm32f10x_md.o(.text) refers to entry.o(.ARM.Collect$$$$00000000) for __main
    system_stm32f10x.o(i.SetSysClock) refers to system_stm32f10x.o(i.SetSysClockTo72) for SetSysClockTo72
    system_stm32f10x.o(i.SystemCoreClockUpdate) refers to system_stm32f10x.o(.data) for SystemCoreClock
    system_stm32f10x.o(i.SystemInit) refers to system_stm32f10x.o(i.SetSysClock) for SetSysClock
    stm32f10x_adc.o(i.ADC_DeInit) refers to stm32f10x_rcc.o(i.RCC_APB2PeriphResetCmd) for RCC_APB2PeriphResetCmd
    stm32f10x_bkp.o(i.BKP_DeInit) refers to stm32f10x_rcc.o(i.RCC_BackupResetCmd) for RCC_BackupResetCmd
    stm32f10x_can.o(i.CAN_DeInit) refers to stm32f10x_rcc.o(i.RCC_APB1PeriphResetCmd) for RCC_APB1PeriphResetCmd
    stm32f10x_can.o(i.CAN_GetITStatus) refers to stm32f10x_can.o(i.CheckITStatus) for CheckITStatus
    stm32f10x_cec.o(i.CEC_DeInit) refers to stm32f10x_rcc.o(i.RCC_APB1PeriphResetCmd) for RCC_APB1PeriphResetCmd
    stm32f10x_dac.o(i.DAC_DeInit) refers to stm32f10x_rcc.o(i.RCC_APB1PeriphResetCmd) for RCC_APB1PeriphResetCmd
    stm32f10x_flash.o(i.FLASH_EnableWriteProtection) refers to stm32f10x_flash.o(i.FLASH_WaitForLastOperation) for FLASH_WaitForLastOperation
    stm32f10x_flash.o(i.FLASH_EraseAllBank1Pages) refers to stm32f10x_flash.o(i.FLASH_WaitForLastBank1Operation) for FLASH_WaitForLastBank1Operation
    stm32f10x_flash.o(i.FLASH_EraseAllPages) refers to stm32f10x_flash.o(i.FLASH_WaitForLastOperation) for FLASH_WaitForLastOperation
    stm32f10x_flash.o(i.FLASH_EraseOptionBytes) refers to stm32f10x_flash.o(i.FLASH_GetReadOutProtectionStatus) for FLASH_GetReadOutProtectionStatus
    stm32f10x_flash.o(i.FLASH_EraseOptionBytes) refers to stm32f10x_flash.o(i.FLASH_WaitForLastOperation) for FLASH_WaitForLastOperation
    stm32f10x_flash.o(i.FLASH_ErasePage) refers to stm32f10x_flash.o(i.FLASH_WaitForLastOperation) for FLASH_WaitForLastOperation
    stm32f10x_flash.o(i.FLASH_ProgramHalfWord) refers to stm32f10x_flash.o(i.FLASH_WaitForLastOperation) for FLASH_WaitForLastOperation
    stm32f10x_flash.o(i.FLASH_ProgramOptionByteData) refers to stm32f10x_flash.o(i.FLASH_WaitForLastOperation) for FLASH_WaitForLastOperation
    stm32f10x_flash.o(i.FLASH_ProgramWord) refers to stm32f10x_flash.o(i.FLASH_WaitForLastOperation) for FLASH_WaitForLastOperation
    stm32f10x_flash.o(i.FLASH_ReadOutProtection) refers to stm32f10x_flash.o(i.FLASH_WaitForLastOperation) for FLASH_WaitForLastOperation
    stm32f10x_flash.o(i.FLASH_UserOptionByteConfig) refers to stm32f10x_flash.o(i.FLASH_WaitForLastOperation) for FLASH_WaitForLastOperation
    stm32f10x_flash.o(i.FLASH_WaitForLastBank1Operation) refers to stm32f10x_flash.o(i.FLASH_GetBank1Status) for FLASH_GetBank1Status
    stm32f10x_flash.o(i.FLASH_WaitForLastOperation) refers to stm32f10x_flash.o(i.FLASH_GetBank1Status) for FLASH_GetBank1Status
    stm32f10x_gpio.o(i.GPIO_AFIODeInit) refers to stm32f10x_rcc.o(i.RCC_APB2PeriphResetCmd) for RCC_APB2PeriphResetCmd
    stm32f10x_gpio.o(i.GPIO_DeInit) refers to stm32f10x_rcc.o(i.RCC_APB2PeriphResetCmd) for RCC_APB2PeriphResetCmd
    stm32f10x_i2c.o(i.I2C_DeInit) refers to stm32f10x_rcc.o(i.RCC_APB1PeriphResetCmd) for RCC_APB1PeriphResetCmd
    stm32f10x_i2c.o(i.I2C_Init) refers to stm32f10x_rcc.o(i.RCC_GetClocksFreq) for RCC_GetClocksFreq
    stm32f10x_pwr.o(i.PWR_DeInit) refers to stm32f10x_rcc.o(i.RCC_APB1PeriphResetCmd) for RCC_APB1PeriphResetCmd
[...]
    Removing queue.o(i.uxQueueMessagesWaitingFromISR), (8 bytes).
    Removing queue.o(i.uxQueueSpacesAvailable), (24 bytes).
    Removing queue.o(i.vQueueDelete), (14 bytes).
    Removing queue.o(i.xQueueGiveFromISR), (134 bytes).
    Removing queue.o(i.xQueueIsQueueEmptyFromISR), (16 bytes).
    Removing queue.o(i.xQueueIsQueueFullFromISR), (22 bytes).
    Removing queue.o(i.xQueuePeek), (268 bytes).
    Removing queue.o(i.xQueuePeekFromISR), (74 bytes).
    Removing queue.o(i.xQueueReceiveFromISR), (142 bytes).
    Removing stream_buffer.o(i.prvBytesInBuffer), (24 bytes).
    Removing stream_buffer.o(i.prvInitialiseNewStreamBuffer), (46 bytes).
    Removing stream_buffer.o(i.prvReadBytesFromBuffer), (76 bytes).
    Removing stream_buffer.o(i.prvReadMessageFromBuffer), (90 bytes).
    Removing stream_buffer.o(i.prvWriteBytesToBuffer), (76 bytes).
    Removing stream_buffer.o(i.prvWriteMessageToBuffer), (88 bytes).
    Removing stream_buffer.o(i.uxStreamBufferGetStreamBufferNotificationIndex), (8 bytes).
    Removing stream_buffer.o(i.vStreamBufferDelete), (32 bytes).
    Removing stream_buffer.o(i.vStreamBufferSetStreamBufferNotificationIndex), (6 bytes).
    Removing stream_buffer.o(i.xStreamBufferBytesAvailable), (18 bytes).
    Removing stream_buffer.o(i.xStreamBufferGenericCreate), (92 bytes).
    Removing stream_buffer.o(i.xStreamBufferIsEmpty), (22 bytes).
    Removing stream_buffer.o(i.xStreamBufferIsFull), (40 bytes).
    Removing stream_buffer.o(i.xStreamBufferNextMessageLengthBytes), (52 bytes).
    Removing stream_buffer.o(i.xStreamBufferReceive), (192 bytes).
    Removing stream_buffer.o(i.xStreamBufferReceiveCompletedFromISR), (80 bytes).
    Removing stream_buffer.o(i.xStreamBufferReceiveFromISR), (134 bytes).
    Removing stream_buffer.o(i.xStreamBufferReset), (56 bytes).
    Removing stream_buffer.o(i.xStreamBufferResetFromISR), (80 bytes).
    Removing stream_buffer.o(i.xStreamBufferSend), (226 bytes).
    Removing stream_buffer.o(i.xStreamBufferSendCompletedFromISR), (80 bytes).
    Removing stream_buffer.o(i.xStreamBufferSendFromISR), (136 bytes).
    Removing stream_buffer.o(i.xStreamBufferSetTriggerLevel), (26 bytes).
    Removing stream_buffer.o(i.xStreamBufferSpacesAvailable), (40 bytes).
    Removing tasks.o(i.pcTaskGetName), (24 bytes).
    Removing tasks.o(i.prvTaskIsTaskSuspended), (96 bytes).
    Removing tasks.o(i.ulTaskGenericNotifyTake), (172 bytes).
    Removing tasks.o(i.ulTaskGenericNotifyValueClear), (64 bytes).
    Removing tasks.o(i.uxTaskBasePriorityGet), (36 bytes).
    Removing tasks.o(i.uxTaskBasePriorityGetFromISR), (56 bytes).
    Removing tasks.o(i.uxTaskPriorityGet), (36 bytes).
    Removing tasks.o(i.uxTaskPriorityGetFromISR), (56 bytes).
    Removing tasks.o(i.uxTaskResetEventItemValue), (28 bytes).
    Removing tasks.o(i.vTaskDelete), (236 bytes).
    Removing tasks.o(i.vTaskEndScheduler), (64 bytes).
    Removing tasks.o(i.vTaskGenericNotifyGiveFromISR), (348 bytes).
    Removing tasks.o(i.vTaskPlaceOnUnorderedEventList), (84 bytes).
    Removing tasks.o(i.vTaskPrioritySet), (320 bytes).
    Removing tasks.o(i.vTaskRemoveFromUnorderedEventList), (224 bytes).
    Removing tasks.o(i.vTaskResetState), (116 bytes).
    Removing tasks.o(i.vTaskResume), (188 bytes).
    Removing tasks.o(i.vTaskSetTimeOutState), (36 bytes).
    Removing tasks.o(i.vTaskSuspend), (220 bytes).
    Removing tasks.o(i.xTaskCatchUpTicks), (40 bytes).
    Removing tasks.o(i.xTaskDelayUntil), (116 bytes).
    Removing tasks.o(i.xTaskGenericNotifyFromISR), (516 bytes).
    Removing tasks.o(i.xTaskGenericNotifyStateClear), (64 bytes).
    Removing tasks.o(i.xTaskGetCurrentTaskHandle), (12 bytes).
    Removing tasks.o(i.xTaskGetCurrentTaskHandleForCore), (32 bytes).
    Removing tasks.o(i.xTaskGetTickCount), (12 bytes).
    Removing tasks.o(i.xTaskGetTickCountFromISR), (12 bytes).
    Removing tasks.o(i.xTaskResumeFromISR), (220 bytes).
    Removing delay.o(i.Delay_Ms), (24 bytes).
    Removing delay.o(i.Delay_S), (24 bytes).
    Removing delay.o(i.Delay_Us), (60 bytes).
    Removing oled.o(i.OLED_Pow), (20 bytes).
    Removing oled.o(i.OLED_ShowBinNum), (62 bytes).
    Removing oled.o(i.OLED_ShowDouble), (156 bytes).
    Removing oled.o(i.OLED_ShowHexNum), (110 bytes).
    Removing oled.o(i.OLED_ShowSignedNum), (102 bytes).
    Removing oled.o(i.OLED_ShowUnsignedNum), (68 bytes).
    Removing dfltui.o(.text), (26 bytes).
    Removing dfixui.o(.text), (50 bytes).

541 unused section(s) (total 25896 bytes) removed from the image.

==============================================================================

Image Symbol Table

    Local Symbols

    Symbol Name                              Value     Ov Type        Size  Object(Section)

    ../clib/microlib/division.c              0x00000000   Number         0  uldiv.o ABSOLUTE
    ../clib/microlib/division.c              0x00000000   Number         0  uidiv.o ABSOLUTE
    ../clib/microlib/init/entry.s            0x00000000   Number         0  entry9b.o ABSOLUTE
    ../clib/microlib/init/entry.s            0x00000000   Number         0  entry.o ABSOLUTE
    ../clib/microlib/init/entry.s            0x00000000   Number         0  entry2.o ABSOLUTE
    ../clib/microlib/init/entry.s            0x00000000   Number         0  entry5.o ABSOLUTE
    ../clib/microlib/init/entry.s            0x00000000   Number         0  entry11a.o ABSOLUTE
    ../clib/microlib/init/entry.s            0x00000000   Number         0  entry8b.o ABSOLUTE
    ../clib/microlib/init/entry.s            0x00000000   Number         0  entry10b.o ABSOLUTE
    ../clib/microlib/init/entry.s            0x00000000   Number         0  entry7a.o ABSOLUTE
    ../clib/microlib/init/entry.s            0x00000000   Number         0  entry9a.o ABSOLUTE
    ../clib/microlib/init/entry.s            0x00000000   Number         0  entry8a.o ABSOLUTE
    ../clib/microlib/init/entry.s            0x00000000   Number         0  entry10a.o ABSOLUTE
    ../clib/microlib/init/entry.s            0x00000000   Number         0  entry11b.o ABSOLUTE
    ../clib/microlib/init/entry.s            0x00000000   Number         0  entry12a.o ABSOLUTE
    ../clib/microlib/init/entry.s            0x00000000   Number         0  entry12b.o ABSOLUTE
    ../clib/microlib/init/entry.s            0x00000000   Number         0  entry7b.o ABSOLUTE
    ../clib/microlib/longlong.c              0x00000000   Number         0  llsshr.o ABSOLUTE
    ../clib/microlib/longlong.c              0x00000000   Number         0  llshl.o ABSOLUTE
    ../clib/microlib/longlong.c              0x00000000   Number         0  llushr.o ABSOLUTE
    ../clib/microlib/printf/printf.c         0x00000000   Number         0  printf4.o ABSOLUTE
    ../clib/microlib/printf/printf.c         0x00000000   Number         0  printfa.o ABSOLUTE
    ../clib/microlib/printf/printf.c         0x00000000   Number         0  printf6.o ABSOLUTE
    ../clib/microlib/printf/printf.c         0x00000000   Number         0  printf7.o ABSOLUTE
    ../clib/microlib/printf/printf.c         0x00000000   Number         0  printf8.o ABSOLUTE
    ../clib/microlib/printf/printf.c         0x00000000   Number         0  printf3.o ABSOLUTE
    ../clib/microlib/printf/printf.c         0x00000000   Number         0  printf2.o ABSOLUTE
    ../clib/microlib/printf/printf.c         0x00000000   Number         0  printf1.o ABSOLUTE
    ../clib/microlib/printf/printf.c         0x00000000   Number         0  printf0.o ABSOLUTE
    ../clib/microlib/printf/printf.c         0x00000000   Number         0  printf5.o ABSOLUTE
    ../clib/microlib/printf/printf.c         0x00000000   Number         0  printfb.o ABSOLUTE
    ../clib/microlib/printf/stubs.s          0x00000000   Number         0  stubs.o ABSOLUTE
    ../clib/microlib/stdio/fputc.c           0x00000000   Number         0  fputc.o ABSOLUTE
    ../clib/microlib/stdio/semi.s            0x00000000   Number         0  semi.o ABSOLUTE
    ../clib/microlib/stdio/streams.c         0x00000000   Number         0  stdout.o ABSOLUTE
    ../clib/microlib/string/memcpy.c         0x00000000   Number         0  memcpyb.o ABSOLUTE
    ../clib/microlib/string/memcpy.c         0x00000000   Number         0  memcpya.o ABSOLUTE
    ../clib/microlib/string/memset.c         0x00000000   Number         0  memseta.o ABSOLUTE
    ../clib/microlib/string/strncpy.c        0x00000000   Number         0  strncpy.o ABSOLUTE
    ../clib/microlib/string/strstr.c         0x00000000   Number         0  strstr.o ABSOLUTE
    ../clib/microlib/string/strtok.c         0x00000000   Number         0  strtok_r.o ABSOLUTE
    ../clib/microlib/string/strtok.c         0x00000000   Number         0  strtok.o ABSOLUTE
    ../clib/microlib/stubs.s                 0x00000000   Number         0  iusefp.o ABSOLUTE
    ../clib/microlib/stubs.s                 0x00000000   Number         0  iusesemip.o ABSOLUTE
    ../fplib/microlib/fpadd.c                0x00000000   Number         0  dadd.o ABSOLUTE
    ../fplib/microlib/fpdiv.c                0x00000000   Number         0  ddiv.o ABSOLUTE
    ../fplib/microlib/fpepilogue.c           0x00000000   Number         0  depilogue.o ABSOLUTE
    ../fplib/microlib/fpfix.c                0x00000000   Number         0  dfixui.o ABSOLUTE
    ../fplib/microlib/fpfix.c                0x00000000   Number         0  dfixul.o ABSOLUTE
    ../fplib/microlib/fpflt.c                0x00000000   Number         0  dfltui.o ABSOLUTE
    ../fplib/microlib/fpmul.c                0x00000000   Number         0  dmul.o ABSOLUTE
    FreeRTOS\\port.c                         0x00000000   Number         0  port.o ABSOLUTE
    FreeRTOS\croutine.c                      0x00000000   Number         0  croutine.o ABSOLUTE
    FreeRTOS\event_groups.c                  0x00000000   Number         0  event_groups.o ABSOLUTE
    FreeRTOS\heap_4.c                        0x00000000   Number         0  heap_4.o ABSOLUTE
    FreeRTOS\list.c                          0x00000000   Number         0  list.o ABSOLUTE
    FreeRTOS\port.c                          0x00000000   Number         0  port.o ABSOLUTE
    FreeRTOS\queue.c                         0x00000000   Number         0  queue.o ABSOLUTE
    FreeRTOS\stream_buffer.c                 0x00000000   Number         0  stream_buffer.o ABSOLUTE
    FreeRTOS\tasks.c                         0x00000000   Number         0  tasks.o ABSOLUTE
    FreeRTOS\timers.c                        0x00000000   Number         0  timers.o ABSOLUTE
    Lib\misc.c                               0x00000000   Number         0  misc.o ABSOLUTE
    Lib\stm32f10x_adc.c                      0x00000000   Number         0  stm32f10x_adc.o ABSOLUTE
    Lib\stm32f10x_bkp.c                      0x00000000   Number         0  stm32f10x_bkp.o ABSOLUTE
    Lib\stm32f10x_can.c                      0x00000000   Number         0  stm32f10x_can.o ABSOLUTE
    Lib\stm32f10x_cec.c                      0x00000000   Number         0  stm32f10x_cec.o ABSOLUTE
    Lib\stm32f10x_crc.c                      0x00000000   Number         0  stm32f10x_crc.o ABSOLUTE
    Lib\stm32f10x_dac.c                      0x00000000   Number         0  stm32f10x_dac.o ABSOLUTE
    Lib\stm32f10x_dbgmcu.c                   0x00000000   Number         0  stm32f10x_dbgmcu.o ABSOLUTE
    Lib\stm32f10x_dma.c                      0x00000000   Number         0  stm32f10x_dma.o ABSOLUTE
    Lib\stm32f10x_exti.c                     0x00000000   Number         0  stm32f10x_exti.o ABSOLUTE
    Lib\stm32f10x_flash.c                    0x00000000   Number         0  stm32f10x_flash.o ABSOLUTE
    Lib\stm32f10x_fsmc.c                     0x00000000   Number         0  stm32f10x_fsmc.o ABSOLUTE
    Lib\stm32f10x_gpio.c                     0x00000000   Number         0  stm32f10x_gpio.o ABSOLUTE
    Lib\stm32f10x_i2c.c                      0x00000000   Number         0  stm32f10x_i2c.o ABSOLUTE
    Lib\stm32f10x_it.c                       0x00000000   Number         0  stm32f10x_it.o ABSOLUTE
    Lib\stm32f10x_iwdg.c                     0x00000000   Number         0  stm32f10x_iwdg.o ABSOLUTE
    Lib\stm32f10x_pwr.c                      0x00000000   Number         0  stm32f10x_pwr.o ABSOLUTE
    Lib\stm32f10x_rcc.c                      0x00000000   Number         0  stm32f10x_rcc.o ABSOLUTE
    Lib\stm32f10x_rtc.c                      0x00000000   Number         0  stm32f10x_rtc.o ABSOLUTE
    Lib\stm32f10x_sdio.c                     0x00000000   Number         0  stm32f10x_sdio.o ABSOLUTE
    Lib\stm32f10x_spi.c                      0x00000000   Number         0  stm32f10x_spi.o ABSOLUTE
    Lib\stm32f10x_tim.c                      0x00000000   Number         0  stm32f10x_tim.o ABSOLUTE
    Lib\stm32f10x_usart.c                    0x00000000   Number         0  stm32f10x_usart.o ABSOLUTE
    Lib\stm32f10x_wwdg.c                     0x00000000   Number         0  stm32f10x_wwdg.o ABSOLUTE
    STM32Core\\core_cm3.c                    0x00000000   Number         0  core_cm3.o ABSOLUTE
    STM32Core\core_cm3.c                     0x00000000   Number         0  core_cm3.o ABSOLUTE
    STM32Core\startup_stm32f10x_md.s         0x00000000   Number         0  startup_stm32f10x_md.o ABSOLUTE
    STM32Core\system_stm32f10x.c             0x00000000   Number         0  system_stm32f10x.o ABSOLUTE
    User\main.c                              0x00000000   Number         0  main.o ABSOLUTE
    Utils\Delay.c                            0x00000000   Number         0  delay.o ABSOLUTE
    Utils\OLED.c                             0x00000000   Number         0  oled.o ABSOLUTE
    Utils\UART1.c                            0x00000000   Number         0  uart1.o ABSOLUTE
    cdrcmple.s                               0x00000000   Number         0  cdrcmple.o ABSOLUTE
    dc.s                                     0x00000000   Number         0  dc.o ABSOLUTE
    handlers.s                               0x00000000   Number         0  handlers.o ABSOLUTE
    init.s                                   0x00000000   Number         0  init.o ABSOLUTE
    RESET                                    0x08000000   Section      236  startup_stm32f10x_md.o(RESET)
    .ARM.Collect$$$$00000000                 0x080000ec   Section        0  entry.o(.ARM.Collect$$$$00000000)
    .ARM.Collect$$$$00000001                 0x080000ec   Section        4  entry2.o(.ARM.Collect$$$$00000001)
    .ARM.Collect$$$$00000004                 0x080000f0   Section        4  entry5.o(.ARM.Collect$$$$00000004)
    .ARM.Collect$$$$00000008                 0x080000f4   Section        0  entry7b.o(.ARM.Collect$$$$00000008)
    .ARM.Collect$$$$0000000A                 0x080000f4   Section        0  entry8b.o(.ARM.Collect$$$$0000000A)
    .ARM.Collect$$$$0000000B                 0x080000f4   Section        8  entry9a.o(.ARM.Collect$$$$0000000B)
    .ARM.Collect$$$$0000000E                 0x080000fc   Section        4  entry12b.o(.ARM.Collect$$$$0000000E)
    .ARM.Collect$$$$0000000F                 0x08000100   Section        0  entry10a.o(.ARM.Collect$$$$0000000F)
    .ARM.Collect$$$$00000011                 0x08000100   Section        0  entry11a.o(.ARM.Collect$$$$00000011)
    .ARM.Collect$$$$00002712                 0x08000100   Section        4  entry2.o(.ARM.Collect$$$$00002712)
    __lit__00000000                          0x08000100   Data           4  entry2.o(.ARM.Collect$$$$00002712)
    .emb_text                                0x08000104   Section      150  port.o(.emb_text)
    .text                                    0x0800019c   Section       36  startup_stm32f10x_md.o(.text)
    .text                                    0x080001c0   Section        0  uldiv.o(.text)
    .text                                    0x08000222   Section        0  memcpya.o(.text)
    .text                                    0x08000246   Section        0  memseta.o(.text)
    .text                                    0x0800026a   Section        0  strstr.o(.text)
    .text                                    0x0800028e   Section        0  strncpy.o(.text)
    .text                                    0x080002a8   Section        0  strtok.o(.text)
    .text                                    0x080002ec   Section        0  dadd.o(.text)
    .text                                    0x0800043a   Section        0  dmul.o(.text)
    .text                                    0x0800051e   Section        0  uidiv.o(.text)
    .text                                    0x0800054a   Section        0  llshl.o(.text)
    .text                                    0x08000568   Section        0  llushr.o(.text)
    .text                                    0x08000588   Section        0  llsshr.o(.text)
    .text                                    0x080005ac   Section        0  iusefp.o(.text)
    .text                                    0x080005ac   Section        0  depilogue.o(.text)
    .text                                    0x08000666   Section        0  ddiv.o(.text)
    .text                                    0x08000744   Section        0  dfixul.o(.text)
    .text                                    0x08000774   Section       48  cdrcmple.o(.text)
    .text                                    0x080007a4   Section       36  init.o(.text)
    i.ADC_Cmd                                0x080007c8   Section        0  stm32f10x_adc.o(i.ADC_Cmd)
    i.ADC_GetCalibrationStatus               0x080007de   Section        0  stm32f10x_adc.o(i.ADC_GetCalibrationStatus)
    i.ADC_GetConversionValue                 0x080007f2   Section        0  stm32f10x_adc.o(i.ADC_GetConversionValue)
    i.ADC_GetFlagStatus                      0x080007fa   Section        0  stm32f10x_adc.o(i.ADC_GetFlagStatus)
    i.ADC_GetResetCalibrationStatus          0x0800080c   Section        0  stm32f10x_adc.o(i.ADC_GetResetCalibrationStatus)
    i.ADC_Init                               0x08000820   Section        0  stm32f10x_adc.o(i.ADC_Init)
    i.ADC_Monitor_Task                       0x08000870   Section        0  main.o(i.ADC_Monitor_Task)
    i.ADC_RegularChannelConfig               0x08000896   Section        0  stm32f10x_adc.o(i.ADC_RegularChannelConfig)
    i.ADC_ResetCalibration                   0x0800094e   Section        0  stm32f10x_adc.o(i.ADC_ResetCalibration)
    i.ADC_SoftwareStartConvCmd               0x08000958   Section        0  stm32f10x_adc.o(i.ADC_SoftwareStartConvCmd)
    i.ADC_StartCalibration                   0x0800096e   Section        0  stm32f10x_adc.o(i.ADC_StartCalibration)
    i.AD_GetValue                            0x08000978   Section        0  uart1.o(i.AD_GetValue)
    i.AD_Init                                0x080009ac   Section        0  uart1.o(i.AD_Init)
    i.BusFault_Handler                       0x08000a40   Section        0  stm32f10x_it.o(i.BusFault_Handler)
    i.Buzzer_Beep                            0x08000a44   Section        0  uart1.o(i.Buzzer_Beep)
    i.Buzzer_Init                            0x08000a9c   Section        0  uart1.o(i.Buzzer_Init)
    i.DebugMon_Handler                       0x08000adc   Section        0  stm32f10x_it.o(i.DebugMon_Handler)
    i.GPIO_Init                              0x08000ade   Section        0  stm32f10x_gpio.o(i.GPIO_Init)
    i.GPIO_ReadInputDataBit                  0x08000bf4   Section        0  stm32f10x_gpio.o(i.GPIO_ReadInputDataBit)
    i.GPIO_ResetBits                         0x08000c06   Section        0  stm32f10x_gpio.o(i.GPIO_ResetBits)
    i.GPIO_SetBits                           0x08000c0a   Section        0  stm32f10x_gpio.o(i.GPIO_SetBits)
    i.GPIO_WriteBit                          0x08000c0e   Section        0  stm32f10x_gpio.o(i.GPIO_WriteBit)
    i.HardFault_Handler                      0x08000c18   Section        0  stm32f10x_it.o(i.HardFault_Handler)
    i.MemManage_Handler                      0x08000c1c   Section        0  stm32f10x_it.o(i.MemManage_Handler)
    i.NMI_Handler                            0x08000c20   Section        0  stm32f10x_it.o(i.NMI_Handler)
    i.NVIC_Init                              0x08000c24   Section        0  misc.o(i.NVIC_Init)
    i.NVIC_Init1                             0x08000c94   Section        0  uart1.o(i.NVIC_Init1)
    i.NVIC_Init2                             0x08000cec   Section        0  uart1.o(i.NVIC_Init2)
    i.NVIC_Init3                             0x08000d44   Section        0  uart1.o(i.NVIC_Init3)
    i.OLED_Clear                             0x08000d9c   Section        0  oled.o(i.OLED_Clear)
    i.OLED_I2C_Init                          0x08000dc8   Section        0  oled.o(i.OLED_I2C_Init)
    i.OLED_I2C_SendByte                      0x08000e14   Section        0  oled.o(i.OLED_I2C_SendByte)
    OLED_I2C_SendByte                        0x08000e15   Thumb Code    82  oled.o(i.OLED_I2C_SendByte)
    i.OLED_I2C_Start                         0x08000e6c   Section        0  oled.o(i.OLED_I2C_Start)
    OLED_I2C_Start                           0x08000e6d   Thumb Code    44  oled.o(i.OLED_I2C_Start)
    i.OLED_I2C_Stop                          0x08000e9c   Section        0  oled.o(i.OLED_I2C_Stop)
    OLED_I2C_Stop                            0x08000e9d   Thumb Code    34  oled.o(i.OLED_I2C_Stop)
    i.OLED_Init                              0x08000ec4   Section        0  oled.o(i.OLED_Init)
    i.OLED_SetCursor                         0x08000f72   Section        0  oled.o(i.OLED_SetCursor)
    OLED_SetCursor                           0x08000f73   Thumb Code    34  oled.o(i.OLED_SetCursor)
    i.OLED_ShowChar                          0x08000f94   Section        0  oled.o(i.OLED_ShowChar)
    i.OLED_ShowString                        0x08001008   Section        0  oled.o(i.OLED_ShowString)
    i.OLED_WriteCommand                      0x08001048   Section        0  oled.o(i.OLED_WriteCommand)
    OLED_WriteCommand                        0x08001049   Thumb Code    32  oled.o(i.OLED_WriteCommand)
    i.OLED_WriteData                         0x08001068   Section        0  oled.o(i.OLED_WriteData)
    OLED_WriteData                           0x08001069   Thumb Code    32  oled.o(i.OLED_WriteData)
    i.RCC_ADCCLKConfig                       0x08001088   Section        0  stm32f10x_rcc.o(i.RCC_ADCCLKConfig)
    i.RCC_APB1PeriphClockCmd                 0x080010a0   Section        0  stm32f10x_rcc.o(i.RCC_APB1PeriphClockCmd)
    i.RCC_APB2PeriphClockCmd                 0x080010c0   Section        0  stm32f10x_rcc.o(i.RCC_APB2PeriphClockCmd)
    i.RCC_GetClocksFreq                      0x080010e0   Section        0  stm32f10x_rcc.o(i.RCC_GetClocksFreq)
    i.SetSysClock                            0x080011b4   Section        0  system_stm32f10x.o(i.SetSysClock)
    SetSysClock                              0x080011b5   Thumb Code     8  system_stm32f10x.o(i.SetSysClock)
    i.SetSysClockTo72                        0x080011bc   Section        0  system_stm32f10x.o(i.SetSysClockTo72)
    SetSysClockTo72                          0x080011bd   Thumb Code   214  system_stm32f10x.o(i.SetSysClockTo72)
    i.SysTick_Handler                        0x0800129c   Section        0  port.o(i.SysTick_Handler)
    i.SystemInit                             0x080012d0   Section        0  system_stm32f10x.o(i.SystemInit)
    i.USART1_IRQHandler                      0x08001330   Section        0  uart1.o(i.USART1_IRQHandler)
    i.USART1_Init                            0x08001370   Section        0  uart1.o(i.USART1_Init)
    i.USART1_SendByte                        0x080013f8   Section        0  uart1.o(i.USART1_SendByte)
    i.USART2_IRQHandler                      0x08001418   Section        0  uart1.o(i.USART2_IRQHandler)
    i.USART2_Init                            0x08001458   Section        0  uart1.o(i.USART2_Init)
    i.USART2_SendByte                        0x080014dc   Section        0  uart1.o(i.USART2_SendByte)
    i.USART3_IRQHandler                      0x080014fc   Section        0  uart1.o(i.USART3_IRQHandler)
    i.USART3_Init                            0x0800153c   Section        0  uart1.o(i.USART3_Init)
    i.USART3_SendByte                        0x080015c4   Section        0  uart1.o(i.USART3_SendByte)
    i.USART_ClearITPendingBit                0x080015e4   Section        0  stm32f10x_usart.o(i.USART_ClearITPendingBit)
    i.USART_Cmd                              0x08001602   Section        0  stm32f10x_usart.o(i.USART_Cmd)
    i.USART_GetFlagStatus                    0x0800161a   Section        0  stm32f10x_usart.o(i.USART_GetFlagStatus)
    i.USART_GetITStatus                      0x08001634   Section        0  stm32f10x_usart.o(i.USART_GetITStatus)
    i.USART_ITConfig                         0x08001688   Section        0  stm32f10x_usart.o(i.USART_ITConfig)
    i.USART_Init                             0x080016d4   Section        0  stm32f10x_usart.o(i.USART_Init)
    i.USART_ReceiveData                      0x080017ac   Section        0  stm32f10x_usart.o(i.USART_ReceiveData)
    i.USART_SendData                         0x080017b6   Section        0  stm32f10x_usart.o(i.USART_SendData)
    i.UsageFault_Handler                     0x080017be   Section        0  stm32f10x_it.o(i.UsageFault_Handler)
    i.__0sprintf                             0x080017c4   Section        0  printfa.o(i.__0sprintf)
    i.__0vsprintf                            0x080017ec   Section        0  printfa.o(i.__0vsprintf)
    i.__scatterload_copy                     0x08001810   Section       14  handlers.o(i.__scatterload_copy)
    i.__scatterload_null                     0x0800181e   Section        2  handlers.o(i.__scatterload_null)
    i.__scatterload_zeroinit                 0x08001820   Section       14  handlers.o(i.__scatterload_zeroinit)
    i._fp_digits                             0x08001830   Section        0  printfa.o(i._fp_digits)
    _fp_digits                               0x08001831   Thumb Code   366  printfa.o(i._fp_digits)
    i._printf_core                           0x080019b4   Section        0  printfa.o(i._printf_core)
    _printf_core                             0x080019b5   Thumb Code  1704  printfa.o(i._printf_core)
    i._printf_post_padding                   0x08002068   Section        0  printfa.o(i._printf_post_padding)
    _printf_post_padding                     0x08002069   Thumb Code    36  printfa.o(i._printf_post_padding)
    i._printf_pre_padding                    0x0800208c   Section        0  printfa.o(i._printf_pre_padding)
    _printf_pre_padding                      0x0800208d   Thumb Code    46  printfa.o(i._printf_pre_padding)
    i._sputc                                 0x080020ba   Section        0  printfa.o(i._sputc)
    _sputc                                   0x080020bb   Thumb Code    10  printfa.o(i._sputc)
    i.getMSG                                 0x080020c4   Section        0  uart1.o(i.getMSG)
    i.main                                   0x08002100   Section        0  main.o(i.main)
    i.printf1                                0x0800223c   Section        0  uart1.o(i.printf1)
    i.printf2                                0x0800227c   Section        0  uart1.o(i.printf2)
    i.printf3                                0x080022bc   Section        0  uart1.o(i.printf3)
    i.prvAddCurrentTaskToDelayedList         0x080022fc   Section        0  tasks.o(i.prvAddCurrentTaskToDelayedList)
    prvAddCurrentTaskToDelayedList           0x080022fd   Thumb Code   174  tasks.o(i.prvAddCurrentTaskToDelayedList)
    i.prvAddNewTaskToReadyList               0x080023c8   Section        0  tasks.o(i.prvAddNewTaskToReadyList)
    prvAddNewTaskToReadyList                 0x080023c9   Thumb Code   212  tasks.o(i.prvAddNewTaskToReadyList)
    i.prvCheckTasksWaitingTermination        0x080024b8   Section        0  tasks.o(i.prvCheckTasksWaitingTermination)
    prvCheckTasksWaitingTermination          0x080024b9   Thumb Code    60  tasks.o(i.prvCheckTasksWaitingTermination)
    i.prvCopyDataFromQueue                   0x08002500   Section        0  queue.o(i.prvCopyDataFromQueue)
    prvCopyDataFromQueue                     0x08002501   Thumb Code    42  queue.o(i.prvCopyDataFromQueue)
    i.prvCopyDataToQueue                     0x0800252a   Section        0  queue.o(i.prvCopyDataToQueue)
    prvCopyDataToQueue                       0x0800252b   Thumb Code   126  queue.o(i.prvCopyDataToQueue)
    i.prvCreateIdleTasks                     0x080025a8   Section        0  tasks.o(i.prvCreateIdleTasks)
    prvCreateIdleTasks                       0x080025a9   Thumb Code    86  tasks.o(i.prvCreateIdleTasks)
    i.prvCreateTask                          0x08002610   Section        0  tasks.o(i.prvCreateTask)
    prvCreateTask                            0x08002611   Thumb Code    90  tasks.o(i.prvCreateTask)
    i.prvDeleteTCB                           0x0800266a   Section        0  tasks.o(i.prvDeleteTCB)
    prvDeleteTCB                             0x0800266b   Thumb Code    18  tasks.o(i.prvDeleteTCB)
    i.prvGetDisinheritPriorityAfterTimeout   0x0800267c   Section        0  queue.o(i.prvGetDisinheritPriorityAfterTimeout)
    prvGetDisinheritPriorityAfterTimeout     0x0800267d   Thumb Code    20  queue.o(i.prvGetDisinheritPriorityAfterTimeout)
    i.prvHeapInit                            0x08002690   Section        0  heap_4.o(i.prvHeapInit)
    prvHeapInit                              0x08002691   Thumb Code    88  heap_4.o(i.prvHeapInit)
    i.prvIdleTask                            0x080026fc   Section        0  tasks.o(i.prvIdleTask)
    prvIdleTask                              0x080026fd   Thumb Code    32  tasks.o(i.prvIdleTask)
    i.prvInitialiseMutex                     0x08002724   Section        0  queue.o(i.prvInitialiseMutex)
    prvInitialiseMutex                       0x08002725   Thumb Code    30  queue.o(i.prvInitialiseMutex)
    i.prvInitialiseNewQueue                  0x08002742   Section        0  queue.o(i.prvInitialiseNewQueue)
    prvInitialiseNewQueue                    0x08002743   Thumb Code    38  queue.o(i.prvInitialiseNewQueue)
    i.prvInitialiseNewTask                   0x08002768   Section        0  tasks.o(i.prvInitialiseNewTask)
    prvInitialiseNewTask                     0x08002769   Thumb Code   124  tasks.o(i.prvInitialiseNewTask)
    i.prvInitialiseTaskLists                 0x080027e4   Section        0  tasks.o(i.prvInitialiseTaskLists)
    prvInitialiseTaskLists                   0x080027e5   Thumb Code    70  tasks.o(i.prvInitialiseTaskLists)
    i.prvInsertBlockIntoFreeList             0x0800284c   Section        0  heap_4.o(i.prvInsertBlockIntoFreeList)
    prvInsertBlockIntoFreeList               0x0800284d   Thumb Code    96  heap_4.o(i.prvInsertBlockIntoFreeList)
    i.prvIsQueueEmpty                        0x080028b4   Section        0  queue.o(i.prvIsQueueEmpty)
    prvIsQueueEmpty                          0x080028b5   Thumb Code    26  queue.o(i.prvIsQueueEmpty)
    i.prvIsQueueFull                         0x080028ce   Section        0  queue.o(i.prvIsQueueFull)
    prvIsQueueFull                           0x080028cf   Thumb Code    30  queue.o(i.prvIsQueueFull)
    i.prvResetNextTaskUnblockTime            0x080028ec   Section        0  tasks.o(i.prvResetNextTaskUnblockTime)
    prvResetNextTaskUnblockTime              0x080028ed   Thumb Code    40  tasks.o(i.prvResetNextTaskUnblockTime)
    i.prvTaskExitError                       0x0800291c   Section        0  port.o(i.prvTaskExitError)
    prvTaskExitError                         0x0800291d   Thumb Code    22  port.o(i.prvTaskExitError)
    i.prvUnlockQueue                         0x08002932   Section        0  queue.o(i.prvUnlockQueue)
    prvUnlockQueue                           0x08002933   Thumb Code   126  queue.o(i.prvUnlockQueue)
    i.pvPortMalloc                           0x080029b0   Section        0  heap_4.o(i.pvPortMalloc)
    i.pvTaskIncrementMutexHeldCount          0x08002ab0   Section        0  tasks.o(i.pvTaskIncrementMutexHeldCount)
    i.pxPortInitialiseStack                  0x08002ac4   Section        0  port.o(i.pxPortInitialiseStack)
    i.task1                                  0x08002ae8   Section        0  main.o(i.task1)
    i.task2                                  0x08002c54   Section        0  main.o(i.task2)
    i.task3                                  0x080031a0   Section        0  main.o(i.task3)
    i.taskADC                                0x080032f4   Section        0  main.o(i.taskADC)
    i.uxListRemove                           0x0800334c   Section        0  list.o(i.uxListRemove)
    i.uxTaskGetNumberOfTasks                 0x08003374   Section        0  tasks.o(i.uxTaskGetNumberOfTasks)
    i.vListInitialise                        0x08003380   Section        0  list.o(i.vListInitialise)
    i.vListInitialiseItem                    0x0800339a   Section        0  list.o(i.vListInitialiseItem)
    i.vListInsert                            0x080033a0   Section        0  list.o(i.vListInsert)
    i.vPortEnterCritical                     0x080033d4   Section        0  port.o(i.vPortEnterCritical)
    i.vPortExitCritical                      0x080033f8   Section        0  port.o(i.vPortExitCritical)
    i.vPortFree                              0x08003418   Section        0  heap_4.o(i.vPortFree)
    i.vPortSetupTimerInterrupt               0x08003464   Section        0  port.o(i.vPortSetupTimerInterrupt)
    i.vTaskDelay                             0x0800347c   Section        0  tasks.o(i.vTaskDelay)
    i.vTaskInternalSetTimeOutState           0x080034b0   Section        0  tasks.o(i.vTaskInternalSetTimeOutState)
    i.vTaskMissedYield                       0x080034c8   Section        0  tasks.o(i.vTaskMissedYield)
    i.vTaskPlaceOnEventList                  0x080034d4   Section        0  tasks.o(i.vTaskPlaceOnEventList)
    i.vTaskPriorityDisinheritAfterTimeout    0x080034f4   Section        0  tasks.o(i.vTaskPriorityDisinheritAfterTimeout)
    i.vTaskStartScheduler                    0x080035d0   Section        0  tasks.o(i.vTaskStartScheduler)
    i.vTaskSuspendAll                        0x0800361c   Section        0  tasks.o(i.vTaskSuspendAll)
    i.vTaskSwitchContext                     0x0800362c   Section        0  tasks.o(i.vTaskSwitchContext)
    i.waitForResponse                        0x08003694   Section        0  main.o(i.waitForResponse)
    i.xPortStartScheduler                    0x080036f8   Section        0  port.o(i.xPortStartScheduler)
    i.xQueueCreateMutex                      0x0800372c   Section        0  queue.o(i.xQueueCreateMutex)
    i.xQueueGenericCreate                    0x0800374e   Section        0  queue.o(i.xQueueGenericCreate)
    i.xQueueGenericReset                     0x0800379c   Section        0  queue.o(i.xQueueGenericReset)
    i.xQueueGenericSend                      0x0800383c   Section        0  queue.o(i.xQueueGenericSend)
    i.xQueueGenericSendFromISR               0x08003954   Section        0  queue.o(i.xQueueGenericSendFromISR)
    i.xQueueReceive                          0x080039f0   Section        0  queue.o(i.xQueueReceive)
    i.xQueueSemaphoreTake                    0x08003af4   Section        0  queue.o(i.xQueueSemaphoreTake)
    i.xTaskCheckForTimeOut                   0x08003c24   Section        0  tasks.o(i.xTaskCheckForTimeOut)
    i.xTaskCreate                            0x08003c84   Section        0  tasks.o(i.xTaskCreate)
    i.xTaskGenericNotify                     0x08003cbc   Section        0  tasks.o(i.xTaskGenericNotify)
    i.xTaskGenericNotifyWait                 0x08003e18   Section        0  tasks.o(i.xTaskGenericNotifyWait)
    i.xTaskIncrementTick                     0x08003ee8   Section        0  tasks.o(i.xTaskIncrementTick)
    i.xTaskPriorityDisinherit                0x08004088   Section        0  tasks.o(i.xTaskPriorityDisinherit)
    i.xTaskPriorityInherit                   0x0800413c   Section        0  tasks.o(i.xTaskPriorityInherit)
    i.xTaskRemoveFromEventList               0x08004230   Section        0  tasks.o(i.xTaskRemoveFromEventList)
    i.xTaskResumeAll                         0x08004348   Section        0  tasks.o(i.xTaskResumeAll)
    .constdata                               0x080044c4   Section     1520  oled.o(.constdata)
    .constdata                               0x08004ab4   Section      121  main.o(.constdata)
    .data                                    0x20000000   Section       20  stm32f10x_rcc.o(.data)
    APBAHBPrescTable                         0x20000000   Data          16  stm32f10x_rcc.o(.data)
    ADCPrescTable                            0x20000010   Data           4  stm32f10x_rcc.o(.data)
    .data                                    0x20000014   Section       28  heap_4.o(.data)
    xStart                                   0x20000014   Data           8  heap_4.o(.data)
    pxEnd                                    0x2000001c   Data           4  heap_4.o(.data)
    xFreeBytesRemaining                      0x20000020   Data           4  heap_4.o(.data)
    xMinimumEverFreeBytesRemaining           0x20000024   Data           4  heap_4.o(.data)
    xNumberOfSuccessfulAllocations           0x20000028   Data           4  heap_4.o(.data)
    xNumberOfSuccessfulFrees                 0x2000002c   Data           4  heap_4.o(.data)
    .data                                    0x20000030   Section        4  port.o(.data)
    uxCriticalNesting                        0x20000030   Data           4  port.o(.data)
    .data                                    0x20000034   Section       64  tasks.o(.data)
    pxDelayedTaskList                        0x20000038   Data           4  tasks.o(.data)
    pxOverflowDelayedTaskList                0x2000003c   Data           4  tasks.o(.data)
    uxDeletedTasksWaitingCleanUp             0x20000040   Data           4  tasks.o(.data)
    uxCurrentNumberOfTasks                   0x20000044   Data           4  tasks.o(.data)
    xTickCount                               0x20000048   Data           4  tasks.o(.data)
    uxTopReadyPriority                       0x2000004c   Data           4  tasks.o(.data)
    xSchedulerRunning                        0x20000050   Data           4  tasks.o(.data)
    xPendedTicks                             0x20000054   Data           4  tasks.o(.data)
    xYieldPendings                           0x20000058   Data           4  tasks.o(.data)
    xNumOfOverflows                          0x2000005c   Data           4  tasks.o(.data)
    uxTaskNumber                             0x20000060   Data           4  tasks.o(.data)
    xNextTaskUnblockTime                     0x20000064   Data           4  tasks.o(.data)
    xIdleTaskHandles                         0x20000068   Data           4  tasks.o(.data)
    uxTopUsedPriority                        0x2000006c   Data           4  tasks.o(.data)
    uxSchedulerSuspended                     0x20000070   Data           4  tasks.o(.data)
    .data                                    0x20000074   Section       12  uart1.o(.data)
    .data                                    0x20000080   Section       24  main.o(.data)
    .data                                    0x20000098   Section        4  strtok.o(.data)
    state                                    0x20000098   Data           4  strtok.o(.data)
    .bss                                     0x2000009c   Section    17408  heap_4.o(.bss)
    ucHeap                                   0x2000009c   Data       17408  heap_4.o(.bss)
    .bss                                     0x2000449c   Section      200  tasks.o(.bss)
    pxReadyTasksLists                        0x2000449c   Data         100  tasks.o(.bss)
    xDelayedTaskList1                        0x20004500   Data          20  tasks.o(.bss)
    xDelayedTaskList2                        0x20004514   Data          20  tasks.o(.bss)
    xPendingReadyList                        0x20004528   Data          20  tasks.o(.bss)
    xTasksWaitingTermination                 0x2000453c   Data          20  tasks.o(.bss)
    xSuspendedTaskList                       0x20004550   Data          20  tasks.o(.bss)
    .bss                                     0x20004564   Section      340  main.o(.bss)
    STACK                                    0x200046b8   Section     1024  startup_stm32f10x_md.o(STACK)

    Global Symbols

    Symbol Name                              Value     Ov Type        Size  Object(Section)

    BuildAttributes$$THM_ISAv4$P$D$K$B$S$PE$A:L22UL41UL21$X:L11$S22US41US21$IEEE1$IW$USESV6$~STKCKD$USESV7$~SHL$OSPACE$ROPI$EBA8$MICROLIB$REQ8$PRES8$EABIv2 0x00000000   Number         0  anon$$obj.o ABSOLUTE
    __ARM_use_no_argv                        0x00000000   Number         0  main.o ABSOLUTE
    _printf_a                                0x00000000   Number         0  stubs.o ABSOLUTE
    _printf_c                                0x00000000   Number         0  stubs.o ABSOLUTE
    _printf_charcount                        0x00000000   Number         0  stubs.o ABSOLUTE
    _printf_d                                0x00000000   Number         0  stubs.o ABSOLUTE
    _printf_e                                0x00000000   Number         0  stubs.o ABSOLUTE
    _printf_f                                0x00000000   Number         0  stubs.o ABSOLUTE
    _printf_flags                            0x00000000   Number         0  stubs.o ABSOLUTE
    _printf_fp_dec                           0x00000000   Number         0  stubs.o ABSOLUTE
    _printf_fp_hex                           0x00000000   Number         0  stubs.o ABSOLUTE
    _printf_g                                0x00000000   Number         0  stubs.o ABSOLUTE
    _printf_i                                0x00000000   Number         0  stubs.o ABSOLUTE
    _printf_int_dec                          0x00000000   Number         0  stubs.o ABSOLUTE
    _printf_l                                0x00000000   Number         0  stubs.o ABSOLUTE
    _printf_lc                               0x00000000   Number         0  stubs.o ABSOLUTE
    _printf_ll                               0x00000000   Number         0  stubs.o ABSOLUTE
    _printf_lld                              0x00000000   Number         0  stubs.o ABSOLUTE
    _printf_lli                              0x00000000   Number         0  stubs.o ABSOLUTE
    _printf_llo                              0x00000000   Number         0  stubs.o ABSOLUTE
    _printf_llu                              0x00000000   Number         0  stubs.o ABSOLUTE
    _printf_llx                              0x00000000   Number         0  stubs.o ABSOLUTE
    _printf_longlong_dec                     0x00000000   Number         0  stubs.o ABSOLUTE
    _printf_longlong_hex                     0x00000000   Number         0  stubs.o ABSOLUTE
    _printf_longlong_oct                     0x00000000   Number         0  stubs.o ABSOLUTE
    _printf_ls                               0x00000000   Number         0  stubs.o ABSOLUTE
    _printf_mbtowc                           0x00000000   Number         0  stubs.o ABSOLUTE
    _printf_n                                0x00000000   Number         0  stubs.o ABSOLUTE
    _printf_o                                0x00000000   Number         0  stubs.o ABSOLUTE
    _printf_p                                0x00000000   Number         0  stubs.o ABSOLUTE
    _printf_percent                          0x00000000   Number         0  stubs.o ABSOLUTE
    _printf_pre_padding                      0x00000000   Number         0  stubs.o ABSOLUTE
    _printf_return_value                     0x00000000   Number         0  stubs.o ABSOLUTE
    _printf_s                                0x00000000   Number         0  stubs.o ABSOLUTE
    _printf_sizespec                         0x00000000   Number         0  stubs.o ABSOLUTE
    _printf_str                              0x00000000   Number         0  stubs.o ABSOLUTE
    _printf_truncate_signed                  0x00000000   Number         0  stubs.o ABSOLUTE
    _printf_truncate_unsigned                0x00000000   Number         0  stubs.o ABSOLUTE
    _printf_u                                0x00000000   Number         0  stubs.o ABSOLUTE
    _printf_wc                               0x00000000   Number         0  stubs.o ABSOLUTE
    _printf_wctomb                           0x00000000   Number         0  stubs.o ABSOLUTE
    _printf_widthprec                        0x00000000   Number         0  stubs.o ABSOLUTE
    _printf_x                                0x00000000   Number         0  stubs.o ABSOLUTE
    __arm_fini_                               - Undefined Weak Reference
    __cpp_initialize__aeabi_                  - Undefined Weak Reference
    __cxa_finalize                            - Undefined Weak Reference
    __decompress                              - Undefined Weak Reference
    _clock_init                               - Undefined Weak Reference
    _microlib_exit                            - Undefined Weak Reference
    __Vectors_Size                           0x000000ec   Number         0  startup_stm32f10x_md.o ABSOLUTE
    __Vectors                                0x08000000   Data           4  startup_stm32f10x_md.o(RESET)
    __Vectors_End                            0x080000ec   Data           0  startup_stm32f10x_md.o(RESET)
    __main                                   0x080000ed   Thumb Code     0  entry.o(.ARM.Collect$$$$00000000)
    _main_stk                                0x080000ed   Thumb Code     0  entry2.o(.ARM.Collect$$$$00000001)
    _main_scatterload                        0x080000f1   Thumb Code     0  entry5.o(.ARM.Collect$$$$00000004)
    __main_after_scatterload                 0x080000f5   Thumb Code     0  entry5.o(.ARM.Collect$$$$00000004)
    _main_clock                              0x080000f5   Thumb Code     0  entry7b.o(.ARM.Collect$$$$00000008)
    _main_cpp_init                           0x080000f5   Thumb Code     0  entry8b.o(.ARM.Collect$$$$0000000A)
    _main_init                               0x080000f5   Thumb Code     0  entry9a.o(.ARM.Collect$$$$0000000B)
    __rt_lib_shutdown_fini                   0x080000fd   Thumb Code     0  entry12b.o(.ARM.Collect$$$$0000000E)
    __rt_final_cpp                           0x08000101   Thumb Code     0  entry10a.o(.ARM.Collect$$$$0000000F)
    __rt_final_exit                          0x08000101   Thumb Code     0  entry11a.o(.ARM.Collect$$$$00000011)
    SVC_Handler                              0x08000105   Thumb Code    32  port.o(.emb_text)
    __asm___6_port_c_39a90d8d__prvStartFirstTask 0x08000129   Thumb Code    28  port.o(.emb_text)
    PendSV_Handler                           0x08000149   Thumb Code    72  port.o(.emb_text)
    vPortGetIPSR                             0x08000195   Thumb Code     6  port.o(.emb_text)
    Reset_Handler                            0x0800019d   Thumb Code     8  startup_stm32f10x_md.o(.text)
    ADC1_2_IRQHandler                        0x080001b7   Thumb Code     0  startup_stm32f10x_md.o(.text)
    CAN1_RX1_IRQHandler                      0x080001b7   Thumb Code     0  startup_stm32f10x_md.o(.text)
    CAN1_SCE_IRQHandler                      0x080001b7   Thumb Code     0  startup_stm32f10x_md.o(.text)
    DMA1_Channel1_IRQHandler                 0x080001b7   Thumb Code     0  startup_stm32f10x_md.o(.text)
    DMA1_Channel2_IRQHandler                 0x080001b7   Thumb Code     0  startup_stm32f10x_md.o(.text)
    DMA1_Channel3_IRQHandler                 0x080001b7   Thumb Code     0  startup_stm32f10x_md.o(.text)
    DMA1_Channel4_IRQHandler                 0x080001b7   Thumb Code     0  startup_stm32f10x_md.o(.text)
    DMA1_Channel5_IRQHandler                 0x080001b7   Thumb Code     0  startup_stm32f10x_md.o(.text)
    DMA1_Channel6_IRQHandler                 0x080001b7   Thumb Code     0  startup_stm32f10x_md.o(.text)
    DMA1_Channel7_IRQHandler                 0x080001b7   Thumb Code     0  startup_stm32f10x_md.o(.text)
    EXTI0_IRQHandler                         0x080001b7   Thumb Code     0  startup_stm32f10x_md.o(.text)
    EXTI15_10_IRQHandler                     0x080001b7   Thumb Code     0  startup_stm32f10x_md.o(.text)
    EXTI1_IRQHandler                         0x080001b7   Thumb Code     0  startup_stm32f10x_md.o(.text)
    EXTI2_IRQHandler                         0x080001b7   Thumb Code     0  startup_stm32f10x_md.o(.text)
    EXTI3_IRQHandler                         0x080001b7   Thumb Code     0  startup_stm32f10x_md.o(.text)
    EXTI4_IRQHandler                         0x080001b7   Thumb Code     0  startup_stm32f10x_md.o(.text)
    EXTI9_5_IRQHandler                       0x080001b7   Thumb Code     0  startup_stm32f10x_md.o(.text)
    FLASH_IRQHandler                         0x080001b7   Thumb Code     0  startup_stm32f10x_md.o(.text)
    I2C1_ER_IRQHandler                       0x080001b7   Thumb Code     0  startup_stm32f10x_md.o(.text)
    I2C1_EV_IRQHandler                       0x080001b7   Thumb Code     0  startup_stm32f10x_md.o(.text)
    I2C2_ER_IRQHandler                       0x080001b7   Thumb Code     0  startup_stm32f10x_md.o(.text)
    I2C2_EV_IRQHandler                       0x080001b7   Thumb Code     0  startup_stm32f10x_md.o(.text)
    PVD_IRQHandler                           0x080001b7   Thumb Code     0  startup_stm32f10x_md.o(.text)
    RCC_IRQHandler                           0x080001b7   Thumb Code     0  startup_stm32f10x_md.o(.text)
    RTCAlarm_IRQHandler                      0x080001b7   Thumb Code     0  startup_stm32f10x_md.o(.text)
    RTC_IRQHandler                           0x080001b7   Thumb Code     0  startup_stm32f10x_md.o(.text)
    SPI1_IRQHandler                          0x080001b7   Thumb Code     0  startup_stm32f10x_md.o(.text)
    SPI2_IRQHandler                          0x080001b7   Thumb Code     0  startup_stm32f10x_md.o(.text)
    TAMPER_IRQHandler                        0x080001b7   Thumb Code     0  startup_stm32f10x_md.o(.text)
    TIM1_BRK_IRQHandler                      0x080001b7   Thumb Code     0  startup_stm32f10x_md.o(.text)
    TIM1_CC_IRQHandler                       0x080001b7   Thumb Code     0  startup_stm32f10x_md.o(.text)
    TIM1_TRG_COM_IRQHandler                  0x080001b7   Thumb Code     0  startup_stm32f10x_md.o(.text)
    TIM1_UP_IRQHandler                       0x080001b7   Thumb Code     0  startup_stm32f10x_md.o(.text)
    TIM2_IRQHandler                          0x080001b7   Thumb Code     0  startup_stm32f10x_md.o(.text)
    TIM3_IRQHandler                          0x080001b7   Thumb Code     0  startup_stm32f10x_md.o(.text)
    TIM4_IRQHandler                          0x080001b7   Thumb Code     0  startup_stm32f10x_md.o(.text)
    USBWakeUp_IRQHandler                     0x080001b7   Thumb Code     0  startup_stm32f10x_md.o(.text)
    USB_HP_CAN1_TX_IRQHandler                0x080001b7   Thumb Code     0  startup_stm32f10x_md.o(.text)
    USB_LP_CAN1_RX0_IRQHandler               0x080001b7   Thumb Code     0  startup_stm32f10x_md.o(.text)
    WWDG_IRQHandler                          0x080001b7   Thumb Code     0  startup_stm32f10x_md.o(.text)
    __aeabi_uldivmod                         0x080001c1   Thumb Code    98  uldiv.o(.text)
    __aeabi_memcpy                           0x08000223   Thumb Code    36  memcpya.o(.text)
    __aeabi_memcpy4                          0x08000223   Thumb Code     0  memcpya.o(.text)
    __aeabi_memcpy8                          0x08000223   Thumb Code     0  memcpya.o(.text)
    __aeabi_memset                           0x08000247   Thumb Code    14  memseta.o(.text)
    __aeabi_memset4                          0x08000247   Thumb Code     0  memseta.o(.text)
    __aeabi_memset8                          0x08000247   Thumb Code     0  memseta.o(.text)
    __aeabi_memclr                           0x08000255   Thumb Code     4  memseta.o(.text)
    __aeabi_memclr4                          0x08000255   Thumb Code     0  memseta.o(.text)
    __aeabi_memclr8                          0x08000255   Thumb Code     0  memseta.o(.text)
    _memset$wrapper                          0x08000259   Thumb Code    18  memseta.o(.text)
    strstr                                   0x0800026b   Thumb Code    36  strstr.o(.text)
    strncpy                                  0x0800028f   Thumb Code    24  strncpy.o(.text)
    strtok                                   0x080002a9   Thumb Code    62  strtok.o(.text)
    __aeabi_dadd                             0x080002ed   Thumb Code   322  dadd.o(.text)
    __aeabi_dsub                             0x0800042f   Thumb Code     6  dadd.o(.text)
    __aeabi_drsub                            0x08000435   Thumb Code     6  dadd.o(.text)
    __aeabi_dmul                             0x0800043b   Thumb Code   228  dmul.o(.text)
    __aeabi_uidiv                            0x0800051f   Thumb Code     0  uidiv.o(.text)
    __aeabi_uidivmod                         0x0800051f   Thumb Code    44  uidiv.o(.text)
    __aeabi_llsl                             0x0800054b   Thumb Code    30  llshl.o(.text)
    _ll_shift_l                              0x0800054b   Thumb Code     0  llshl.o(.text)
    __aeabi_llsr                             0x08000569   Thumb Code    32  llushr.o(.text)
    _ll_ushift_r                             0x08000569   Thumb Code     0  llushr.o(.text)
    __aeabi_lasr                             0x08000589   Thumb Code    36  llsshr.o(.text)
    _ll_sshift_r                             0x08000589   Thumb Code     0  llsshr.o(.text)
    __I$use$fp                               0x080005ad   Thumb Code     0  iusefp.o(.text)
    _double_round                            0x080005ad   Thumb Code    30  depilogue.o(.text)
    _double_epilogue                         0x080005cb   Thumb Code   156  depilogue.o(.text)
    __aeabi_ddiv                             0x08000667   Thumb Code   222  ddiv.o(.text)
    __aeabi_d2ulz                            0x08000745   Thumb Code    48  dfixul.o(.text)
    __aeabi_cdrcmple                         0x08000775   Thumb Code    48  cdrcmple.o(.text)
    __scatterload                            0x080007a5   Thumb Code    28  init.o(.text)
    __scatterload_rt2                        0x080007a5   Thumb Code     0  init.o(.text)
    ADC_Cmd                                  0x080007c9   Thumb Code    22  stm32f10x_adc.o(i.ADC_Cmd)
    ADC_GetCalibrationStatus                 0x080007df   Thumb Code    20  stm32f10x_adc.o(i.ADC_GetCalibrationStatus)
    ADC_GetConversionValue                   0x080007f3   Thumb Code     8  stm32f10x_adc.o(i.ADC_GetConversionValue)
    ADC_GetFlagStatus                        0x080007fb   Thumb Code    18  stm32f10x_adc.o(i.ADC_GetFlagStatus)
    ADC_GetResetCalibrationStatus            0x0800080d   Thumb Code    20  stm32f10x_adc.o(i.ADC_GetResetCalibrationStatus)
    ADC_Init                                 0x08000821   Thumb Code    70  stm32f10x_adc.o(i.ADC_Init)
    ADC_Monitor_Task                         0x08000871   Thumb Code    38  main.o(i.ADC_Monitor_Task)
    ADC_RegularChannelConfig                 0x08000897   Thumb Code   184  stm32f10x_adc.o(i.ADC_RegularChannelConfig)
    ADC_ResetCalibration                     0x0800094f   Thumb Code    10  stm32f10x_adc.o(i.ADC_ResetCalibration)
    ADC_SoftwareStartConvCmd                 0x08000959   Thumb Code    22  stm32f10x_adc.o(i.ADC_SoftwareStartConvCmd)
    ADC_StartCalibration                     0x0800096f   Thumb Code    10  stm32f10x_adc.o(i.ADC_StartCalibration)
    AD_GetValue                              0x08000979   Thumb Code    46  uart1.o(i.AD_GetValue)
    AD_Init                                  0x080009ad   Thumb Code   138  uart1.o(i.AD_Init)
    BusFault_Handler                         0x08000a41   Thumb Code     4  stm32f10x_it.o(i.BusFault_Handler)
    Buzzer_Beep                              0x08000a45   Thumb Code    84  uart1.o(i.Buzzer_Beep)
    Buzzer_Init                              0x08000a9d   Thumb Code    60  uart1.o(i.Buzzer_Init)
    DebugMon_Handler                         0x08000add   Thumb Code     2  stm32f10x_it.o(i.DebugMon_Handler)
    GPIO_Init                                0x08000adf   Thumb Code   278  stm32f10x_gpio.o(i.GPIO_Init)
    GPIO_ReadInputDataBit                    0x08000bf5   Thumb Code    18  stm32f10x_gpio.o(i.GPIO_ReadInputDataBit)
    GPIO_ResetBits                           0x08000c07   Thumb Code     4  stm32f10x_gpio.o(i.GPIO_ResetBits)
    GPIO_SetBits                             0x08000c0b   Thumb Code     4  stm32f10x_gpio.o(i.GPIO_SetBits)
    GPIO_WriteBit                            0x08000c0f   Thumb Code    10  stm32f10x_gpio.o(i.GPIO_WriteBit)
    HardFault_Handler                        0x08000c19   Thumb Code     4  stm32f10x_it.o(i.HardFault_Handler)
    MemManage_Handler                        0x08000c1d   Thumb Code     4  stm32f10x_it.o(i.MemManage_Handler)
    NMI_Handler                              0x08000c21   Thumb Code     2  stm32f10x_it.o(i.NMI_Handler)
    NVIC_Init                                0x08000c25   Thumb Code   100  misc.o(i.NVIC_Init)
    NVIC_Init1                               0x08000c95   Thumb Code    72  uart1.o(i.NVIC_Init1)
    NVIC_Init2                               0x08000ced   Thumb Code    72  uart1.o(i.NVIC_Init2)
    NVIC_Init3                               0x08000d45   Thumb Code    72  uart1.o(i.NVIC_Init3)
    OLED_Clear                               0x08000d9d   Thumb Code    42  oled.o(i.OLED_Clear)
    OLED_I2C_Init                            0x08000dc9   Thumb Code    72  oled.o(i.OLED_I2C_Init)
    OLED_Init                                0x08000ec5   Thumb Code   174  oled.o(i.OLED_Init)
    OLED_ShowChar                            0x08000f95   Thumb Code   110  oled.o(i.OLED_ShowChar)
    OLED_ShowString                          0x08001009   Thumb Code    64  oled.o(i.OLED_ShowString)
    RCC_ADCCLKConfig                         0x08001089   Thumb Code    18  stm32f10x_rcc.o(i.RCC_ADCCLKConfig)
    RCC_APB1PeriphClockCmd                   0x080010a1   Thumb Code    26  stm32f10x_rcc.o(i.RCC_APB1PeriphClockCmd)
    RCC_APB2PeriphClockCmd                   0x080010c1   Thumb Code    26  stm32f10x_rcc.o(i.RCC_APB2PeriphClockCmd)
    RCC_GetClocksFreq                        0x080010e1   Thumb Code   192  stm32f10x_rcc.o(i.RCC_GetClocksFreq)
    SysTick_Handler                          0x0800129d   Thumb Code    46  port.o(i.SysTick_Handler)
    SystemInit                               0x080012d1   Thumb Code    78  system_stm32f10x.o(i.SystemInit)
    USART1_IRQHandler                        0x08001331   Thumb Code    56  uart1.o(i.USART1_IRQHandler)
    USART1_Init                              0x08001371   Thumb Code   128  uart1.o(i.USART1_Init)
    USART1_SendByte                          0x080013f9   Thumb Code    28  uart1.o(i.USART1_SendByte)
    USART2_IRQHandler                        0x08001419   Thumb Code    56  uart1.o(i.USART2_IRQHandler)
    USART2_Init                              0x08001459   Thumb Code   124  uart1.o(i.USART2_Init)
    USART2_SendByte                          0x080014dd   Thumb Code    28  uart1.o(i.USART2_SendByte)
    USART3_IRQHandler                        0x080014fd   Thumb Code    56  uart1.o(i.USART3_IRQHandler)
    USART3_Init                              0x0800153d   Thumb Code   128  uart1.o(i.USART3_Init)
    USART3_SendByte                          0x080015c5   Thumb Code    28  uart1.o(i.USART3_SendByte)
    USART_ClearITPendingBit                  0x080015e5   Thumb Code    30  stm32f10x_usart.o(i.USART_ClearITPendingBit)
    USART_Cmd                                0x08001603   Thumb Code    24  stm32f10x_usart.o(i.USART_Cmd)
    USART_GetFlagStatus                      0x0800161b   Thumb Code    26  stm32f10x_usart.o(i.USART_GetFlagStatus)
    USART_GetITStatus                        0x08001635   Thumb Code    84  stm32f10x_usart.o(i.USART_GetITStatus)
    USART_ITConfig                           0x08001689   Thumb Code    74  stm32f10x_usart.o(i.USART_ITConfig)
    USART_Init                               0x080016d5   Thumb Code   210  stm32f10x_usart.o(i.USART_Init)
    USART_ReceiveData                        0x080017ad   Thumb Code    10  stm32f10x_usart.o(i.USART_ReceiveData)
    USART_SendData                           0x080017b7   Thumb Code     8  stm32f10x_usart.o(i.USART_SendData)
    UsageFault_Handler                       0x080017bf   Thumb Code     4  stm32f10x_it.o(i.UsageFault_Handler)
    __0sprintf                               0x080017c5   Thumb Code    34  printfa.o(i.__0sprintf)
    __1sprintf                               0x080017c5   Thumb Code     0  printfa.o(i.__0sprintf)
    __2sprintf                               0x080017c5   Thumb Code     0  printfa.o(i.__0sprintf)
    __c89sprintf                             0x080017c5   Thumb Code     0  printfa.o(i.__0sprintf)
    sprintf                                  0x080017c5   Thumb Code     0  printfa.o(i.__0sprintf)
    __0vsprintf                              0x080017ed   Thumb Code    30  printfa.o(i.__0vsprintf)
    __1vsprintf                              0x080017ed   Thumb Code     0  printfa.o(i.__0vsprintf)
    __2vsprintf                              0x080017ed   Thumb Code     0  printfa.o(i.__0vsprintf)
    __c89vsprintf                            0x080017ed   Thumb Code     0  printfa.o(i.__0vsprintf)
    vsprintf                                 0x080017ed   Thumb Code     0  printfa.o(i.__0vsprintf)
    __scatterload_copy                       0x08001811   Thumb Code    14  handlers.o(i.__scatterload_copy)
    __scatterload_null                       0x0800181f   Thumb Code     2  handlers.o(i.__scatterload_null)
    __scatterload_zeroinit                   0x08001821   Thumb Code    14  handlers.o(i.__scatterload_zeroinit)
    getMSG                                   0x080020c5   Thumb Code    34  uart1.o(i.getMSG)
    main                                     0x08002101   Thumb Code   192  main.o(i.main)
    printf1                                  0x0800223d   Thumb Code    64  uart1.o(i.printf1)
    printf2                                  0x0800227d   Thumb Code    64  uart1.o(i.printf2)
    printf3                                  0x080022bd   Thumb Code    64  uart1.o(i.printf3)
    pvPortMalloc                             0x080029b1   Thumb Code   234  heap_4.o(i.pvPortMalloc)
    pvTaskIncrementMutexHeldCount            0x08002ab1   Thumb Code    14  tasks.o(i.pvTaskIncrementMutexHeldCount)
    pxPortInitialiseStack                    0x08002ac5   Thumb Code    30  port.o(i.pxPortInitialiseStack)
    task1                                    0x08002ae9   Thumb Code   242  main.o(i.task1)
    task2                                    0x08002c55   Thumb Code   612  main.o(i.task2)
    task3                                    0x080031a1   Thumb Code   214  main.o(i.task3)
    taskADC                                  0x080032f5   Thumb Code    46  main.o(i.taskADC)
    uxListRemove                             0x0800334d   Thumb Code    40  list.o(i.uxListRemove)
    uxTaskGetNumberOfTasks                   0x08003375   Thumb Code     6  tasks.o(i.uxTaskGetNumberOfTasks)
    vListInitialise                          0x08003381   Thumb Code    26  list.o(i.vListInitialise)
    vListInitialiseItem                      0x0800339b   Thumb Code     6  list.o(i.vListInitialiseItem)
    vListInsert                              0x080033a1   Thumb Code    52  list.o(i.vListInsert)
    vPortEnterCritical                       0x080033d5   Thumb Code    30  port.o(i.vPortEnterCritical)
    vPortExitCritical                        0x080033f9   Thumb Code    28  port.o(i.vPortExitCritical)
    vPortFree                                0x08003419   Thumb Code    68  heap_4.o(i.vPortFree)
    vPortSetupTimerInterrupt                 0x08003465   Thumb Code    20  port.o(i.vPortSetupTimerInterrupt)
    vTaskDelay                               0x0800347d   Thumb Code    46  tasks.o(i.vTaskDelay)
    vTaskInternalSetTimeOutState             0x080034b1   Thumb Code    14  tasks.o(i.vTaskInternalSetTimeOutState)
    vTaskMissedYield                         0x080034c9   Thumb Code     8  tasks.o(i.vTaskMissedYield)
    vTaskPlaceOnEventList                    0x080034d5   Thumb Code    28  tasks.o(i.vTaskPlaceOnEventList)
    vTaskPriorityDisinheritAfterTimeout      0x080034f5   Thumb Code   210  tasks.o(i.vTaskPriorityDisinheritAfterTimeout)
    vTaskStartScheduler                      0x080035d1   Thumb Code    60  tasks.o(i.vTaskStartScheduler)
    vTaskSuspendAll                          0x0800361d   Thumb Code    12  tasks.o(i.vTaskSuspendAll)
    vTaskSwitchContext                       0x0800362d   Thumb Code    84  tasks.o(i.vTaskSwitchContext)
    waitForResponse                          0x08003695   Thumb Code    64  main.o(i.waitForResponse)
    xPortStartScheduler                      0x080036f9   Thumb Code    42  port.o(i.xPortStartScheduler)
    xQueueCreateMutex                        0x0800372d   Thumb Code    34  queue.o(i.xQueueCreateMutex)
    xQueueGenericCreate                      0x0800374f   Thumb Code    76  queue.o(i.xQueueGenericCreate)
    xQueueGenericReset                       0x0800379d   Thumb Code   156  queue.o(i.xQueueGenericReset)
    xQueueGenericSend                        0x0800383d   Thumb Code   276  queue.o(i.xQueueGenericSend)
    xQueueGenericSendFromISR                 0x08003955   Thumb Code   154  queue.o(i.xQueueGenericSendFromISR)
    xQueueReceive                            0x080039f1   Thumb Code   256  queue.o(i.xQueueReceive)
    xQueueSemaphoreTake                      0x08003af5   Thumb Code   300  queue.o(i.xQueueSemaphoreTake)
    xTaskCheckForTimeOut                     0x08003c25   Thumb Code    88  tasks.o(i.xTaskCheckForTimeOut)
    xTaskCreate                              0x08003c85   Thumb Code    56  tasks.o(i.xTaskCreate)
    xTaskGenericNotify                       0x08003cbd   Thumb Code   330  tasks.o(i.xTaskGenericNotify)
    xTaskGenericNotifyWait                   0x08003e19   Thumb Code   198  tasks.o(i.xTaskGenericNotifyWait)
    xTaskIncrementTick                       0x08003ee9   Thumb Code   372  tasks.o(i.xTaskIncrementTick)
    xTaskPriorityDisinherit                  0x08004089   Thumb Code   170  tasks.o(i.xTaskPriorityDisinherit)
    xTaskPriorityInherit                     0x0800413d   Thumb Code   230  tasks.o(i.xTaskPriorityInherit)
    xTaskRemoveFromEventList                 0x08004231   Thumb Code   256  tasks.o(i.xTaskRemoveFromEventList)
    xTaskResumeAll                           0x08004349   Thumb Code   344  tasks.o(i.xTaskResumeAll)
    OLED_F8x16                               0x080044c4   Data        1520  oled.o(.constdata)
    Region$$Table$$Base                      0x08004b30   Number         0  anon$$obj.o(Region$$Table)
    Region$$Table$$Limit                     0x08004b50   Number         0  anon$$obj.o(Region$$Table)
    pxCurrentTCB                             0x20000034   Data           4  tasks.o(.data)
    USART3_RxQueue                           0x20000074   Data           4  uart1.o(.data)
    USART1_RxQueue                           0x20000078   Data           4  uart1.o(.data)
    USART2_RxQueue                           0x2000007c   Data           4  uart1.o(.data)
    task2Handle                              0x20000080   Data           4  main.o(.data)
    task1Handle                              0x20000084   Data           4  main.o(.data)
    task3Handle                              0x20000088   Data           4  main.o(.data)
    taskADCHandle                            0x2000008c   Data           4  main.o(.data)
    ESP01sResponseQueue                      0x20000090   Data           4  main.o(.data)
    xMutex                                   0x20000094   Data           4  main.o(.data)
    buf                                      0x20004564   Data         100  main.o(.bss)
    buf2                                     0x200045c8   Data         100  main.o(.bss)
    sensorData                               0x2000462c   Data         100  main.o(.bss)
    tokenArray                               0x20004690   Data          40  main.o(.bss)
    __initial_sp                             0x20004ab8   Data           0  startup_stm32f10x_md.o(STACK)



==============================================================================

Memory Map of the image

  Image Entry point : 0x080000ed

  Load Region LR_IROM1 (Base: 0x08000000, Size: 0x00004bec, Max: 0x00010000, ABSOLUTE)

    Execution Region ER_IROM1 (Exec base: 0x08000000, Load base: 0x08000000, Size: 0x00004b50, Max: 0x00010000, ABSOLUTE)

    Exec Addr    Load Addr    Size         Type   Attr      Idx    E Section Name        Object

    0x08000000   0x08000000   0x000000ec   Data   RO           19    RESET               startup_stm32f10x_md.o
    0x080000ec   0x080000ec   0x00000000   Code   RO         4640  * .ARM.Collect$$$$00000000  mc_w.l(entry.o)
    0x080000ec   0x080000ec   0x00000004   Code   RO         4930    .ARM.Collect$$$$00000001  mc_w.l(entry2.o)
    0x080000f0   0x080000f0   0x00000004   Code   RO         4933    .ARM.Collect$$$$00000004  mc_w.l(entry5.o)
    0x080000f4   0x080000f4   0x00000000   Code   RO         4935    .ARM.Collect$$$$00000008  mc_w.l(entry7b.o)
    0x080000f4   0x080000f4   0x00000000   Code   RO         4937    .ARM.Collect$$$$0000000A  mc_w.l(entry8b.o)
    0x080000f4   0x080000f4   0x00000008   Code   RO         4938    .ARM.Collect$$$$0000000B  mc_w.l(entry9a.o)
    0x080000fc   0x080000fc   0x00000004   Code   RO         4945    .ARM.Collect$$$$0000000E  mc_w.l(entry12b.o)
    0x08000100   0x08000100   0x00000000   Code   RO         4940    .ARM.Collect$$$$0000000F  mc_w.l(entry10a.o)
    0x08000100   0x08000100   0x00000000   Code   RO         4942    .ARM.Collect$$$$00000011  mc_w.l(entry11a.o)
    0x08000100   0x08000100   0x00000004   Code   RO         4931    .ARM.Collect$$$$00002712  mc_w.l(entry2.o)
    0x08000104   0x08000104   0x00000096   Code   RO         3481    .emb_text           port.o
    0x0800019a   0x0800019a   0x00000002   PAD
    0x0800019c   0x0800019c   0x00000024   Code   RO           20    .text               startup_stm32f10x_md.o
    0x080001c0   0x080001c0   0x00000062   Code   RO         4643    .text               mc_w.l(uldiv.o)
    0x08000222   0x08000222   0x00000024   Code   RO         4645    .text               mc_w.l(memcpya.o)
    0x08000246   0x08000246   0x00000024   Code   RO         4647    .text               mc_w.l(memseta.o)
    0x0800026a   0x0800026a   0x00000024   Code   RO         4649    .text               mc_w.l(strstr.o)
    0x0800028e   0x0800028e   0x00000018   Code   RO         4651    .text               mc_w.l(strncpy.o)
    0x080002a6   0x080002a6   0x00000002   PAD
    0x080002a8   0x080002a8   0x00000044   Code   RO         4653    .text               mc_w.l(strtok.o)
    0x080002ec   0x080002ec   0x0000014e   Code   RO         4922    .text               mf_w.l(dadd.o)
    0x0800043a   0x0800043a   0x000000e4   Code   RO         4924    .text               mf_w.l(dmul.o)
    0x0800051e   0x0800051e   0x0000002c   Code   RO         4949    .text               mc_w.l(uidiv.o)
    0x0800054a   0x0800054a   0x0000001e   Code   RO         4951    .text               mc_w.l(llshl.o)
    0x08000568   0x08000568   0x00000020   Code   RO         4953    .text               mc_w.l(llushr.o)
    0x08000588   0x08000588   0x00000024   Code   RO         4955    .text               mc_w.l(llsshr.o)
    0x080005ac   0x080005ac   0x00000000   Code   RO         4957    .text               mc_w.l(iusefp.o)
    0x080005ac   0x080005ac   0x000000ba   Code   RO         4958    .text               mf_w.l(depilogue.o)
    0x08000666   0x08000666   0x000000de   Code   RO         4960    .text               mf_w.l(ddiv.o)
    0x08000744   0x08000744   0x00000030   Code   RO         4962    .text               mf_w.l(dfixul.o)
    0x08000774   0x08000774   0x00000030   Code   RO         4964    .text               mf_w.l(cdrcmple.o)
    0x080007a4   0x080007a4   0x00000024   Code   RO         4966    .text               mc_w.l(init.o)
    0x080007c8   0x080007c8   0x00000016   Code   RO          202    i.ADC_Cmd           stm32f10x_adc.o
    0x080007de   0x080007de   0x00000014   Code   RO          210    i.ADC_GetCalibrationStatus  stm32f10x_adc.o
    0x080007f2   0x080007f2   0x00000008   Code   RO          211    i.ADC_GetConversionValue  stm32f10x_adc.o
    0x080007fa   0x080007fa   0x00000012   Code   RO          213    i.ADC_GetFlagStatus  stm32f10x_adc.o
    0x0800080c   0x0800080c   0x00000014   Code   RO          216    i.ADC_GetResetCalibrationStatus  stm32f10x_adc.o
    0x08000820   0x08000820   0x00000050   Code   RO          220    i.ADC_Init          stm32f10x_adc.o
    0x08000870   0x08000870   0x00000026   Code   RO         4564    i.ADC_Monitor_Task  main.o
    0x08000896   0x08000896   0x000000b8   Code   RO          224    i.ADC_RegularChannelConfig  stm32f10x_adc.o
    0x0800094e   0x0800094e   0x0000000a   Code   RO          225    i.ADC_ResetCalibration  stm32f10x_adc.o
    0x08000958   0x08000958   0x00000016   Code   RO          227    i.ADC_SoftwareStartConvCmd  stm32f10x_adc.o
    0x0800096e   0x0800096e   0x0000000a   Code   RO          229    i.ADC_StartCalibration  stm32f10x_adc.o
    0x08000978   0x08000978   0x00000034   Code   RO         4239    i.AD_GetValue       uart1.o
    0x080009ac   0x080009ac   0x00000094   Code   RO         4240    i.AD_Init           uart1.o
    0x08000a40   0x08000a40   0x00000004   Code   RO         1665    i.BusFault_Handler  stm32f10x_it.o
    0x08000a44   0x08000a44   0x00000058   Code   RO         4241    i.Buzzer_Beep       uart1.o
    0x08000a9c   0x08000a9c   0x00000040   Code   RO         4242    i.Buzzer_Init       uart1.o
    0x08000adc   0x08000adc   0x00000002   Code   RO         1666    i.DebugMon_Handler  stm32f10x_it.o
    0x08000ade   0x08000ade   0x00000116   Code   RO         1347    i.GPIO_Init         stm32f10x_gpio.o
    0x08000bf4   0x08000bf4   0x00000012   Code   RO         1351    i.GPIO_ReadInputDataBit  stm32f10x_gpio.o
    0x08000c06   0x08000c06   0x00000004   Code   RO         1354    i.GPIO_ResetBits    stm32f10x_gpio.o
    0x08000c0a   0x08000c0a   0x00000004   Code   RO         1355    i.GPIO_SetBits      stm32f10x_gpio.o
    0x08000c0e   0x08000c0e   0x0000000a   Code   RO         1358    i.GPIO_WriteBit     stm32f10x_gpio.o
    0x08000c18   0x08000c18   0x00000004   Code   RO         1667    i.HardFault_Handler  stm32f10x_it.o
    0x08000c1c   0x08000c1c   0x00000004   Code   RO         1668    i.MemManage_Handler  stm32f10x_it.o
    0x08000c20   0x08000c20   0x00000002   Code   RO         1669    i.NMI_Handler       stm32f10x_it.o
    0x08000c22   0x08000c22   0x00000002   PAD
    0x08000c24   0x08000c24   0x00000070   Code   RO          137    i.NVIC_Init         misc.o
    0x08000c94   0x08000c94   0x00000058   Code   RO         4243    i.NVIC_Init1        uart1.o
    0x08000cec   0x08000cec   0x00000058   Code   RO         4244    i.NVIC_Init2        uart1.o
    0x08000d44   0x08000d44   0x00000058   Code   RO         4245    i.NVIC_Init3        uart1.o
    0x08000d9c   0x08000d9c   0x0000002a   Code   RO         4454    i.OLED_Clear        oled.o
    0x08000dc6   0x08000dc6   0x00000002   PAD
    0x08000dc8   0x08000dc8   0x0000004c   Code   RO         4455    i.OLED_I2C_Init     oled.o
    0x08000e14   0x08000e14   0x00000058   Code   RO         4456    i.OLED_I2C_SendByte  oled.o
    0x08000e6c   0x08000e6c   0x00000030   Code   RO         4457    i.OLED_I2C_Start    oled.o
    0x08000e9c   0x08000e9c   0x00000028   Code   RO         4458    i.OLED_I2C_Stop     oled.o
    0x08000ec4   0x08000ec4   0x000000ae   Code   RO         4459    i.OLED_Init         oled.o
    0x08000f72   0x08000f72   0x00000022   Code   RO         4461    i.OLED_SetCursor    oled.o
    0x08000f94   0x08000f94   0x00000074   Code   RO         4463    i.OLED_ShowChar     oled.o
    0x08001008   0x08001008   0x00000040   Code   RO         4467    i.OLED_ShowString   oled.o
    0x08001048   0x08001048   0x00000020   Code   RO         4469    i.OLED_WriteCommand  oled.o
    0x08001068   0x08001068   0x00000020   Code   RO         4470    i.OLED_WriteData    oled.o
    0x08001088   0x08001088   0x00000018   Code   RO         1818    i.RCC_ADCCLKConfig  stm32f10x_rcc.o
    0x080010a0   0x080010a0   0x00000020   Code   RO         1820    i.RCC_APB1PeriphClockCmd  stm32f10x_rcc.o
    0x080010c0   0x080010c0   0x00000020   Code   RO         1822    i.RCC_APB2PeriphClockCmd  stm32f10x_rcc.o
    0x080010e0   0x080010e0   0x000000d4   Code   RO         1830    i.RCC_GetClocksFreq  stm32f10x_rcc.o
    0x080011b4   0x080011b4   0x00000008   Code   RO           24    i.SetSysClock       system_stm32f10x.o
    0x080011bc   0x080011bc   0x000000e0   Code   RO           25    i.SetSysClockTo72   system_stm32f10x.o
    0x0800129c   0x0800129c   0x00000034   Code   RO         3482    i.SysTick_Handler   port.o
    0x080012d0   0x080012d0   0x00000060   Code   RO           27    i.SystemInit        system_stm32f10x.o
    0x08001330   0x08001330   0x00000040   Code   RO         4246    i.USART1_IRQHandler  uart1.o
    0x08001370   0x08001370   0x00000088   Code   RO         4247    i.USART1_Init       uart1.o
    0x080013f8   0x080013f8   0x00000020   Code   RO         4248    i.USART1_SendByte   uart1.o
    0x08001418   0x08001418   0x00000040   Code   RO         4249    i.USART2_IRQHandler  uart1.o
    0x08001458   0x08001458   0x00000084   Code   RO         4250    i.USART2_Init       uart1.o
    0x080014dc   0x080014dc   0x00000020   Code   RO         4251    i.USART2_SendByte   uart1.o
    0x080014fc   0x080014fc   0x00000040   Code   RO         4252    i.USART3_IRQHandler  uart1.o
    0x0800153c   0x0800153c   0x00000088   Code   RO         4253    i.USART3_Init       uart1.o
    0x080015c4   0x080015c4   0x00000020   Code   RO         4254    i.USART3_SendByte   uart1.o
    0x080015e4   0x080015e4   0x0000001e   Code   RO         3002    i.USART_ClearITPendingBit  stm32f10x_usart.o
    0x08001602   0x08001602   0x00000018   Code   RO         3005    i.USART_Cmd         stm32f10x_usart.o
    0x0800161a   0x0800161a   0x0000001a   Code   RO         3008    i.USART_GetFlagStatus  stm32f10x_usart.o
    0x08001634   0x08001634   0x00000054   Code   RO         3009    i.USART_GetITStatus  stm32f10x_usart.o
    0x08001688   0x08001688   0x0000004a   Code   RO         3011    i.USART_ITConfig    stm32f10x_usart.o
    0x080016d2   0x080016d2   0x00000002   PAD
    0x080016d4   0x080016d4   0x000000d8   Code   RO         3012    i.USART_Init        stm32f10x_usart.o
    0x080017ac   0x080017ac   0x0000000a   Code   RO         3019    i.USART_ReceiveData  stm32f10x_usart.o
    0x080017b6   0x080017b6   0x00000008   Code   RO         3022    i.USART_SendData    stm32f10x_usart.o
    0x080017be   0x080017be   0x00000004   Code   RO         1670    i.UsageFault_Handler  stm32f10x_it.o
    0x080017c2   0x080017c2   0x00000002   PAD
    0x080017c4   0x080017c4   0x00000028   Code   RO         4896    i.__0sprintf        mc_w.l(printfa.o)
    0x080017ec   0x080017ec   0x00000024   Code   RO         4900    i.__0vsprintf       mc_w.l(printfa.o)
    0x08001810   0x08001810   0x0000000e   Code   RO         4972    i.__scatterload_copy  mc_w.l(handlers.o)
    0x0800181e   0x0800181e   0x00000002   Code   RO         4973    i.__scatterload_null  mc_w.l(handlers.o)
    0x08001820   0x08001820   0x0000000e   Code   RO         4974    i.__scatterload_zeroinit  mc_w.l(handlers.o)
    0x0800182e   0x0800182e   0x00000002   PAD
    0x08001830   0x08001830   0x00000184   Code   RO         4901    i._fp_digits        mc_w.l(printfa.o)
    0x080019b4   0x080019b4   0x000006b4   Code   RO         4902    i._printf_core      mc_w.l(printfa.o)
    0x08002068   0x08002068   0x00000024   Code   RO         4903    i._printf_post_padding  mc_w.l(printfa.o)
    0x0800208c   0x0800208c   0x0000002e   Code   RO         4904    i._printf_pre_padding  mc_w.l(printfa.o)
    0x080020ba   0x080020ba   0x0000000a   Code   RO         4906    i._sputc            mc_w.l(printfa.o)
    0x080020c4   0x080020c4   0x0000003c   Code   RO         4255    i.getMSG            uart1.o
    0x08002100   0x08002100   0x0000013c   Code   RO         4565    i.main              main.o
    0x0800223c   0x0800223c   0x00000040   Code   RO         4256    i.printf1           uart1.o
    0x0800227c   0x0800227c   0x00000040   Code   RO         4257    i.printf2           uart1.o
    0x080022bc   0x080022bc   0x00000040   Code   RO         4258    i.printf3           uart1.o
    0x080022fc   0x080022fc   0x000000cc   Code   RO         3875    i.prvAddCurrentTaskToDelayedList  tasks.o
    0x080023c8   0x080023c8   0x000000f0   Code   RO         3876    i.prvAddNewTaskToReadyList  tasks.o
    0x080024b8   0x080024b8   0x00000048   Code   RO         3877    i.prvCheckTasksWaitingTermination  tasks.o
    0x08002500   0x08002500   0x0000002a   Code   RO         3552    i.prvCopyDataFromQueue  queue.o
    0x0800252a   0x0800252a   0x0000007e   Code   RO         3553    i.prvCopyDataToQueue  queue.o
    0x080025a8   0x080025a8   0x00000068   Code   RO         3878    i.prvCreateIdleTasks  tasks.o
    0x08002610   0x08002610   0x0000005a   Code   RO         3879    i.prvCreateTask     tasks.o
    0x0800266a   0x0800266a   0x00000012   Code   RO         3880    i.prvDeleteTCB      tasks.o
    0x0800267c   0x0800267c   0x00000014   Code   RO         3554    i.prvGetDisinheritPriorityAfterTimeout  queue.o
    0x08002690   0x08002690   0x0000006c   Code   RO         3372    i.prvHeapInit       heap_4.o
    0x080026fc   0x080026fc   0x00000028   Code   RO         3881    i.prvIdleTask       tasks.o
    0x08002724   0x08002724   0x0000001e   Code   RO         3555    i.prvInitialiseMutex  queue.o
    0x08002742   0x08002742   0x00000026   Code   RO         3556    i.prvInitialiseNewQueue  queue.o
    0x08002768   0x08002768   0x0000007c   Code   RO         3882    i.prvInitialiseNewTask  tasks.o
    0x080027e4   0x080027e4   0x00000068   Code   RO         3883    i.prvInitialiseTaskLists  tasks.o
    0x0800284c   0x0800284c   0x00000068   Code   RO         3373    i.prvInsertBlockIntoFreeList  heap_4.o
    0x080028b4   0x080028b4   0x0000001a   Code   RO         3557    i.prvIsQueueEmpty   queue.o
    0x080028ce   0x080028ce   0x0000001e   Code   RO         3558    i.prvIsQueueFull    queue.o
    0x080028ec   0x080028ec   0x00000030   Code   RO         3884    i.prvResetNextTaskUnblockTime  tasks.o
    0x0800291c   0x0800291c   0x00000016   Code   RO         3483    i.prvTaskExitError  port.o
    0x08002932   0x08002932   0x0000007e   Code   RO         3559    i.prvUnlockQueue    queue.o
    0x080029b0   0x080029b0   0x00000100   Code   RO         3375    i.pvPortMalloc      heap_4.o
    0x08002ab0   0x08002ab0   0x00000014   Code   RO         3886    i.pvTaskIncrementMutexHeldCount  tasks.o
    0x08002ac4   0x08002ac4   0x00000024   Code   RO         3484    i.pxPortInitialiseStack  port.o
    0x08002ae8   0x08002ae8   0x0000016c   Code   RO         4566    i.task1             main.o
    0x08002c54   0x08002c54   0x0000054c   Code   RO         4567    i.task2             main.o
    0x080031a0   0x080031a0   0x00000154   Code   RO         4568    i.task3             main.o
    0x080032f4   0x080032f4   0x00000058   Code   RO         4569    i.taskADC           main.o
    0x0800334c   0x0800334c   0x00000028   Code   RO         3445    i.uxListRemove      list.o
    0x08003374   0x08003374   0x0000000c   Code   RO         3891    i.uxTaskGetNumberOfTasks  tasks.o
    0x08003380   0x08003380   0x0000001a   Code   RO         3446    i.vListInitialise   list.o
    0x0800339a   0x0800339a   0x00000006   Code   RO         3447    i.vListInitialiseItem  list.o
    0x080033a0   0x080033a0   0x00000034   Code   RO         3448    i.vListInsert       list.o
    0x080033d4   0x080033d4   0x00000024   Code   RO         3486    i.vPortEnterCritical  port.o
    0x080033f8   0x080033f8   0x00000020   Code   RO         3487    i.vPortExitCritical  port.o
    0x08003418   0x08003418   0x0000004c   Code   RO         3376    i.vPortFree         heap_4.o
    0x08003464   0x08003464   0x00000018   Code   RO         3488    i.vPortSetupTimerInterrupt  port.o
    0x0800347c   0x0800347c   0x00000034   Code   RO         3895    i.vTaskDelay        tasks.o
    0x080034b0   0x080034b0   0x00000018   Code   RO         3899    i.vTaskInternalSetTimeOutState  tasks.o
    0x080034c8   0x080034c8   0x0000000c   Code   RO         3900    i.vTaskMissedYield  tasks.o
    0x080034d4   0x080034d4   0x00000020   Code   RO         3901    i.vTaskPlaceOnEventList  tasks.o
    0x080034f4   0x080034f4   0x000000dc   Code   RO         3903    i.vTaskPriorityDisinheritAfterTimeout  tasks.o
    0x080035d0   0x080035d0   0x0000004c   Code   RO         3909    i.vTaskStartScheduler  tasks.o
    0x0800361c   0x0800361c   0x00000010   Code   RO         3911    i.vTaskSuspendAll   tasks.o
    0x0800362c   0x0800362c   0x00000068   Code   RO         3912    i.vTaskSwitchContext  tasks.o
    0x08003694   0x08003694   0x00000064   Code   RO         4570    i.waitForResponse   main.o
    0x080036f8   0x080036f8   0x00000034   Code   RO         3489    i.xPortStartScheduler  port.o
    0x0800372c   0x0800372c   0x00000022   Code   RO         3566    i.xQueueCreateMutex  queue.o
    0x0800374e   0x0800374e   0x0000004c   Code   RO         3567    i.xQueueGenericCreate  queue.o
    0x0800379a   0x0800379a   0x00000002   PAD
    0x0800379c   0x0800379c   0x000000a0   Code   RO         3568    i.xQueueGenericReset  queue.o
    0x0800383c   0x0800383c   0x00000118   Code   RO         3569    i.xQueueGenericSend  queue.o
    0x08003954   0x08003954   0x0000009a   Code   RO         3570    i.xQueueGenericSendFromISR  queue.o
    0x080039ee   0x080039ee   0x00000002   PAD
    0x080039f0   0x080039f0   0x00000104   Code   RO         3576    i.xQueueReceive     queue.o
    0x08003af4   0x08003af4   0x00000130   Code   RO         3578    i.xQueueSemaphoreTake  queue.o
    0x08003c24   0x08003c24   0x00000060   Code   RO         3914    i.xTaskCheckForTimeOut  tasks.o
    0x08003c84   0x08003c84   0x00000038   Code   RO         3915    i.xTaskCreate       tasks.o
    0x08003cbc   0x08003cbc   0x0000015c   Code   RO         3917    i.xTaskGenericNotify  tasks.o
    0x08003e18   0x08003e18   0x000000d0   Code   RO         3920    i.xTaskGenericNotifyWait  tasks.o
    0x08003ee8   0x08003ee8   0x000001a0   Code   RO         3925    i.xTaskIncrementTick  tasks.o
    0x08004088   0x08004088   0x000000b4   Code   RO         3926    i.xTaskPriorityDisinherit  tasks.o
    0x0800413c   0x0800413c   0x000000f4   Code   RO         3927    i.xTaskPriorityInherit  tasks.o
    0x08004230   0x08004230   0x00000118   Code   RO         3928    i.xTaskRemoveFromEventList  tasks.o
    0x08004348   0x08004348   0x0000017c   Code   RO         3929    i.xTaskResumeAll    tasks.o
    0x080044c4   0x080044c4   0x000005f0   Data   RO         4471    .constdata          oled.o
    0x08004ab4   0x08004ab4   0x00000079   Data   RO         4572    .constdata          main.o
    0x08004b2d   0x08004b2d   0x00000003   PAD
    0x08004b30   0x08004b30   0x00000020   Data   RO         4970    Region$$Table       anon$$obj.o


    Execution Region RW_IRAM1 (Exec base: 0x20000000, Load base: 0x08004b50, Size: 0x00004ab8, Max: 0x00005000, ABSOLUTE)

    Exec Addr    Load Addr    Size         Type   Attr      Idx    E Section Name        Object

    0x20000000   0x08004b50   0x00000014   Data   RW         1850    .data               stm32f10x_rcc.o
    0x20000014   0x08004b64   0x0000001c   Data   RW         3383    .data               heap_4.o
    0x20000030   0x08004b80   0x00000004   Data   RW         3490    .data               port.o
    0x20000034   0x08004b84   0x00000040   Data   RW         3932    .data               tasks.o
    0x20000074   0x08004bc4   0x0000000c   Data   RW         4259    .data               uart1.o
    0x20000080   0x08004bd0   0x00000018   Data   RW         4573    .data               main.o
    0x20000098   0x08004be8   0x00000004   Data   RW         4654    .data               mc_w.l(strtok.o)
    0x2000009c        -       0x00004400   Zero   RW         3382    .bss                heap_4.o
    0x2000449c        -       0x000000c8   Zero   RW         3931    .bss                tasks.o
    0x20004564        -       0x00000154   Zero   RW         4571    .bss                main.o
    0x200046b8        -       0x00000400   Zero   RW           17    STACK               startup_stm32f10x_md.o


==============================================================================

Image component sizes


      Code (inc. data)   RO Data    RW Data    ZI Data      Debug   Object Name

         0          0          0          0          0       4532   core_cm3.o
         0          0          0          0          0       8496   croutine.o
         0          0          0          0          0      15172   event_groups.o
       544         58          0         28      17408       4591   heap_4.o
       124          0          0          0          0       2429   list.o
      2602       1194        121         24        340       5692   main.o
       112         12          0          0          0     213188   misc.o
       746         26       1520          0          0       5976   oled.o
       404         48          0          4          0       8440   port.o
      1706         16          0          0          0      15576   queue.o
        36          8        236          0       1024        772   startup_stm32f10x_md.o
       394         10          0          0          0      17989   stm32f10x_adc.o
       314          0          0          0          0      12164   stm32f10x_gpio.o
        20          0          0          0          0       2405   stm32f10x_it.o
       300         38          0         20          0      13321   stm32f10x_rcc.o
       472          6          0          0          0      12231   stm32f10x_usart.o
       328         28          0          0          0      24801   system_stm32f10x.o
      3820        394          0         64        200      36735   tasks.o
      1560        158          0         12          0      27021   uart1.o

    ----------------------------------------------------------------------
     13496       1996       1912        152      18972     431531   Object Totals
         0          0         32          0          0          0   (incl. Generated)
        14          0          3          0          0          0   (incl. Padding)

    ----------------------------------------------------------------------

      Code (inc. data)   RO Data    RW Data    ZI Data      Debug   Library Member Name

         0          0          0          0          0          0   entry.o
         0          0          0          0          0          0   entry10a.o
         0          0          0          0          0          0   entry11a.o
         4          0          0          0          0          0   entry12b.o
         8          4          0          0          0          0   entry2.o
         4          0          0          0          0          0   entry5.o
         0          0          0          0          0          0   entry7b.o
         0          0          0          0          0          0   entry8b.o
         8          4          0          0          0          0   entry9a.o
        30          0          0          0          0          0   handlers.o
        36          8          0          0          0         68   init.o
         0          0          0          0          0          0   iusefp.o
        30          0          0          0          0         68   llshl.o
        36          0          0          0          0         68   llsshr.o
        32          0          0          0          0         68   llushr.o
        36          0          0          0          0         68   memcpya.o
        36          0          0          0          0        108   memseta.o
      2272         92          0          0          0        612   printfa.o
        24          0          0          0          0         76   strncpy.o
        36          0          0          0          0         80   strstr.o
        68          6          0          4          0         80   strtok.o
        44          0          0          0          0         80   uidiv.o
        98          0          0          0          0         92   uldiv.o
        48          0          0          0          0         68   cdrcmple.o
       334          0          0          0          0        148   dadd.o
       222          0          0          0          0        100   ddiv.o
       186          0          0          0          0        176   depilogue.o
        48          0          0          0          0         68   dfixul.o
       228          0          0          0          0         96   dmul.o

    ----------------------------------------------------------------------
      3872        114          0          4          0       2124   Library Totals
         4          0          0          0          0          0   (incl. Padding)

    ----------------------------------------------------------------------

      Code (inc. data)   RO Data    RW Data    ZI Data      Debug   Library Name

      2802        114          0          4          0       1468   mc_w.l
      1066          0          0          0          0        656   mf_w.l

    ----------------------------------------------------------------------
      3872        114          0          4          0       2124   Library Totals

    ----------------------------------------------------------------------

==============================================================================


      Code (inc. data)   RO Data    RW Data    ZI Data      Debug   

     17368       2110       1912        156      18972     425851   Grand Totals
     17368       2110       1912        156      18972     425851   ELF Image Totals
     17368       2110       1912        156          0          0   ROM Totals

==============================================================================

    Total RO  Size (Code + RO Data)                19280 (  18.83kB)
    Total RW  Size (RW Data + ZI Data)             19128 (  18.68kB)
    Total ROM Size (Code + RO Data + RW Data)      19436 (  18.98kB)

==============================================================================

